

================================================================
== Vitis HLS Report for 'kernel_Loop_VITIS_LOOP_82_3_proc8'
================================================================
* Date:           Mon Sep 11 06:37:23 2023

* Version:        2022.2 (Build 3670227 on Oct 13 2022)
* Project:        alveo_hls4ml
* Solution:       solution (Vitis Kernel Flow Target)
* Product family: virtexuplus
* Target device:  xcu55c-fsvh2892-2L-e


================================================================
== Performance Estimates
================================================================
+ Timing: 
    * Summary: 
    +--------+---------+----------+------------+
    |  Clock |  Target | Estimated| Uncertainty|
    +--------+---------+----------+------------+
    |ap_clk  |  4.00 ns|  2.639 ns|     1.08 ns|
    +--------+---------+----------+------------+

+ Latency: 
    * Summary: 
    +---------+---------+----------+----------+-------+-------+---------+
    |  Latency (cycles) |  Latency (absolute) |    Interval   | Pipeline|
    |   min   |   max   |    min   |    max   |  min  |  max  |   Type  |
    +---------+---------+----------+----------+-------+-------+---------+
    |    37378|    37378|  0.150 ms|  0.150 ms|  37378|  37378|       no|
    +---------+---------+----------+----------+-------+-------+---------+

    + Detail: 
        * Instance: 
        N/A

        * Loop: 
        +-------------------+---------+---------+----------+-----------+-----------+-------+----------+
        |                   |  Latency (cycles) | Iteration|  Initiation Interval  |  Trip |          |
        |     Loop Name     |   min   |   max   |  Latency |  achieved |   target  | Count | Pipelined|
        +-------------------+---------+---------+----------+-----------+-----------+-------+----------+
        |- VITIS_LOOP_82_3  |    37376|    37376|         2|          1|          1|  37376|       yes|
        +-------------------+---------+---------+----------+-----------+-----------+-------+----------+



================================================================
== Utilization Estimates
================================================================
* Summary: 
+---------------------+---------+------+---------+---------+-----+
|         Name        | BRAM_18K|  DSP |    FF   |   LUT   | URAM|
+---------------------+---------+------+---------+---------+-----+
|DSP                  |        -|     -|        -|        -|    -|
|Expression           |        -|     -|        0|       44|    -|
|FIFO                 |        -|     -|        -|        -|    -|
|Instance             |        -|     -|        -|        -|    -|
|Memory               |        -|     -|        -|        -|    -|
|Multiplexer          |        -|     -|        -|       54|    -|
|Register             |        -|     -|       19|        -|    -|
+---------------------+---------+------+---------+---------+-----+
|Total                |        0|     0|       19|       98|    0|
+---------------------+---------+------+---------+---------+-----+
|Available SLR        |     1344|  3008|   869120|   434560|  320|
+---------------------+---------+------+---------+---------+-----+
|Utilization SLR (%)  |        0|     0|       ~0|       ~0|    0|
+---------------------+---------+------+---------+---------+-----+
|Available            |     4032|  9024|  2607360|  1303680|  960|
+---------------------+---------+------+---------+---------+-----+
|Utilization (%)      |        0|     0|       ~0|       ~0|    0|
+---------------------+---------+------+---------+---------+-----+

+ Detail: 
    * Instance: 
    N/A

    * DSP: 
    N/A

    * Memory: 
    N/A

    * FIFO: 
    N/A

    * Expression: 
    +----------------------------------+----------+----+---+----+------------+------------+
    |           Variable Name          | Operation| DSP| FF| LUT| Bitwidth P0| Bitwidth P1|
    +----------------------------------+----------+----+---+----+------------+------------+
    |add_ln82_fu_76_p2                 |         +|   0|  0|  23|          16|           1|
    |ap_condition_87                   |       and|   0|  0|   2|           1|           1|
    |icmp_ln82_fu_70_p2                |      icmp|   0|  0|  13|          16|          16|
    |ap_block_pp0_stage0_01001         |        or|   0|  0|   2|           1|           1|
    |ap_block_state2_pp0_stage0_iter1  |        or|   0|  0|   2|           1|           1|
    |ap_enable_pp0                     |       xor|   0|  0|   2|           1|           2|
    +----------------------------------+----------+----+---+----+------------+------------+
    |Total                             |          |   0|  0|  44|          36|          22|
    +----------------------------------+----------+----+---+----+------------+------------+

    * Multiplexer: 
    +-------------------------+----+-----------+-----+-----------+
    |           Name          | LUT| Input Size| Bits| Total Bits|
    +-------------------------+----+-----------+-----+-----------+
    |ap_done_int              |   9|          2|    1|          2|
    |ap_enable_reg_pp0_iter1  |   9|          2|    1|          2|
    |ap_sig_allocacmp_i0_1    |   9|          2|   16|         32|
    |i0_fu_44                 |   9|          2|   16|         32|
    |in_bigbuf_V_blk_n        |   9|          2|    1|          2|
    |in_buf1_blk_n            |   9|          2|    1|          2|
    +-------------------------+----+-----------+-----+-----------+
    |Total                    |  54|         12|   36|         72|
    +-------------------------+----+-----------+-----+-----------+

    * Register: 
    +-------------------------+----+----+-----+-----------+
    |           Name          | FF | LUT| Bits| Const Bits|
    +-------------------------+----+----+-----+-----------+
    |ap_CS_fsm                |   1|   0|    1|          0|
    |ap_done_reg              |   1|   0|    1|          0|
    |ap_enable_reg_pp0_iter1  |   1|   0|    1|          0|
    |i0_fu_44                 |  16|   0|   16|          0|
    +-------------------------+----+----+-----+-----------+
    |Total                    |  19|   0|   19|          0|
    +-------------------------+----+----+-----+-----------+



================================================================
== Interface
================================================================
* Summary: 
+----------------------------+-----+-----+------------+-----------------------------------+--------------+
|          RTL Ports         | Dir | Bits|  Protocol  |           Source Object           |    C Type    |
+----------------------------+-----+-----+------------+-----------------------------------+--------------+
|ap_clk                      |   in|    1|  ap_ctrl_hs|  kernel_Loop_VITIS_LOOP_82_3_proc8|  return value|
|ap_rst                      |   in|    1|  ap_ctrl_hs|  kernel_Loop_VITIS_LOOP_82_3_proc8|  return value|
|ap_start                    |   in|    1|  ap_ctrl_hs|  kernel_Loop_VITIS_LOOP_82_3_proc8|  return value|
|ap_done                     |  out|    1|  ap_ctrl_hs|  kernel_Loop_VITIS_LOOP_82_3_proc8|  return value|
|ap_continue                 |   in|    1|  ap_ctrl_hs|  kernel_Loop_VITIS_LOOP_82_3_proc8|  return value|
|ap_idle                     |  out|    1|  ap_ctrl_hs|  kernel_Loop_VITIS_LOOP_82_3_proc8|  return value|
|ap_ready                    |  out|    1|  ap_ctrl_hs|  kernel_Loop_VITIS_LOOP_82_3_proc8|  return value|
|in_bigbuf_V_dout            |   in|    8|     ap_fifo|                        in_bigbuf_V|       pointer|
|in_bigbuf_V_num_data_valid  |   in|   17|     ap_fifo|                        in_bigbuf_V|       pointer|
|in_bigbuf_V_fifo_cap        |   in|   17|     ap_fifo|                        in_bigbuf_V|       pointer|
|in_bigbuf_V_empty_n         |   in|    1|     ap_fifo|                        in_bigbuf_V|       pointer|
|in_bigbuf_V_read            |  out|    1|     ap_fifo|                        in_bigbuf_V|       pointer|
|in_buf1_din                 |  out|    8|     ap_fifo|                            in_buf1|       pointer|
|in_buf1_num_data_valid      |   in|    8|     ap_fifo|                            in_buf1|       pointer|
|in_buf1_fifo_cap            |   in|    8|     ap_fifo|                            in_buf1|       pointer|
|in_buf1_full_n              |   in|    1|     ap_fifo|                            in_buf1|       pointer|
|in_buf1_write               |  out|    1|     ap_fifo|                            in_buf1|       pointer|
+----------------------------+-----+-----+------------+-----------------------------------+--------------+

