

================================================================
== Vitis HLS Report for 'gru_static_ap_fixed_ap_fixed_config2_f_Pipeline_VITIS_LOOP_512_6'
================================================================
* Date:           Sat Sep 16 17:43:42 2023

* Version:        2022.2 (Build 3670227 on Oct 13 2022)
* Project:        alveo_hls4ml
* Solution:       solution (Vitis Kernel Flow Target)
* Product family: virtexuplus
* Target device:  xcu55c-fsvh2892-2L-e


================================================================
== Performance Estimates
================================================================
+ Timing: 
    * Summary: 
    +--------+---------+----------+------------+
    |  Clock |  Target | Estimated| Uncertainty|
    +--------+---------+----------+------------+
    |ap_clk  |  4.00 ns|  2.882 ns|     1.08 ns|
    +--------+---------+----------+------------+

+ Latency: 
    * Summary: 
    +---------+---------+----------+----------+-----+-----+---------+
    |  Latency (cycles) |  Latency (absolute) |  Interval | Pipeline|
    |   min   |   max   |    min   |    max   | min | max |   Type  |
    +---------+---------+----------+----------+-----+-----+---------+
    |      517|      517|  2.068 us|  2.068 us|  517|  517|       no|
    +---------+---------+----------+----------+-----+-----+---------+

    + Detail: 
        * Instance: 
        N/A

        * Loop: 
        +--------------------+---------+---------+----------+-----------+-----------+------+----------+
        |                    |  Latency (cycles) | Iteration|  Initiation Interval  | Trip |          |
        |      Loop Name     |   min   |   max   |  Latency |  achieved |   target  | Count| Pipelined|
        +--------------------+---------+---------+----------+-----------+-----------+------+----------+
        |- VITIS_LOOP_512_6  |      515|      515|         5|          1|          1|   512|       yes|
        +--------------------+---------+---------+----------+-----------+-----------+------+----------+



================================================================
== Utilization Estimates
================================================================
* Summary: 
+---------------------+---------+------+---------+---------+-----+
|         Name        | BRAM_18K|  DSP |    FF   |   LUT   | URAM|
+---------------------+---------+------+---------+---------+-----+
|DSP                  |        -|     1|        -|        -|    -|
|Expression           |        -|     -|        0|       46|    -|
|FIFO                 |        -|     -|        -|        -|    -|
|Instance             |        -|     0|        0|     2733|    -|
|Memory               |        -|     -|        -|        -|    -|
|Multiplexer          |        -|     -|        -|       36|    -|
|Register             |        -|     -|      131|       32|    -|
+---------------------+---------+------+---------+---------+-----+
|Total                |        0|     1|      131|     2847|    0|
+---------------------+---------+------+---------+---------+-----+
|Available SLR        |     1344|  3008|   869120|   434560|  320|
+---------------------+---------+------+---------+---------+-----+
|Utilization SLR (%)  |        0|    ~0|       ~0|       ~0|    0|
+---------------------+---------+------+---------+---------+-----+
|Available            |     4032|  9024|  2607360|  1303680|  960|
+---------------------+---------+------+---------+---------+-----+
|Utilization (%)      |        0|    ~0|       ~0|       ~0|    0|
+---------------------+---------+------+---------+---------+-----+

+ Detail: 
    * Instance: 
    +-------------------------+-------------------+---------+----+---+------+-----+
    |         Instance        |       Module      | BRAM_18K| DSP| FF|  LUT | URAM|
    +-------------------------+-------------------+---------+----+---+------+-----+
    |mul_8s_8ns_15_1_1_U4296  |mul_8s_8ns_15_1_1  |        0|   0|  0|    40|    0|
    |mux_5129_8_1_1_U4295     |mux_5129_8_1_1     |        0|   0|  0|  2693|    0|
    +-------------------------+-------------------+---------+----+---+------+-----+
    |Total                    |                   |        0|   0|  0|  2733|    0|
    +-------------------------+-------------------+---------+----+---+------+-----+

    * DSP: 
    +-----------------------------------+-----------------------------+--------------+
    |              Instance             |            Module           |  Expression  |
    +-----------------------------------+-----------------------------+--------------+
    |mac_muladd_9s_8s_15s_15_4_1_U4297  |mac_muladd_9s_8s_15s_15_4_1  |  i0 + i1 * i2|
    +-----------------------------------+-----------------------------+--------------+

    * Memory: 
    N/A

    * FIFO: 
    N/A

    * Expression: 
    +-----------------------+----------+----+---+----+------------+------------+
    |     Variable Name     | Operation| DSP| FF| LUT| Bitwidth P0| Bitwidth P1|
    +-----------------------+----------+----+---+----+------------+------------+
    |add_ln512_fu_4212_p2   |         +|   0|  0|  17|          10|           1|
    |ret_V_fu_5267_p2       |         -|   0|  0|  16|           8|           9|
    |icmp_ln512_fu_4206_p2  |      icmp|   0|  0|  11|          10|          11|
    |ap_enable_pp0          |       xor|   0|  0|   2|           1|           2|
    +-----------------------+----------+----+---+----+------------+------------+
    |Total                  |          |   0|  0|  46|          29|          23|
    +-----------------------+----------+----+---+----+------------+------------+

    * Multiplexer: 
    +-------------------------+----+-----------+-----+-----------+
    |           Name          | LUT| Input Size| Bits| Total Bits|
    +-------------------------+----+-----------+-----+-----------+
    |ap_done_int              |   9|          2|    1|          2|
    |ap_enable_reg_pp0_iter1  |   9|          2|    1|          2|
    |ap_sig_allocacmp_iacc_1  |   9|          2|   10|         20|
    |iacc_fu_1070             |   9|          2|   10|         20|
    +-------------------------+----+-----------+-----+-----------+
    |Total                    |  36|          8|   22|         44|
    +-------------------------+----+-----------+-----+-----------+

    * Register: 
    +-----------------------------------+----+----+-----+-----------+
    |                Name               | FF | LUT| Bits| Const Bits|
    +-----------------------------------+----+----+-----+-----------+
    |ap_CS_fsm                          |   1|   0|    1|          0|
    |ap_done_reg                        |   1|   0|    1|          0|
    |ap_enable_reg_pp0_iter1            |   1|   0|    1|          0|
    |ap_enable_reg_pp0_iter2            |   1|   0|    1|          0|
    |ap_enable_reg_pp0_iter3            |   1|   0|    1|          0|
    |ap_enable_reg_pp0_iter4            |   1|   0|    1|          0|
    |ap_loop_exit_ready_pp0_iter1_reg   |   1|   0|    1|          0|
    |ap_loop_exit_ready_pp0_iter2_reg   |   1|   0|    1|          0|
    |ap_loop_exit_ready_pp0_iter3_reg   |   1|   0|    1|          0|
    |iacc_fu_1070                       |  10|   0|   10|          0|
    |mul_ln1347_reg_5355                |  15|   0|   15|          0|
    |mul_ln1347_reg_5355_pp0_iter2_reg  |  15|   0|   15|          0|
    |r_V_1_reg_5340                     |   8|   0|    8|          0|
    |zext_ln512_reg_5324                |  10|   0|   64|         54|
    |zext_ln512_reg_5324                |  64|  32|   64|         54|
    +-----------------------------------+----+----+-----+-----------+
    |Total                              | 131|  32|  185|        108|
    +-----------------------------------+----+----+-----+-----------+



================================================================
== Interface
================================================================
* Summary: 
+-----------------------+-----+-----+------------+-------------------------------------------------------------------+--------------+
|       RTL Ports       | Dir | Bits|  Protocol  |                           Source Object                           |    C Type    |
+-----------------------+-----+-----+------------+-------------------------------------------------------------------+--------------+
|ap_clk                 |   in|    1|  ap_ctrl_hs|  gru_static<ap_fixed,ap_fixed,config2_f>_Pipeline_VITIS_LOOP_512_6|  return value|
|ap_rst                 |   in|    1|  ap_ctrl_hs|  gru_static<ap_fixed,ap_fixed,config2_f>_Pipeline_VITIS_LOOP_512_6|  return value|
|ap_start               |   in|    1|  ap_ctrl_hs|  gru_static<ap_fixed,ap_fixed,config2_f>_Pipeline_VITIS_LOOP_512_6|  return value|
|ap_done                |  out|    1|  ap_ctrl_hs|  gru_static<ap_fixed,ap_fixed,config2_f>_Pipeline_VITIS_LOOP_512_6|  return value|
|ap_idle                |  out|    1|  ap_ctrl_hs|  gru_static<ap_fixed,ap_fixed,config2_f>_Pipeline_VITIS_LOOP_512_6|  return value|
|ap_ready               |  out|    1|  ap_ctrl_hs|  gru_static<ap_fixed,ap_fixed,config2_f>_Pipeline_VITIS_LOOP_512_6|  return value|
|tmpres_zr_V_address0   |  out|   10|   ap_memory|                                                        tmpres_zr_V|         array|
|tmpres_zr_V_ce0        |  out|    1|   ap_memory|                                                        tmpres_zr_V|         array|
|tmpres_zr_V_q0         |   in|    8|   ap_memory|                                                        tmpres_zr_V|         array|
|tmpres_h_V_address0    |  out|    9|   ap_memory|                                                         tmpres_h_V|         array|
|tmpres_h_V_ce0         |  out|    1|   ap_memory|                                                         tmpres_h_V|         array|
|tmpres_h_V_q0          |   in|    8|   ap_memory|                                                         tmpres_h_V|         array|
|qh_state_V_1_reload    |   in|    8|     ap_none|                                                qh_state_V_1_reload|        scalar|
|qh_state_V_2_reload    |   in|    8|     ap_none|                                                qh_state_V_2_reload|        scalar|
|qh_state_V_3_reload    |   in|    8|     ap_none|                                                qh_state_V_3_reload|        scalar|
|qh_state_V_4_reload    |   in|    8|     ap_none|                                                qh_state_V_4_reload|        scalar|
|qh_state_V_5_reload    |   in|    8|     ap_none|                                                qh_state_V_5_reload|        scalar|
|qh_state_V_6_reload    |   in|    8|     ap_none|                                                qh_state_V_6_reload|        scalar|
|qh_state_V_7_reload    |   in|    8|     ap_none|                                                qh_state_V_7_reload|        scalar|
|qh_state_V_8_reload    |   in|    8|     ap_none|                                                qh_state_V_8_reload|        scalar|
|qh_state_V_9_reload    |   in|    8|     ap_none|                                                qh_state_V_9_reload|        scalar|
|qh_state_V_10_reload   |   in|    8|     ap_none|                                               qh_state_V_10_reload|        scalar|
|qh_state_V_11_reload   |   in|    8|     ap_none|                                               qh_state_V_11_reload|        scalar|
|qh_state_V_12_reload   |   in|    8|     ap_none|                                               qh_state_V_12_reload|        scalar|
|qh_state_V_13_reload   |   in|    8|     ap_none|                                               qh_state_V_13_reload|        scalar|
|qh_state_V_14_reload   |   in|    8|     ap_none|                                               qh_state_V_14_reload|        scalar|
|qh_state_V_15_reload   |   in|    8|     ap_none|                                               qh_state_V_15_reload|        scalar|
|qh_state_V_16_reload   |   in|    8|     ap_none|                                               qh_state_V_16_reload|        scalar|
|qh_state_V_17_reload   |   in|    8|     ap_none|                                               qh_state_V_17_reload|        scalar|
|qh_state_V_18_reload   |   in|    8|     ap_none|                                               qh_state_V_18_reload|        scalar|
|qh_state_V_19_reload   |   in|    8|     ap_none|                                               qh_state_V_19_reload|        scalar|
|qh_state_V_20_reload   |   in|    8|     ap_none|                                               qh_state_V_20_reload|        scalar|
|qh_state_V_21_reload   |   in|    8|     ap_none|                                               qh_state_V_21_reload|        scalar|
|qh_state_V_22_reload   |   in|    8|     ap_none|                                               qh_state_V_22_reload|        scalar|
|qh_state_V_23_reload   |   in|    8|     ap_none|                                               qh_state_V_23_reload|        scalar|
|qh_state_V_24_reload   |   in|    8|     ap_none|                                               qh_state_V_24_reload|        scalar|
|qh_state_V_25_reload   |   in|    8|     ap_none|                                               qh_state_V_25_reload|        scalar|
|qh_state_V_26_reload   |   in|    8|     ap_none|                                               qh_state_V_26_reload|        scalar|
|qh_state_V_27_reload   |   in|    8|     ap_none|                                               qh_state_V_27_reload|        scalar|
|qh_state_V_28_reload   |   in|    8|     ap_none|                                               qh_state_V_28_reload|        scalar|
|qh_state_V_29_reload   |   in|    8|     ap_none|                                               qh_state_V_29_reload|        scalar|
|qh_state_V_30_reload   |   in|    8|     ap_none|                                               qh_state_V_30_reload|        scalar|
|qh_state_V_31_reload   |   in|    8|     ap_none|                                               qh_state_V_31_reload|        scalar|
|qh_state_V_32_reload   |   in|    8|     ap_none|                                               qh_state_V_32_reload|        scalar|
|qh_state_V_33_reload   |   in|    8|     ap_none|                                               qh_state_V_33_reload|        scalar|
|qh_state_V_34_reload   |   in|    8|     ap_none|                                               qh_state_V_34_reload|        scalar|
|qh_state_V_35_reload   |   in|    8|     ap_none|                                               qh_state_V_35_reload|        scalar|
|qh_state_V_36_reload   |   in|    8|     ap_none|                                               qh_state_V_36_reload|        scalar|
|qh_state_V_37_reload   |   in|    8|     ap_none|                                               qh_state_V_37_reload|        scalar|
|qh_state_V_38_reload   |   in|    8|     ap_none|                                               qh_state_V_38_reload|        scalar|
|qh_state_V_39_reload   |   in|    8|     ap_none|                                               qh_state_V_39_reload|        scalar|
|qh_state_V_40_reload   |   in|    8|     ap_none|                                               qh_state_V_40_reload|        scalar|
|qh_state_V_41_reload   |   in|    8|     ap_none|                                               qh_state_V_41_reload|        scalar|
|qh_state_V_42_reload   |   in|    8|     ap_none|                                               qh_state_V_42_reload|        scalar|
|qh_state_V_43_reload   |   in|    8|     ap_none|                                               qh_state_V_43_reload|        scalar|
|qh_state_V_44_reload   |   in|    8|     ap_none|                                               qh_state_V_44_reload|        scalar|
|qh_state_V_45_reload   |   in|    8|     ap_none|                                               qh_state_V_45_reload|        scalar|
|qh_state_V_46_reload   |   in|    8|     ap_none|                                               qh_state_V_46_reload|        scalar|
|qh_state_V_47_reload   |   in|    8|     ap_none|                                               qh_state_V_47_reload|        scalar|
|qh_state_V_48_reload   |   in|    8|     ap_none|                                               qh_state_V_48_reload|        scalar|
|qh_state_V_49_reload   |   in|    8|     ap_none|                                               qh_state_V_49_reload|        scalar|
|qh_state_V_50_reload   |   in|    8|     ap_none|                                               qh_state_V_50_reload|        scalar|
|qh_state_V_51_reload   |   in|    8|     ap_none|                                               qh_state_V_51_reload|        scalar|
|qh_state_V_52_reload   |   in|    8|     ap_none|                                               qh_state_V_52_reload|        scalar|
|qh_state_V_53_reload   |   in|    8|     ap_none|                                               qh_state_V_53_reload|        scalar|
|qh_state_V_54_reload   |   in|    8|     ap_none|                                               qh_state_V_54_reload|        scalar|
|qh_state_V_55_reload   |   in|    8|     ap_none|                                               qh_state_V_55_reload|        scalar|
|qh_state_V_56_reload   |   in|    8|     ap_none|                                               qh_state_V_56_reload|        scalar|
|qh_state_V_57_reload   |   in|    8|     ap_none|                                               qh_state_V_57_reload|        scalar|
|qh_state_V_58_reload   |   in|    8|     ap_none|                                               qh_state_V_58_reload|        scalar|
|qh_state_V_59_reload   |   in|    8|     ap_none|                                               qh_state_V_59_reload|        scalar|
|qh_state_V_60_reload   |   in|    8|     ap_none|                                               qh_state_V_60_reload|        scalar|
|qh_state_V_61_reload   |   in|    8|     ap_none|                                               qh_state_V_61_reload|        scalar|
|qh_state_V_62_reload   |   in|    8|     ap_none|                                               qh_state_V_62_reload|        scalar|
|qh_state_V_63_reload   |   in|    8|     ap_none|                                               qh_state_V_63_reload|        scalar|
|qh_state_V_64_reload   |   in|    8|     ap_none|                                               qh_state_V_64_reload|        scalar|
|qh_state_V_65_reload   |   in|    8|     ap_none|                                               qh_state_V_65_reload|        scalar|
|qh_state_V_66_reload   |   in|    8|     ap_none|                                               qh_state_V_66_reload|        scalar|
|qh_state_V_67_reload   |   in|    8|     ap_none|                                               qh_state_V_67_reload|        scalar|
|qh_state_V_68_reload   |   in|    8|     ap_none|                                               qh_state_V_68_reload|        scalar|
|qh_state_V_69_reload   |   in|    8|     ap_none|                                               qh_state_V_69_reload|        scalar|
|qh_state_V_70_reload   |   in|    8|     ap_none|                                               qh_state_V_70_reload|        scalar|
|qh_state_V_71_reload   |   in|    8|     ap_none|                                               qh_state_V_71_reload|        scalar|
|qh_state_V_72_reload   |   in|    8|     ap_none|                                               qh_state_V_72_reload|        scalar|
|qh_state_V_73_reload   |   in|    8|     ap_none|                                               qh_state_V_73_reload|        scalar|
|qh_state_V_74_reload   |   in|    8|     ap_none|                                               qh_state_V_74_reload|        scalar|
|qh_state_V_75_reload   |   in|    8|     ap_none|                                               qh_state_V_75_reload|        scalar|
|qh_state_V_76_reload   |   in|    8|     ap_none|                                               qh_state_V_76_reload|        scalar|
|qh_state_V_77_reload   |   in|    8|     ap_none|                                               qh_state_V_77_reload|        scalar|
|qh_state_V_78_reload   |   in|    8|     ap_none|                                               qh_state_V_78_reload|        scalar|
|qh_state_V_79_reload   |   in|    8|     ap_none|                                               qh_state_V_79_reload|        scalar|
|qh_state_V_80_reload   |   in|    8|     ap_none|                                               qh_state_V_80_reload|        scalar|
|qh_state_V_81_reload   |   in|    8|     ap_none|                                               qh_state_V_81_reload|        scalar|
|qh_state_V_82_reload   |   in|    8|     ap_none|                                               qh_state_V_82_reload|        scalar|
|qh_state_V_83_reload   |   in|    8|     ap_none|                                               qh_state_V_83_reload|        scalar|
|qh_state_V_84_reload   |   in|    8|     ap_none|                                               qh_state_V_84_reload|        scalar|
|qh_state_V_85_reload   |   in|    8|     ap_none|                                               qh_state_V_85_reload|        scalar|
|qh_state_V_86_reload   |   in|    8|     ap_none|                                               qh_state_V_86_reload|        scalar|
|qh_state_V_87_reload   |   in|    8|     ap_none|                                               qh_state_V_87_reload|        scalar|
|qh_state_V_88_reload   |   in|    8|     ap_none|                                               qh_state_V_88_reload|        scalar|
|qh_state_V_89_reload   |   in|    8|     ap_none|                                               qh_state_V_89_reload|        scalar|
|qh_state_V_90_reload   |   in|    8|     ap_none|                                               qh_state_V_90_reload|        scalar|
|qh_state_V_91_reload   |   in|    8|     ap_none|                                               qh_state_V_91_reload|        scalar|
|qh_state_V_92_reload   |   in|    8|     ap_none|                                               qh_state_V_92_reload|        scalar|
|qh_state_V_93_reload   |   in|    8|     ap_none|                                               qh_state_V_93_reload|        scalar|
|qh_state_V_94_reload   |   in|    8|     ap_none|                                               qh_state_V_94_reload|        scalar|
|qh_state_V_95_reload   |   in|    8|     ap_none|                                               qh_state_V_95_reload|        scalar|
|qh_state_V_96_reload   |   in|    8|     ap_none|                                               qh_state_V_96_reload|        scalar|
|qh_state_V_97_reload   |   in|    8|     ap_none|                                               qh_state_V_97_reload|        scalar|
|qh_state_V_98_reload   |   in|    8|     ap_none|                                               qh_state_V_98_reload|        scalar|
|qh_state_V_99_reload   |   in|    8|     ap_none|                                               qh_state_V_99_reload|        scalar|
|qh_state_V_100_reload  |   in|    8|     ap_none|                                              qh_state_V_100_reload|        scalar|
|qh_state_V_101_reload  |   in|    8|     ap_none|                                              qh_state_V_101_reload|        scalar|
|qh_state_V_102_reload  |   in|    8|     ap_none|                                              qh_state_V_102_reload|        scalar|
|qh_state_V_103_reload  |   in|    8|     ap_none|                                              qh_state_V_103_reload|        scalar|
|qh_state_V_104_reload  |   in|    8|     ap_none|                                              qh_state_V_104_reload|        scalar|
|qh_state_V_105_reload  |   in|    8|     ap_none|                                              qh_state_V_105_reload|        scalar|
|qh_state_V_106_reload  |   in|    8|     ap_none|                                              qh_state_V_106_reload|        scalar|
|qh_state_V_107_reload  |   in|    8|     ap_none|                                              qh_state_V_107_reload|        scalar|
|qh_state_V_108_reload  |   in|    8|     ap_none|                                              qh_state_V_108_reload|        scalar|
|qh_state_V_109_reload  |   in|    8|     ap_none|                                              qh_state_V_109_reload|        scalar|
|qh_state_V_110_reload  |   in|    8|     ap_none|                                              qh_state_V_110_reload|        scalar|
|qh_state_V_111_reload  |   in|    8|     ap_none|                                              qh_state_V_111_reload|        scalar|
|qh_state_V_112_reload  |   in|    8|     ap_none|                                              qh_state_V_112_reload|        scalar|
|qh_state_V_113_reload  |   in|    8|     ap_none|                                              qh_state_V_113_reload|        scalar|
|qh_state_V_114_reload  |   in|    8|     ap_none|                                              qh_state_V_114_reload|        scalar|
|qh_state_V_115_reload  |   in|    8|     ap_none|                                              qh_state_V_115_reload|        scalar|
|qh_state_V_116_reload  |   in|    8|     ap_none|                                              qh_state_V_116_reload|        scalar|
|qh_state_V_117_reload  |   in|    8|     ap_none|                                              qh_state_V_117_reload|        scalar|
|qh_state_V_118_reload  |   in|    8|     ap_none|                                              qh_state_V_118_reload|        scalar|
|qh_state_V_119_reload  |   in|    8|     ap_none|                                              qh_state_V_119_reload|        scalar|
|qh_state_V_120_reload  |   in|    8|     ap_none|                                              qh_state_V_120_reload|        scalar|
|qh_state_V_121_reload  |   in|    8|     ap_none|                                              qh_state_V_121_reload|        scalar|
|qh_state_V_122_reload  |   in|    8|     ap_none|                                              qh_state_V_122_reload|        scalar|
|qh_state_V_123_reload  |   in|    8|     ap_none|                                              qh_state_V_123_reload|        scalar|
|qh_state_V_124_reload  |   in|    8|     ap_none|                                              qh_state_V_124_reload|        scalar|
|qh_state_V_125_reload  |   in|    8|     ap_none|                                              qh_state_V_125_reload|        scalar|
|qh_state_V_126_reload  |   in|    8|     ap_none|                                              qh_state_V_126_reload|        scalar|
|qh_state_V_127_reload  |   in|    8|     ap_none|                                              qh_state_V_127_reload|        scalar|
|qh_state_V_128_reload  |   in|    8|     ap_none|                                              qh_state_V_128_reload|        scalar|
|qh_state_V_129_reload  |   in|    8|     ap_none|                                              qh_state_V_129_reload|        scalar|
|qh_state_V_130_reload  |   in|    8|     ap_none|                                              qh_state_V_130_reload|        scalar|
|qh_state_V_131_reload  |   in|    8|     ap_none|                                              qh_state_V_131_reload|        scalar|
|qh_state_V_132_reload  |   in|    8|     ap_none|                                              qh_state_V_132_reload|        scalar|
|qh_state_V_133_reload  |   in|    8|     ap_none|                                              qh_state_V_133_reload|        scalar|
|qh_state_V_134_reload  |   in|    8|     ap_none|                                              qh_state_V_134_reload|        scalar|
|qh_state_V_135_reload  |   in|    8|     ap_none|                                              qh_state_V_135_reload|        scalar|
|qh_state_V_136_reload  |   in|    8|     ap_none|                                              qh_state_V_136_reload|        scalar|
|qh_state_V_137_reload  |   in|    8|     ap_none|                                              qh_state_V_137_reload|        scalar|
|qh_state_V_138_reload  |   in|    8|     ap_none|                                              qh_state_V_138_reload|        scalar|
|qh_state_V_139_reload  |   in|    8|     ap_none|                                              qh_state_V_139_reload|        scalar|
|qh_state_V_140_reload  |   in|    8|     ap_none|                                              qh_state_V_140_reload|        scalar|
|qh_state_V_141_reload  |   in|    8|     ap_none|                                              qh_state_V_141_reload|        scalar|
|qh_state_V_142_reload  |   in|    8|     ap_none|                                              qh_state_V_142_reload|        scalar|
|qh_state_V_143_reload  |   in|    8|     ap_none|                                              qh_state_V_143_reload|        scalar|
|qh_state_V_144_reload  |   in|    8|     ap_none|                                              qh_state_V_144_reload|        scalar|
|qh_state_V_145_reload  |   in|    8|     ap_none|                                              qh_state_V_145_reload|        scalar|
|qh_state_V_146_reload  |   in|    8|     ap_none|                                              qh_state_V_146_reload|        scalar|
|qh_state_V_147_reload  |   in|    8|     ap_none|                                              qh_state_V_147_reload|        scalar|
|qh_state_V_148_reload  |   in|    8|     ap_none|                                              qh_state_V_148_reload|        scalar|
|qh_state_V_149_reload  |   in|    8|     ap_none|                                              qh_state_V_149_reload|        scalar|
|qh_state_V_150_reload  |   in|    8|     ap_none|                                              qh_state_V_150_reload|        scalar|
|qh_state_V_151_reload  |   in|    8|     ap_none|                                              qh_state_V_151_reload|        scalar|
|qh_state_V_152_reload  |   in|    8|     ap_none|                                              qh_state_V_152_reload|        scalar|
|qh_state_V_153_reload  |   in|    8|     ap_none|                                              qh_state_V_153_reload|        scalar|
|qh_state_V_154_reload  |   in|    8|     ap_none|                                              qh_state_V_154_reload|        scalar|
|qh_state_V_155_reload  |   in|    8|     ap_none|                                              qh_state_V_155_reload|        scalar|
|qh_state_V_156_reload  |   in|    8|     ap_none|                                              qh_state_V_156_reload|        scalar|
|qh_state_V_157_reload  |   in|    8|     ap_none|                                              qh_state_V_157_reload|        scalar|
|qh_state_V_158_reload  |   in|    8|     ap_none|                                              qh_state_V_158_reload|        scalar|
|qh_state_V_159_reload  |   in|    8|     ap_none|                                              qh_state_V_159_reload|        scalar|
|qh_state_V_160_reload  |   in|    8|     ap_none|                                              qh_state_V_160_reload|        scalar|
|qh_state_V_161_reload  |   in|    8|     ap_none|                                              qh_state_V_161_reload|        scalar|
|qh_state_V_162_reload  |   in|    8|     ap_none|                                              qh_state_V_162_reload|        scalar|
|qh_state_V_163_reload  |   in|    8|     ap_none|                                              qh_state_V_163_reload|        scalar|
|qh_state_V_164_reload  |   in|    8|     ap_none|                                              qh_state_V_164_reload|        scalar|
|qh_state_V_165_reload  |   in|    8|     ap_none|                                              qh_state_V_165_reload|        scalar|
|qh_state_V_166_reload  |   in|    8|     ap_none|                                              qh_state_V_166_reload|        scalar|
|qh_state_V_167_reload  |   in|    8|     ap_none|                                              qh_state_V_167_reload|        scalar|
|qh_state_V_168_reload  |   in|    8|     ap_none|                                              qh_state_V_168_reload|        scalar|
|qh_state_V_169_reload  |   in|    8|     ap_none|                                              qh_state_V_169_reload|        scalar|
|qh_state_V_170_reload  |   in|    8|     ap_none|                                              qh_state_V_170_reload|        scalar|
|qh_state_V_171_reload  |   in|    8|     ap_none|                                              qh_state_V_171_reload|        scalar|
|qh_state_V_172_reload  |   in|    8|     ap_none|                                              qh_state_V_172_reload|        scalar|
|qh_state_V_173_reload  |   in|    8|     ap_none|                                              qh_state_V_173_reload|        scalar|
|qh_state_V_174_reload  |   in|    8|     ap_none|                                              qh_state_V_174_reload|        scalar|
|qh_state_V_175_reload  |   in|    8|     ap_none|                                              qh_state_V_175_reload|        scalar|
|qh_state_V_176_reload  |   in|    8|     ap_none|                                              qh_state_V_176_reload|        scalar|
|qh_state_V_177_reload  |   in|    8|     ap_none|                                              qh_state_V_177_reload|        scalar|
|qh_state_V_178_reload  |   in|    8|     ap_none|                                              qh_state_V_178_reload|        scalar|
|qh_state_V_179_reload  |   in|    8|     ap_none|                                              qh_state_V_179_reload|        scalar|
|qh_state_V_180_reload  |   in|    8|     ap_none|                                              qh_state_V_180_reload|        scalar|
|qh_state_V_181_reload  |   in|    8|     ap_none|                                              qh_state_V_181_reload|        scalar|
|qh_state_V_182_reload  |   in|    8|     ap_none|                                              qh_state_V_182_reload|        scalar|
|qh_state_V_183_reload  |   in|    8|     ap_none|                                              qh_state_V_183_reload|        scalar|
|qh_state_V_184_reload  |   in|    8|     ap_none|                                              qh_state_V_184_reload|        scalar|
|qh_state_V_185_reload  |   in|    8|     ap_none|                                              qh_state_V_185_reload|        scalar|
|qh_state_V_186_reload  |   in|    8|     ap_none|                                              qh_state_V_186_reload|        scalar|
|qh_state_V_187_reload  |   in|    8|     ap_none|                                              qh_state_V_187_reload|        scalar|
|qh_state_V_188_reload  |   in|    8|     ap_none|                                              qh_state_V_188_reload|        scalar|
|qh_state_V_189_reload  |   in|    8|     ap_none|                                              qh_state_V_189_reload|        scalar|
|qh_state_V_190_reload  |   in|    8|     ap_none|                                              qh_state_V_190_reload|        scalar|
|qh_state_V_191_reload  |   in|    8|     ap_none|                                              qh_state_V_191_reload|        scalar|
|qh_state_V_192_reload  |   in|    8|     ap_none|                                              qh_state_V_192_reload|        scalar|
|qh_state_V_193_reload  |   in|    8|     ap_none|                                              qh_state_V_193_reload|        scalar|
|qh_state_V_194_reload  |   in|    8|     ap_none|                                              qh_state_V_194_reload|        scalar|
|qh_state_V_195_reload  |   in|    8|     ap_none|                                              qh_state_V_195_reload|        scalar|
|qh_state_V_196_reload  |   in|    8|     ap_none|                                              qh_state_V_196_reload|        scalar|
|qh_state_V_197_reload  |   in|    8|     ap_none|                                              qh_state_V_197_reload|        scalar|
|qh_state_V_198_reload  |   in|    8|     ap_none|                                              qh_state_V_198_reload|        scalar|
|qh_state_V_199_reload  |   in|    8|     ap_none|                                              qh_state_V_199_reload|        scalar|
|qh_state_V_200_reload  |   in|    8|     ap_none|                                              qh_state_V_200_reload|        scalar|
|qh_state_V_201_reload  |   in|    8|     ap_none|                                              qh_state_V_201_reload|        scalar|
|qh_state_V_202_reload  |   in|    8|     ap_none|                                              qh_state_V_202_reload|        scalar|
|qh_state_V_203_reload  |   in|    8|     ap_none|                                              qh_state_V_203_reload|        scalar|
|qh_state_V_204_reload  |   in|    8|     ap_none|                                              qh_state_V_204_reload|        scalar|
|qh_state_V_205_reload  |   in|    8|     ap_none|                                              qh_state_V_205_reload|        scalar|
|qh_state_V_206_reload  |   in|    8|     ap_none|                                              qh_state_V_206_reload|        scalar|
|qh_state_V_207_reload  |   in|    8|     ap_none|                                              qh_state_V_207_reload|        scalar|
|qh_state_V_208_reload  |   in|    8|     ap_none|                                              qh_state_V_208_reload|        scalar|
|qh_state_V_209_reload  |   in|    8|     ap_none|                                              qh_state_V_209_reload|        scalar|
|qh_state_V_210_reload  |   in|    8|     ap_none|                                              qh_state_V_210_reload|        scalar|
|qh_state_V_211_reload  |   in|    8|     ap_none|                                              qh_state_V_211_reload|        scalar|
|qh_state_V_212_reload  |   in|    8|     ap_none|                                              qh_state_V_212_reload|        scalar|
|qh_state_V_213_reload  |   in|    8|     ap_none|                                              qh_state_V_213_reload|        scalar|
|qh_state_V_214_reload  |   in|    8|     ap_none|                                              qh_state_V_214_reload|        scalar|
|qh_state_V_215_reload  |   in|    8|     ap_none|                                              qh_state_V_215_reload|        scalar|
|qh_state_V_216_reload  |   in|    8|     ap_none|                                              qh_state_V_216_reload|        scalar|
|qh_state_V_217_reload  |   in|    8|     ap_none|                                              qh_state_V_217_reload|        scalar|
|qh_state_V_218_reload  |   in|    8|     ap_none|                                              qh_state_V_218_reload|        scalar|
|qh_state_V_219_reload  |   in|    8|     ap_none|                                              qh_state_V_219_reload|        scalar|
|qh_state_V_220_reload  |   in|    8|     ap_none|                                              qh_state_V_220_reload|        scalar|
|qh_state_V_221_reload  |   in|    8|     ap_none|                                              qh_state_V_221_reload|        scalar|
|qh_state_V_222_reload  |   in|    8|     ap_none|                                              qh_state_V_222_reload|        scalar|
|qh_state_V_223_reload  |   in|    8|     ap_none|                                              qh_state_V_223_reload|        scalar|
|qh_state_V_224_reload  |   in|    8|     ap_none|                                              qh_state_V_224_reload|        scalar|
|qh_state_V_225_reload  |   in|    8|     ap_none|                                              qh_state_V_225_reload|        scalar|
|qh_state_V_226_reload  |   in|    8|     ap_none|                                              qh_state_V_226_reload|        scalar|
|qh_state_V_227_reload  |   in|    8|     ap_none|                                              qh_state_V_227_reload|        scalar|
|qh_state_V_228_reload  |   in|    8|     ap_none|                                              qh_state_V_228_reload|        scalar|
|qh_state_V_229_reload  |   in|    8|     ap_none|                                              qh_state_V_229_reload|        scalar|
|qh_state_V_230_reload  |   in|    8|     ap_none|                                              qh_state_V_230_reload|        scalar|
|qh_state_V_231_reload  |   in|    8|     ap_none|                                              qh_state_V_231_reload|        scalar|
|qh_state_V_232_reload  |   in|    8|     ap_none|                                              qh_state_V_232_reload|        scalar|
|qh_state_V_233_reload  |   in|    8|     ap_none|                                              qh_state_V_233_reload|        scalar|
|qh_state_V_234_reload  |   in|    8|     ap_none|                                              qh_state_V_234_reload|        scalar|
|qh_state_V_235_reload  |   in|    8|     ap_none|                                              qh_state_V_235_reload|        scalar|
|qh_state_V_236_reload  |   in|    8|     ap_none|                                              qh_state_V_236_reload|        scalar|
|qh_state_V_237_reload  |   in|    8|     ap_none|                                              qh_state_V_237_reload|        scalar|
|qh_state_V_238_reload  |   in|    8|     ap_none|                                              qh_state_V_238_reload|        scalar|
|qh_state_V_239_reload  |   in|    8|     ap_none|                                              qh_state_V_239_reload|        scalar|
|qh_state_V_240_reload  |   in|    8|     ap_none|                                              qh_state_V_240_reload|        scalar|
|qh_state_V_241_reload  |   in|    8|     ap_none|                                              qh_state_V_241_reload|        scalar|
|qh_state_V_242_reload  |   in|    8|     ap_none|                                              qh_state_V_242_reload|        scalar|
|qh_state_V_243_reload  |   in|    8|     ap_none|                                              qh_state_V_243_reload|        scalar|
|qh_state_V_244_reload  |   in|    8|     ap_none|                                              qh_state_V_244_reload|        scalar|
|qh_state_V_245_reload  |   in|    8|     ap_none|                                              qh_state_V_245_reload|        scalar|
|qh_state_V_246_reload  |   in|    8|     ap_none|                                              qh_state_V_246_reload|        scalar|
|qh_state_V_247_reload  |   in|    8|     ap_none|                                              qh_state_V_247_reload|        scalar|
|qh_state_V_248_reload  |   in|    8|     ap_none|                                              qh_state_V_248_reload|        scalar|
|qh_state_V_249_reload  |   in|    8|     ap_none|                                              qh_state_V_249_reload|        scalar|
|qh_state_V_250_reload  |   in|    8|     ap_none|                                              qh_state_V_250_reload|        scalar|
|qh_state_V_251_reload  |   in|    8|     ap_none|                                              qh_state_V_251_reload|        scalar|
|qh_state_V_252_reload  |   in|    8|     ap_none|                                              qh_state_V_252_reload|        scalar|
|qh_state_V_253_reload  |   in|    8|     ap_none|                                              qh_state_V_253_reload|        scalar|
|qh_state_V_254_reload  |   in|    8|     ap_none|                                              qh_state_V_254_reload|        scalar|
|qh_state_V_255_reload  |   in|    8|     ap_none|                                              qh_state_V_255_reload|        scalar|
|qh_state_V_256_reload  |   in|    8|     ap_none|                                              qh_state_V_256_reload|        scalar|
|qh_state_V_257_reload  |   in|    8|     ap_none|                                              qh_state_V_257_reload|        scalar|
|qh_state_V_258_reload  |   in|    8|     ap_none|                                              qh_state_V_258_reload|        scalar|
|qh_state_V_259_reload  |   in|    8|     ap_none|                                              qh_state_V_259_reload|        scalar|
|qh_state_V_260_reload  |   in|    8|     ap_none|                                              qh_state_V_260_reload|        scalar|
|qh_state_V_261_reload  |   in|    8|     ap_none|                                              qh_state_V_261_reload|        scalar|
|qh_state_V_262_reload  |   in|    8|     ap_none|                                              qh_state_V_262_reload|        scalar|
|qh_state_V_263_reload  |   in|    8|     ap_none|                                              qh_state_V_263_reload|        scalar|
|qh_state_V_264_reload  |   in|    8|     ap_none|                                              qh_state_V_264_reload|        scalar|
|qh_state_V_265_reload  |   in|    8|     ap_none|                                              qh_state_V_265_reload|        scalar|
|qh_state_V_266_reload  |   in|    8|     ap_none|                                              qh_state_V_266_reload|        scalar|
|qh_state_V_267_reload  |   in|    8|     ap_none|                                              qh_state_V_267_reload|        scalar|
|qh_state_V_268_reload  |   in|    8|     ap_none|                                              qh_state_V_268_reload|        scalar|
|qh_state_V_269_reload  |   in|    8|     ap_none|                                              qh_state_V_269_reload|        scalar|
|qh_state_V_270_reload  |   in|    8|     ap_none|                                              qh_state_V_270_reload|        scalar|
|qh_state_V_271_reload  |   in|    8|     ap_none|                                              qh_state_V_271_reload|        scalar|
|qh_state_V_272_reload  |   in|    8|     ap_none|                                              qh_state_V_272_reload|        scalar|
|qh_state_V_273_reload  |   in|    8|     ap_none|                                              qh_state_V_273_reload|        scalar|
|qh_state_V_274_reload  |   in|    8|     ap_none|                                              qh_state_V_274_reload|        scalar|
|qh_state_V_275_reload  |   in|    8|     ap_none|                                              qh_state_V_275_reload|        scalar|
|qh_state_V_276_reload  |   in|    8|     ap_none|                                              qh_state_V_276_reload|        scalar|
|qh_state_V_277_reload  |   in|    8|     ap_none|                                              qh_state_V_277_reload|        scalar|
|qh_state_V_278_reload  |   in|    8|     ap_none|                                              qh_state_V_278_reload|        scalar|
|qh_state_V_279_reload  |   in|    8|     ap_none|                                              qh_state_V_279_reload|        scalar|
|qh_state_V_280_reload  |   in|    8|     ap_none|                                              qh_state_V_280_reload|        scalar|
|qh_state_V_281_reload  |   in|    8|     ap_none|                                              qh_state_V_281_reload|        scalar|
|qh_state_V_282_reload  |   in|    8|     ap_none|                                              qh_state_V_282_reload|        scalar|
|qh_state_V_283_reload  |   in|    8|     ap_none|                                              qh_state_V_283_reload|        scalar|
|qh_state_V_284_reload  |   in|    8|     ap_none|                                              qh_state_V_284_reload|        scalar|
|qh_state_V_285_reload  |   in|    8|     ap_none|                                              qh_state_V_285_reload|        scalar|
|qh_state_V_286_reload  |   in|    8|     ap_none|                                              qh_state_V_286_reload|        scalar|
|qh_state_V_287_reload  |   in|    8|     ap_none|                                              qh_state_V_287_reload|        scalar|
|qh_state_V_288_reload  |   in|    8|     ap_none|                                              qh_state_V_288_reload|        scalar|
|qh_state_V_289_reload  |   in|    8|     ap_none|                                              qh_state_V_289_reload|        scalar|
|qh_state_V_290_reload  |   in|    8|     ap_none|                                              qh_state_V_290_reload|        scalar|
|qh_state_V_291_reload  |   in|    8|     ap_none|                                              qh_state_V_291_reload|        scalar|
|qh_state_V_292_reload  |   in|    8|     ap_none|                                              qh_state_V_292_reload|        scalar|
|qh_state_V_293_reload  |   in|    8|     ap_none|                                              qh_state_V_293_reload|        scalar|
|qh_state_V_294_reload  |   in|    8|     ap_none|                                              qh_state_V_294_reload|        scalar|
|qh_state_V_295_reload  |   in|    8|     ap_none|                                              qh_state_V_295_reload|        scalar|
|qh_state_V_296_reload  |   in|    8|     ap_none|                                              qh_state_V_296_reload|        scalar|
|qh_state_V_297_reload  |   in|    8|     ap_none|                                              qh_state_V_297_reload|        scalar|
|qh_state_V_298_reload  |   in|    8|     ap_none|                                              qh_state_V_298_reload|        scalar|
|qh_state_V_299_reload  |   in|    8|     ap_none|                                              qh_state_V_299_reload|        scalar|
|qh_state_V_300_reload  |   in|    8|     ap_none|                                              qh_state_V_300_reload|        scalar|
|qh_state_V_301_reload  |   in|    8|     ap_none|                                              qh_state_V_301_reload|        scalar|
|qh_state_V_302_reload  |   in|    8|     ap_none|                                              qh_state_V_302_reload|        scalar|
|qh_state_V_303_reload  |   in|    8|     ap_none|                                              qh_state_V_303_reload|        scalar|
|qh_state_V_304_reload  |   in|    8|     ap_none|                                              qh_state_V_304_reload|        scalar|
|qh_state_V_305_reload  |   in|    8|     ap_none|                                              qh_state_V_305_reload|        scalar|
|qh_state_V_306_reload  |   in|    8|     ap_none|                                              qh_state_V_306_reload|        scalar|
|qh_state_V_307_reload  |   in|    8|     ap_none|                                              qh_state_V_307_reload|        scalar|
|qh_state_V_308_reload  |   in|    8|     ap_none|                                              qh_state_V_308_reload|        scalar|
|qh_state_V_309_reload  |   in|    8|     ap_none|                                              qh_state_V_309_reload|        scalar|
|qh_state_V_310_reload  |   in|    8|     ap_none|                                              qh_state_V_310_reload|        scalar|
|qh_state_V_311_reload  |   in|    8|     ap_none|                                              qh_state_V_311_reload|        scalar|
|qh_state_V_312_reload  |   in|    8|     ap_none|                                              qh_state_V_312_reload|        scalar|
|qh_state_V_313_reload  |   in|    8|     ap_none|                                              qh_state_V_313_reload|        scalar|
|qh_state_V_314_reload  |   in|    8|     ap_none|                                              qh_state_V_314_reload|        scalar|
|qh_state_V_315_reload  |   in|    8|     ap_none|                                              qh_state_V_315_reload|        scalar|
|qh_state_V_316_reload  |   in|    8|     ap_none|                                              qh_state_V_316_reload|        scalar|
|qh_state_V_317_reload  |   in|    8|     ap_none|                                              qh_state_V_317_reload|        scalar|
|qh_state_V_318_reload  |   in|    8|     ap_none|                                              qh_state_V_318_reload|        scalar|
|qh_state_V_319_reload  |   in|    8|     ap_none|                                              qh_state_V_319_reload|        scalar|
|qh_state_V_320_reload  |   in|    8|     ap_none|                                              qh_state_V_320_reload|        scalar|
|qh_state_V_321_reload  |   in|    8|     ap_none|                                              qh_state_V_321_reload|        scalar|
|qh_state_V_322_reload  |   in|    8|     ap_none|                                              qh_state_V_322_reload|        scalar|
|qh_state_V_323_reload  |   in|    8|     ap_none|                                              qh_state_V_323_reload|        scalar|
|qh_state_V_324_reload  |   in|    8|     ap_none|                                              qh_state_V_324_reload|        scalar|
|qh_state_V_325_reload  |   in|    8|     ap_none|                                              qh_state_V_325_reload|        scalar|
|qh_state_V_326_reload  |   in|    8|     ap_none|                                              qh_state_V_326_reload|        scalar|
|qh_state_V_327_reload  |   in|    8|     ap_none|                                              qh_state_V_327_reload|        scalar|
|qh_state_V_328_reload  |   in|    8|     ap_none|                                              qh_state_V_328_reload|        scalar|
|qh_state_V_329_reload  |   in|    8|     ap_none|                                              qh_state_V_329_reload|        scalar|
|qh_state_V_330_reload  |   in|    8|     ap_none|                                              qh_state_V_330_reload|        scalar|
|qh_state_V_331_reload  |   in|    8|     ap_none|                                              qh_state_V_331_reload|        scalar|
|qh_state_V_332_reload  |   in|    8|     ap_none|                                              qh_state_V_332_reload|        scalar|
|qh_state_V_333_reload  |   in|    8|     ap_none|                                              qh_state_V_333_reload|        scalar|
|qh_state_V_334_reload  |   in|    8|     ap_none|                                              qh_state_V_334_reload|        scalar|
|qh_state_V_335_reload  |   in|    8|     ap_none|                                              qh_state_V_335_reload|        scalar|
|qh_state_V_336_reload  |   in|    8|     ap_none|                                              qh_state_V_336_reload|        scalar|
|qh_state_V_337_reload  |   in|    8|     ap_none|                                              qh_state_V_337_reload|        scalar|
|qh_state_V_338_reload  |   in|    8|     ap_none|                                              qh_state_V_338_reload|        scalar|
|qh_state_V_339_reload  |   in|    8|     ap_none|                                              qh_state_V_339_reload|        scalar|
|qh_state_V_340_reload  |   in|    8|     ap_none|                                              qh_state_V_340_reload|        scalar|
|qh_state_V_341_reload  |   in|    8|     ap_none|                                              qh_state_V_341_reload|        scalar|
|qh_state_V_342_reload  |   in|    8|     ap_none|                                              qh_state_V_342_reload|        scalar|
|qh_state_V_343_reload  |   in|    8|     ap_none|                                              qh_state_V_343_reload|        scalar|
|qh_state_V_344_reload  |   in|    8|     ap_none|                                              qh_state_V_344_reload|        scalar|
|qh_state_V_345_reload  |   in|    8|     ap_none|                                              qh_state_V_345_reload|        scalar|
|qh_state_V_346_reload  |   in|    8|     ap_none|                                              qh_state_V_346_reload|        scalar|
|qh_state_V_347_reload  |   in|    8|     ap_none|                                              qh_state_V_347_reload|        scalar|
|qh_state_V_348_reload  |   in|    8|     ap_none|                                              qh_state_V_348_reload|        scalar|
|qh_state_V_349_reload  |   in|    8|     ap_none|                                              qh_state_V_349_reload|        scalar|
|qh_state_V_350_reload  |   in|    8|     ap_none|                                              qh_state_V_350_reload|        scalar|
|qh_state_V_351_reload  |   in|    8|     ap_none|                                              qh_state_V_351_reload|        scalar|
|qh_state_V_352_reload  |   in|    8|     ap_none|                                              qh_state_V_352_reload|        scalar|
|qh_state_V_353_reload  |   in|    8|     ap_none|                                              qh_state_V_353_reload|        scalar|
|qh_state_V_354_reload  |   in|    8|     ap_none|                                              qh_state_V_354_reload|        scalar|
|qh_state_V_355_reload  |   in|    8|     ap_none|                                              qh_state_V_355_reload|        scalar|
|qh_state_V_356_reload  |   in|    8|     ap_none|                                              qh_state_V_356_reload|        scalar|
|qh_state_V_357_reload  |   in|    8|     ap_none|                                              qh_state_V_357_reload|        scalar|
|qh_state_V_358_reload  |   in|    8|     ap_none|                                              qh_state_V_358_reload|        scalar|
|qh_state_V_359_reload  |   in|    8|     ap_none|                                              qh_state_V_359_reload|        scalar|
|qh_state_V_360_reload  |   in|    8|     ap_none|                                              qh_state_V_360_reload|        scalar|
|qh_state_V_361_reload  |   in|    8|     ap_none|                                              qh_state_V_361_reload|        scalar|
|qh_state_V_362_reload  |   in|    8|     ap_none|                                              qh_state_V_362_reload|        scalar|
|qh_state_V_363_reload  |   in|    8|     ap_none|                                              qh_state_V_363_reload|        scalar|
|qh_state_V_364_reload  |   in|    8|     ap_none|                                              qh_state_V_364_reload|        scalar|
|qh_state_V_365_reload  |   in|    8|     ap_none|                                              qh_state_V_365_reload|        scalar|
|qh_state_V_366_reload  |   in|    8|     ap_none|                                              qh_state_V_366_reload|        scalar|
|qh_state_V_367_reload  |   in|    8|     ap_none|                                              qh_state_V_367_reload|        scalar|
|qh_state_V_368_reload  |   in|    8|     ap_none|                                              qh_state_V_368_reload|        scalar|
|qh_state_V_369_reload  |   in|    8|     ap_none|                                              qh_state_V_369_reload|        scalar|
|qh_state_V_370_reload  |   in|    8|     ap_none|                                              qh_state_V_370_reload|        scalar|
|qh_state_V_371_reload  |   in|    8|     ap_none|                                              qh_state_V_371_reload|        scalar|
|qh_state_V_372_reload  |   in|    8|     ap_none|                                              qh_state_V_372_reload|        scalar|
|qh_state_V_373_reload  |   in|    8|     ap_none|                                              qh_state_V_373_reload|        scalar|
|qh_state_V_374_reload  |   in|    8|     ap_none|                                              qh_state_V_374_reload|        scalar|
|qh_state_V_375_reload  |   in|    8|     ap_none|                                              qh_state_V_375_reload|        scalar|
|qh_state_V_376_reload  |   in|    8|     ap_none|                                              qh_state_V_376_reload|        scalar|
|qh_state_V_377_reload  |   in|    8|     ap_none|                                              qh_state_V_377_reload|        scalar|
|qh_state_V_378_reload  |   in|    8|     ap_none|                                              qh_state_V_378_reload|        scalar|
|qh_state_V_379_reload  |   in|    8|     ap_none|                                              qh_state_V_379_reload|        scalar|
|qh_state_V_380_reload  |   in|    8|     ap_none|                                              qh_state_V_380_reload|        scalar|
|qh_state_V_381_reload  |   in|    8|     ap_none|                                              qh_state_V_381_reload|        scalar|
|qh_state_V_382_reload  |   in|    8|     ap_none|                                              qh_state_V_382_reload|        scalar|
|qh_state_V_383_reload  |   in|    8|     ap_none|                                              qh_state_V_383_reload|        scalar|
|qh_state_V_384_reload  |   in|    8|     ap_none|                                              qh_state_V_384_reload|        scalar|
|qh_state_V_385_reload  |   in|    8|     ap_none|                                              qh_state_V_385_reload|        scalar|
|qh_state_V_386_reload  |   in|    8|     ap_none|                                              qh_state_V_386_reload|        scalar|
|qh_state_V_387_reload  |   in|    8|     ap_none|                                              qh_state_V_387_reload|        scalar|
|qh_state_V_388_reload  |   in|    8|     ap_none|                                              qh_state_V_388_reload|        scalar|
|qh_state_V_389_reload  |   in|    8|     ap_none|                                              qh_state_V_389_reload|        scalar|
|qh_state_V_390_reload  |   in|    8|     ap_none|                                              qh_state_V_390_reload|        scalar|
|qh_state_V_391_reload  |   in|    8|     ap_none|                                              qh_state_V_391_reload|        scalar|
|qh_state_V_392_reload  |   in|    8|     ap_none|                                              qh_state_V_392_reload|        scalar|
|qh_state_V_393_reload  |   in|    8|     ap_none|                                              qh_state_V_393_reload|        scalar|
|qh_state_V_394_reload  |   in|    8|     ap_none|                                              qh_state_V_394_reload|        scalar|
|qh_state_V_395_reload  |   in|    8|     ap_none|                                              qh_state_V_395_reload|        scalar|
|qh_state_V_396_reload  |   in|    8|     ap_none|                                              qh_state_V_396_reload|        scalar|
|qh_state_V_397_reload  |   in|    8|     ap_none|                                              qh_state_V_397_reload|        scalar|
|qh_state_V_398_reload  |   in|    8|     ap_none|                                              qh_state_V_398_reload|        scalar|
|qh_state_V_399_reload  |   in|    8|     ap_none|                                              qh_state_V_399_reload|        scalar|
|qh_state_V_400_reload  |   in|    8|     ap_none|                                              qh_state_V_400_reload|        scalar|
|qh_state_V_401_reload  |   in|    8|     ap_none|                                              qh_state_V_401_reload|        scalar|
|qh_state_V_402_reload  |   in|    8|     ap_none|                                              qh_state_V_402_reload|        scalar|
|qh_state_V_403_reload  |   in|    8|     ap_none|                                              qh_state_V_403_reload|        scalar|
|qh_state_V_404_reload  |   in|    8|     ap_none|                                              qh_state_V_404_reload|        scalar|
|qh_state_V_405_reload  |   in|    8|     ap_none|                                              qh_state_V_405_reload|        scalar|
|qh_state_V_406_reload  |   in|    8|     ap_none|                                              qh_state_V_406_reload|        scalar|
|qh_state_V_407_reload  |   in|    8|     ap_none|                                              qh_state_V_407_reload|        scalar|
|qh_state_V_408_reload  |   in|    8|     ap_none|                                              qh_state_V_408_reload|        scalar|
|qh_state_V_409_reload  |   in|    8|     ap_none|                                              qh_state_V_409_reload|        scalar|
|qh_state_V_410_reload  |   in|    8|     ap_none|                                              qh_state_V_410_reload|        scalar|
|qh_state_V_411_reload  |   in|    8|     ap_none|                                              qh_state_V_411_reload|        scalar|
|qh_state_V_412_reload  |   in|    8|     ap_none|                                              qh_state_V_412_reload|        scalar|
|qh_state_V_413_reload  |   in|    8|     ap_none|                                              qh_state_V_413_reload|        scalar|
|qh_state_V_414_reload  |   in|    8|     ap_none|                                              qh_state_V_414_reload|        scalar|
|qh_state_V_415_reload  |   in|    8|     ap_none|                                              qh_state_V_415_reload|        scalar|
|qh_state_V_416_reload  |   in|    8|     ap_none|                                              qh_state_V_416_reload|        scalar|
|qh_state_V_417_reload  |   in|    8|     ap_none|                                              qh_state_V_417_reload|        scalar|
|qh_state_V_418_reload  |   in|    8|     ap_none|                                              qh_state_V_418_reload|        scalar|
|qh_state_V_419_reload  |   in|    8|     ap_none|                                              qh_state_V_419_reload|        scalar|
|qh_state_V_420_reload  |   in|    8|     ap_none|                                              qh_state_V_420_reload|        scalar|
|qh_state_V_421_reload  |   in|    8|     ap_none|                                              qh_state_V_421_reload|        scalar|
|qh_state_V_422_reload  |   in|    8|     ap_none|                                              qh_state_V_422_reload|        scalar|
|qh_state_V_423_reload  |   in|    8|     ap_none|                                              qh_state_V_423_reload|        scalar|
|qh_state_V_424_reload  |   in|    8|     ap_none|                                              qh_state_V_424_reload|        scalar|
|qh_state_V_425_reload  |   in|    8|     ap_none|                                              qh_state_V_425_reload|        scalar|
|qh_state_V_426_reload  |   in|    8|     ap_none|                                              qh_state_V_426_reload|        scalar|
|qh_state_V_427_reload  |   in|    8|     ap_none|                                              qh_state_V_427_reload|        scalar|
|qh_state_V_428_reload  |   in|    8|     ap_none|                                              qh_state_V_428_reload|        scalar|
|qh_state_V_429_reload  |   in|    8|     ap_none|                                              qh_state_V_429_reload|        scalar|
|qh_state_V_430_reload  |   in|    8|     ap_none|                                              qh_state_V_430_reload|        scalar|
|qh_state_V_431_reload  |   in|    8|     ap_none|                                              qh_state_V_431_reload|        scalar|
|qh_state_V_432_reload  |   in|    8|     ap_none|                                              qh_state_V_432_reload|        scalar|
|qh_state_V_433_reload  |   in|    8|     ap_none|                                              qh_state_V_433_reload|        scalar|
|qh_state_V_434_reload  |   in|    8|     ap_none|                                              qh_state_V_434_reload|        scalar|
|qh_state_V_435_reload  |   in|    8|     ap_none|                                              qh_state_V_435_reload|        scalar|
|qh_state_V_436_reload  |   in|    8|     ap_none|                                              qh_state_V_436_reload|        scalar|
|qh_state_V_437_reload  |   in|    8|     ap_none|                                              qh_state_V_437_reload|        scalar|
|qh_state_V_438_reload  |   in|    8|     ap_none|                                              qh_state_V_438_reload|        scalar|
|qh_state_V_439_reload  |   in|    8|     ap_none|                                              qh_state_V_439_reload|        scalar|
|qh_state_V_440_reload  |   in|    8|     ap_none|                                              qh_state_V_440_reload|        scalar|
|qh_state_V_441_reload  |   in|    8|     ap_none|                                              qh_state_V_441_reload|        scalar|
|qh_state_V_442_reload  |   in|    8|     ap_none|                                              qh_state_V_442_reload|        scalar|
|qh_state_V_443_reload  |   in|    8|     ap_none|                                              qh_state_V_443_reload|        scalar|
|qh_state_V_444_reload  |   in|    8|     ap_none|                                              qh_state_V_444_reload|        scalar|
|qh_state_V_445_reload  |   in|    8|     ap_none|                                              qh_state_V_445_reload|        scalar|
|qh_state_V_446_reload  |   in|    8|     ap_none|                                              qh_state_V_446_reload|        scalar|
|qh_state_V_447_reload  |   in|    8|     ap_none|                                              qh_state_V_447_reload|        scalar|
|qh_state_V_448_reload  |   in|    8|     ap_none|                                              qh_state_V_448_reload|        scalar|
|qh_state_V_449_reload  |   in|    8|     ap_none|                                              qh_state_V_449_reload|        scalar|
|qh_state_V_450_reload  |   in|    8|     ap_none|                                              qh_state_V_450_reload|        scalar|
|qh_state_V_451_reload  |   in|    8|     ap_none|                                              qh_state_V_451_reload|        scalar|
|qh_state_V_452_reload  |   in|    8|     ap_none|                                              qh_state_V_452_reload|        scalar|
|qh_state_V_453_reload  |   in|    8|     ap_none|                                              qh_state_V_453_reload|        scalar|
|qh_state_V_454_reload  |   in|    8|     ap_none|                                              qh_state_V_454_reload|        scalar|
|qh_state_V_455_reload  |   in|    8|     ap_none|                                              qh_state_V_455_reload|        scalar|
|qh_state_V_456_reload  |   in|    8|     ap_none|                                              qh_state_V_456_reload|        scalar|
|qh_state_V_457_reload  |   in|    8|     ap_none|                                              qh_state_V_457_reload|        scalar|
|qh_state_V_458_reload  |   in|    8|     ap_none|                                              qh_state_V_458_reload|        scalar|
|qh_state_V_459_reload  |   in|    8|     ap_none|                                              qh_state_V_459_reload|        scalar|
|qh_state_V_460_reload  |   in|    8|     ap_none|                                              qh_state_V_460_reload|        scalar|
|qh_state_V_461_reload  |   in|    8|     ap_none|                                              qh_state_V_461_reload|        scalar|
|qh_state_V_462_reload  |   in|    8|     ap_none|                                              qh_state_V_462_reload|        scalar|
|qh_state_V_463_reload  |   in|    8|     ap_none|                                              qh_state_V_463_reload|        scalar|
|qh_state_V_464_reload  |   in|    8|     ap_none|                                              qh_state_V_464_reload|        scalar|
|qh_state_V_465_reload  |   in|    8|     ap_none|                                              qh_state_V_465_reload|        scalar|
|qh_state_V_466_reload  |   in|    8|     ap_none|                                              qh_state_V_466_reload|        scalar|
|qh_state_V_467_reload  |   in|    8|     ap_none|                                              qh_state_V_467_reload|        scalar|
|qh_state_V_468_reload  |   in|    8|     ap_none|                                              qh_state_V_468_reload|        scalar|
|qh_state_V_469_reload  |   in|    8|     ap_none|                                              qh_state_V_469_reload|        scalar|
|qh_state_V_470_reload  |   in|    8|     ap_none|                                              qh_state_V_470_reload|        scalar|
|qh_state_V_471_reload  |   in|    8|     ap_none|                                              qh_state_V_471_reload|        scalar|
|qh_state_V_472_reload  |   in|    8|     ap_none|                                              qh_state_V_472_reload|        scalar|
|qh_state_V_473_reload  |   in|    8|     ap_none|                                              qh_state_V_473_reload|        scalar|
|qh_state_V_474_reload  |   in|    8|     ap_none|                                              qh_state_V_474_reload|        scalar|
|qh_state_V_475_reload  |   in|    8|     ap_none|                                              qh_state_V_475_reload|        scalar|
|qh_state_V_476_reload  |   in|    8|     ap_none|                                              qh_state_V_476_reload|        scalar|
|qh_state_V_477_reload  |   in|    8|     ap_none|                                              qh_state_V_477_reload|        scalar|
|qh_state_V_478_reload  |   in|    8|     ap_none|                                              qh_state_V_478_reload|        scalar|
|qh_state_V_479_reload  |   in|    8|     ap_none|                                              qh_state_V_479_reload|        scalar|
|qh_state_V_480_reload  |   in|    8|     ap_none|                                              qh_state_V_480_reload|        scalar|
|qh_state_V_481_reload  |   in|    8|     ap_none|                                              qh_state_V_481_reload|        scalar|
|qh_state_V_482_reload  |   in|    8|     ap_none|                                              qh_state_V_482_reload|        scalar|
|qh_state_V_483_reload  |   in|    8|     ap_none|                                              qh_state_V_483_reload|        scalar|
|qh_state_V_484_reload  |   in|    8|     ap_none|                                              qh_state_V_484_reload|        scalar|
|qh_state_V_485_reload  |   in|    8|     ap_none|                                              qh_state_V_485_reload|        scalar|
|qh_state_V_486_reload  |   in|    8|     ap_none|                                              qh_state_V_486_reload|        scalar|
|qh_state_V_487_reload  |   in|    8|     ap_none|                                              qh_state_V_487_reload|        scalar|
|qh_state_V_488_reload  |   in|    8|     ap_none|                                              qh_state_V_488_reload|        scalar|
|qh_state_V_489_reload  |   in|    8|     ap_none|                                              qh_state_V_489_reload|        scalar|
|qh_state_V_490_reload  |   in|    8|     ap_none|                                              qh_state_V_490_reload|        scalar|
|qh_state_V_491_reload  |   in|    8|     ap_none|                                              qh_state_V_491_reload|        scalar|
|qh_state_V_492_reload  |   in|    8|     ap_none|                                              qh_state_V_492_reload|        scalar|
|qh_state_V_493_reload  |   in|    8|     ap_none|                                              qh_state_V_493_reload|        scalar|
|qh_state_V_494_reload  |   in|    8|     ap_none|                                              qh_state_V_494_reload|        scalar|
|qh_state_V_495_reload  |   in|    8|     ap_none|                                              qh_state_V_495_reload|        scalar|
|qh_state_V_496_reload  |   in|    8|     ap_none|                                              qh_state_V_496_reload|        scalar|
|qh_state_V_497_reload  |   in|    8|     ap_none|                                              qh_state_V_497_reload|        scalar|
|qh_state_V_498_reload  |   in|    8|     ap_none|                                              qh_state_V_498_reload|        scalar|
|qh_state_V_499_reload  |   in|    8|     ap_none|                                              qh_state_V_499_reload|        scalar|
|qh_state_V_500_reload  |   in|    8|     ap_none|                                              qh_state_V_500_reload|        scalar|
|qh_state_V_501_reload  |   in|    8|     ap_none|                                              qh_state_V_501_reload|        scalar|
|qh_state_V_502_reload  |   in|    8|     ap_none|                                              qh_state_V_502_reload|        scalar|
|qh_state_V_503_reload  |   in|    8|     ap_none|                                              qh_state_V_503_reload|        scalar|
|qh_state_V_504_reload  |   in|    8|     ap_none|                                              qh_state_V_504_reload|        scalar|
|qh_state_V_505_reload  |   in|    8|     ap_none|                                              qh_state_V_505_reload|        scalar|
|qh_state_V_506_reload  |   in|    8|     ap_none|                                              qh_state_V_506_reload|        scalar|
|qh_state_V_507_reload  |   in|    8|     ap_none|                                              qh_state_V_507_reload|        scalar|
|qh_state_V_508_reload  |   in|    8|     ap_none|                                              qh_state_V_508_reload|        scalar|
|qh_state_V_509_reload  |   in|    8|     ap_none|                                              qh_state_V_509_reload|        scalar|
|qh_state_V_510_reload  |   in|    8|     ap_none|                                              qh_state_V_510_reload|        scalar|
|qh_state_V_511_reload  |   in|    8|     ap_none|                                              qh_state_V_511_reload|        scalar|
|qh_state_V_reload      |   in|    8|     ap_none|                                                  qh_state_V_reload|        scalar|
|h_newstate_address0    |  out|    9|   ap_memory|                                                         h_newstate|         array|
|h_newstate_ce0         |  out|    1|   ap_memory|                                                         h_newstate|         array|
|h_newstate_we0         |  out|    1|   ap_memory|                                                         h_newstate|         array|
|h_newstate_d0          |  out|    8|   ap_memory|                                                         h_newstate|         array|
|h_state_V_address0     |  out|    9|   ap_memory|                                                          h_state_V|         array|
|h_state_V_ce0          |  out|    1|   ap_memory|                                                          h_state_V|         array|
|h_state_V_we0          |  out|    1|   ap_memory|                                                          h_state_V|         array|
|h_state_V_d0           |  out|    8|   ap_memory|                                                          h_state_V|         array|
+-----------------------+-----+-----+------------+-------------------------------------------------------------------+--------------+

