

================================================================
== Vitis HLS Report for 'gru_static_ap_fixed_ap_fixed_config2_b_Pipeline_VITIS_LOOP_512_6'
================================================================
* Date:           Sat Sep 16 17:44:37 2023

* Version:        2022.2 (Build 3670227 on Oct 13 2022)
* Project:        alveo_hls4ml
* Solution:       solution (Vitis Kernel Flow Target)
* Product family: virtexuplus
* Target device:  xcu55c-fsvh2892-2L-e


================================================================
== Performance Estimates
================================================================
+ Timing: 
    * Summary: 
    +--------+---------+----------+------------+
    |  Clock |  Target | Estimated| Uncertainty|
    +--------+---------+----------+------------+
    |ap_clk  |  4.00 ns|  2.882 ns|     1.08 ns|
    +--------+---------+----------+------------+

+ Latency: 
    * Summary: 
    +---------+---------+----------+----------+-----+-----+---------+
    |  Latency (cycles) |  Latency (absolute) |  Interval | Pipeline|
    |   min   |   max   |    min   |    max   | min | max |   Type  |
    +---------+---------+----------+----------+-----+-----+---------+
    |      517|      517|  2.068 us|  2.068 us|  517|  517|       no|
    +---------+---------+----------+----------+-----+-----+---------+

    + Detail: 
        * Instance: 
        N/A

        * Loop: 
        +--------------------+---------+---------+----------+-----------+-----------+------+----------+
        |                    |  Latency (cycles) | Iteration|  Initiation Interval  | Trip |          |
        |      Loop Name     |   min   |   max   |  Latency |  achieved |   target  | Count| Pipelined|
        +--------------------+---------+---------+----------+-----------+-----------+------+----------+
        |- VITIS_LOOP_512_6  |      515|      515|         5|          1|          1|   512|       yes|
        +--------------------+---------+---------+----------+-----------+-----------+------+----------+



================================================================
== Utilization Estimates
================================================================
* Summary: 
+---------------------+---------+------+---------+---------+-----+
|         Name        | BRAM_18K|  DSP |    FF   |   LUT   | URAM|
+---------------------+---------+------+---------+---------+-----+
|DSP                  |        -|     1|        -|        -|    -|
|Expression           |        -|     -|        0|       46|    -|
|FIFO                 |        -|     -|        -|        -|    -|
|Instance             |        -|     0|        0|     2733|    -|
|Memory               |        -|     -|        -|        -|    -|
|Multiplexer          |        -|     -|        -|       36|    -|
|Register             |        -|     -|      131|       32|    -|
+---------------------+---------+------+---------+---------+-----+
|Total                |        0|     1|      131|     2847|    0|
+---------------------+---------+------+---------+---------+-----+
|Available SLR        |     1344|  3008|   869120|   434560|  320|
+---------------------+---------+------+---------+---------+-----+
|Utilization SLR (%)  |        0|    ~0|       ~0|       ~0|    0|
+---------------------+---------+------+---------+---------+-----+
|Available            |     4032|  9024|  2607360|  1303680|  960|
+---------------------+---------+------+---------+---------+-----+
|Utilization (%)      |        0|    ~0|       ~0|       ~0|    0|
+---------------------+---------+------+---------+---------+-----+

+ Detail: 
    * Instance: 
    +-------------------------+-------------------+---------+----+---+------+-----+
    |         Instance        |       Module      | BRAM_18K| DSP| FF|  LUT | URAM|
    +-------------------------+-------------------+---------+----+---+------+-----+
    |mul_8s_8ns_15_1_1_U5460  |mul_8s_8ns_15_1_1  |        0|   0|  0|    40|    0|
    |mux_5129_8_1_1_U5459     |mux_5129_8_1_1     |        0|   0|  0|  2693|    0|
    +-------------------------+-------------------+---------+----+---+------+-----+
    |Total                    |                   |        0|   0|  0|  2733|    0|
    +-------------------------+-------------------+---------+----+---+------+-----+

    * DSP: 
    +-----------------------------------+-----------------------------+--------------+
    |              Instance             |            Module           |  Expression  |
    +-----------------------------------+-----------------------------+--------------+
    |mac_muladd_9s_8s_15s_15_4_1_U5461  |mac_muladd_9s_8s_15s_15_4_1  |  i0 + i1 * i2|
    +-----------------------------------+-----------------------------+--------------+

    * Memory: 
    N/A

    * FIFO: 
    N/A

    * Expression: 
    +-----------------------+----------+----+---+----+------------+------------+
    |     Variable Name     | Operation| DSP| FF| LUT| Bitwidth P0| Bitwidth P1|
    +-----------------------+----------+----+---+----+------------+------------+
    |add_ln512_fu_4212_p2   |         +|   0|  0|  17|          10|           1|
    |ret_V_fu_5267_p2       |         -|   0|  0|  16|           8|           9|
    |icmp_ln512_fu_4206_p2  |      icmp|   0|  0|  11|          10|          11|
    |ap_enable_pp0          |       xor|   0|  0|   2|           1|           2|
    +-----------------------+----------+----+---+----+------------+------------+
    |Total                  |          |   0|  0|  46|          29|          23|
    +-----------------------+----------+----+---+----+------------+------------+

    * Multiplexer: 
    +-------------------------+----+-----------+-----+-----------+
    |           Name          | LUT| Input Size| Bits| Total Bits|
    +-------------------------+----+-----------+-----+-----------+
    |ap_done_int              |   9|          2|    1|          2|
    |ap_enable_reg_pp0_iter1  |   9|          2|    1|          2|
    |ap_sig_allocacmp_iacc_4  |   9|          2|   10|         20|
    |iacc_fu_1070             |   9|          2|   10|         20|
    +-------------------------+----+-----------+-----+-----------+
    |Total                    |  36|          8|   22|         44|
    +-------------------------+----+-----------+-----+-----------+

    * Register: 
    +-----------------------------------+----+----+-----+-----------+
    |                Name               | FF | LUT| Bits| Const Bits|
    +-----------------------------------+----+----+-----+-----------+
    |ap_CS_fsm                          |   1|   0|    1|          0|
    |ap_done_reg                        |   1|   0|    1|          0|
    |ap_enable_reg_pp0_iter1            |   1|   0|    1|          0|
    |ap_enable_reg_pp0_iter2            |   1|   0|    1|          0|
    |ap_enable_reg_pp0_iter3            |   1|   0|    1|          0|
    |ap_enable_reg_pp0_iter4            |   1|   0|    1|          0|
    |ap_loop_exit_ready_pp0_iter1_reg   |   1|   0|    1|          0|
    |ap_loop_exit_ready_pp0_iter2_reg   |   1|   0|    1|          0|
    |ap_loop_exit_ready_pp0_iter3_reg   |   1|   0|    1|          0|
    |iacc_fu_1070                       |  10|   0|   10|          0|
    |mul_ln1347_reg_5355                |  15|   0|   15|          0|
    |mul_ln1347_reg_5355_pp0_iter2_reg  |  15|   0|   15|          0|
    |r_V_2_reg_5340                     |   8|   0|    8|          0|
    |zext_ln512_reg_5324                |  10|   0|   64|         54|
    |zext_ln512_reg_5324                |  64|  32|   64|         54|
    +-----------------------------------+----+----+-----+-----------+
    |Total                              | 131|  32|  185|        108|
    +-----------------------------------+----+----+-----+-----------+



================================================================
== Interface
================================================================
* Summary: 
+------------------------+-----+-----+------------+-------------------------------------------------------------------+--------------+
|        RTL Ports       | Dir | Bits|  Protocol  |                           Source Object                           |    C Type    |
+------------------------+-----+-----+------------+-------------------------------------------------------------------+--------------+
|ap_clk                  |   in|    1|  ap_ctrl_hs|  gru_static<ap_fixed,ap_fixed,config2_b>_Pipeline_VITIS_LOOP_512_6|  return value|
|ap_rst                  |   in|    1|  ap_ctrl_hs|  gru_static<ap_fixed,ap_fixed,config2_b>_Pipeline_VITIS_LOOP_512_6|  return value|
|ap_start                |   in|    1|  ap_ctrl_hs|  gru_static<ap_fixed,ap_fixed,config2_b>_Pipeline_VITIS_LOOP_512_6|  return value|
|ap_done                 |  out|    1|  ap_ctrl_hs|  gru_static<ap_fixed,ap_fixed,config2_b>_Pipeline_VITIS_LOOP_512_6|  return value|
|ap_idle                 |  out|    1|  ap_ctrl_hs|  gru_static<ap_fixed,ap_fixed,config2_b>_Pipeline_VITIS_LOOP_512_6|  return value|
|ap_ready                |  out|    1|  ap_ctrl_hs|  gru_static<ap_fixed,ap_fixed,config2_b>_Pipeline_VITIS_LOOP_512_6|  return value|
|tmpres_zr_V_address0    |  out|   10|   ap_memory|                                                        tmpres_zr_V|         array|
|tmpres_zr_V_ce0         |  out|    1|   ap_memory|                                                        tmpres_zr_V|         array|
|tmpres_zr_V_q0          |   in|    8|   ap_memory|                                                        tmpres_zr_V|         array|
|tmpres_h_V_address0     |  out|    9|   ap_memory|                                                         tmpres_h_V|         array|
|tmpres_h_V_ce0          |  out|    1|   ap_memory|                                                         tmpres_h_V|         array|
|tmpres_h_V_q0           |   in|    8|   ap_memory|                                                         tmpres_h_V|         array|
|qh_state_V_512_reload   |   in|    8|     ap_none|                                              qh_state_V_512_reload|        scalar|
|qh_state_V_513_reload   |   in|    8|     ap_none|                                              qh_state_V_513_reload|        scalar|
|qh_state_V_514_reload   |   in|    8|     ap_none|                                              qh_state_V_514_reload|        scalar|
|qh_state_V_515_reload   |   in|    8|     ap_none|                                              qh_state_V_515_reload|        scalar|
|qh_state_V_516_reload   |   in|    8|     ap_none|                                              qh_state_V_516_reload|        scalar|
|qh_state_V_517_reload   |   in|    8|     ap_none|                                              qh_state_V_517_reload|        scalar|
|qh_state_V_518_reload   |   in|    8|     ap_none|                                              qh_state_V_518_reload|        scalar|
|qh_state_V_519_reload   |   in|    8|     ap_none|                                              qh_state_V_519_reload|        scalar|
|qh_state_V_520_reload   |   in|    8|     ap_none|                                              qh_state_V_520_reload|        scalar|
|qh_state_V_521_reload   |   in|    8|     ap_none|                                              qh_state_V_521_reload|        scalar|
|qh_state_V_522_reload   |   in|    8|     ap_none|                                              qh_state_V_522_reload|        scalar|
|qh_state_V_523_reload   |   in|    8|     ap_none|                                              qh_state_V_523_reload|        scalar|
|qh_state_V_524_reload   |   in|    8|     ap_none|                                              qh_state_V_524_reload|        scalar|
|qh_state_V_525_reload   |   in|    8|     ap_none|                                              qh_state_V_525_reload|        scalar|
|qh_state_V_526_reload   |   in|    8|     ap_none|                                              qh_state_V_526_reload|        scalar|
|qh_state_V_527_reload   |   in|    8|     ap_none|                                              qh_state_V_527_reload|        scalar|
|qh_state_V_528_reload   |   in|    8|     ap_none|                                              qh_state_V_528_reload|        scalar|
|qh_state_V_529_reload   |   in|    8|     ap_none|                                              qh_state_V_529_reload|        scalar|
|qh_state_V_530_reload   |   in|    8|     ap_none|                                              qh_state_V_530_reload|        scalar|
|qh_state_V_531_reload   |   in|    8|     ap_none|                                              qh_state_V_531_reload|        scalar|
|qh_state_V_532_reload   |   in|    8|     ap_none|                                              qh_state_V_532_reload|        scalar|
|qh_state_V_533_reload   |   in|    8|     ap_none|                                              qh_state_V_533_reload|        scalar|
|qh_state_V_534_reload   |   in|    8|     ap_none|                                              qh_state_V_534_reload|        scalar|
|qh_state_V_535_reload   |   in|    8|     ap_none|                                              qh_state_V_535_reload|        scalar|
|qh_state_V_536_reload   |   in|    8|     ap_none|                                              qh_state_V_536_reload|        scalar|
|qh_state_V_537_reload   |   in|    8|     ap_none|                                              qh_state_V_537_reload|        scalar|
|qh_state_V_538_reload   |   in|    8|     ap_none|                                              qh_state_V_538_reload|        scalar|
|qh_state_V_539_reload   |   in|    8|     ap_none|                                              qh_state_V_539_reload|        scalar|
|qh_state_V_540_reload   |   in|    8|     ap_none|                                              qh_state_V_540_reload|        scalar|
|qh_state_V_541_reload   |   in|    8|     ap_none|                                              qh_state_V_541_reload|        scalar|
|qh_state_V_542_reload   |   in|    8|     ap_none|                                              qh_state_V_542_reload|        scalar|
|qh_state_V_543_reload   |   in|    8|     ap_none|                                              qh_state_V_543_reload|        scalar|
|qh_state_V_544_reload   |   in|    8|     ap_none|                                              qh_state_V_544_reload|        scalar|
|qh_state_V_545_reload   |   in|    8|     ap_none|                                              qh_state_V_545_reload|        scalar|
|qh_state_V_546_reload   |   in|    8|     ap_none|                                              qh_state_V_546_reload|        scalar|
|qh_state_V_547_reload   |   in|    8|     ap_none|                                              qh_state_V_547_reload|        scalar|
|qh_state_V_548_reload   |   in|    8|     ap_none|                                              qh_state_V_548_reload|        scalar|
|qh_state_V_549_reload   |   in|    8|     ap_none|                                              qh_state_V_549_reload|        scalar|
|qh_state_V_550_reload   |   in|    8|     ap_none|                                              qh_state_V_550_reload|        scalar|
|qh_state_V_551_reload   |   in|    8|     ap_none|                                              qh_state_V_551_reload|        scalar|
|qh_state_V_552_reload   |   in|    8|     ap_none|                                              qh_state_V_552_reload|        scalar|
|qh_state_V_553_reload   |   in|    8|     ap_none|                                              qh_state_V_553_reload|        scalar|
|qh_state_V_554_reload   |   in|    8|     ap_none|                                              qh_state_V_554_reload|        scalar|
|qh_state_V_555_reload   |   in|    8|     ap_none|                                              qh_state_V_555_reload|        scalar|
|qh_state_V_556_reload   |   in|    8|     ap_none|                                              qh_state_V_556_reload|        scalar|
|qh_state_V_557_reload   |   in|    8|     ap_none|                                              qh_state_V_557_reload|        scalar|
|qh_state_V_558_reload   |   in|    8|     ap_none|                                              qh_state_V_558_reload|        scalar|
|qh_state_V_559_reload   |   in|    8|     ap_none|                                              qh_state_V_559_reload|        scalar|
|qh_state_V_560_reload   |   in|    8|     ap_none|                                              qh_state_V_560_reload|        scalar|
|qh_state_V_561_reload   |   in|    8|     ap_none|                                              qh_state_V_561_reload|        scalar|
|qh_state_V_562_reload   |   in|    8|     ap_none|                                              qh_state_V_562_reload|        scalar|
|qh_state_V_563_reload   |   in|    8|     ap_none|                                              qh_state_V_563_reload|        scalar|
|qh_state_V_564_reload   |   in|    8|     ap_none|                                              qh_state_V_564_reload|        scalar|
|qh_state_V_565_reload   |   in|    8|     ap_none|                                              qh_state_V_565_reload|        scalar|
|qh_state_V_566_reload   |   in|    8|     ap_none|                                              qh_state_V_566_reload|        scalar|
|qh_state_V_567_reload   |   in|    8|     ap_none|                                              qh_state_V_567_reload|        scalar|
|qh_state_V_568_reload   |   in|    8|     ap_none|                                              qh_state_V_568_reload|        scalar|
|qh_state_V_569_reload   |   in|    8|     ap_none|                                              qh_state_V_569_reload|        scalar|
|qh_state_V_570_reload   |   in|    8|     ap_none|                                              qh_state_V_570_reload|        scalar|
|qh_state_V_571_reload   |   in|    8|     ap_none|                                              qh_state_V_571_reload|        scalar|
|qh_state_V_572_reload   |   in|    8|     ap_none|                                              qh_state_V_572_reload|        scalar|
|qh_state_V_573_reload   |   in|    8|     ap_none|                                              qh_state_V_573_reload|        scalar|
|qh_state_V_574_reload   |   in|    8|     ap_none|                                              qh_state_V_574_reload|        scalar|
|qh_state_V_575_reload   |   in|    8|     ap_none|                                              qh_state_V_575_reload|        scalar|
|qh_state_V_576_reload   |   in|    8|     ap_none|                                              qh_state_V_576_reload|        scalar|
|qh_state_V_577_reload   |   in|    8|     ap_none|                                              qh_state_V_577_reload|        scalar|
|qh_state_V_578_reload   |   in|    8|     ap_none|                                              qh_state_V_578_reload|        scalar|
|qh_state_V_579_reload   |   in|    8|     ap_none|                                              qh_state_V_579_reload|        scalar|
|qh_state_V_580_reload   |   in|    8|     ap_none|                                              qh_state_V_580_reload|        scalar|
|qh_state_V_581_reload   |   in|    8|     ap_none|                                              qh_state_V_581_reload|        scalar|
|qh_state_V_582_reload   |   in|    8|     ap_none|                                              qh_state_V_582_reload|        scalar|
|qh_state_V_583_reload   |   in|    8|     ap_none|                                              qh_state_V_583_reload|        scalar|
|qh_state_V_584_reload   |   in|    8|     ap_none|                                              qh_state_V_584_reload|        scalar|
|qh_state_V_585_reload   |   in|    8|     ap_none|                                              qh_state_V_585_reload|        scalar|
|qh_state_V_586_reload   |   in|    8|     ap_none|                                              qh_state_V_586_reload|        scalar|
|qh_state_V_587_reload   |   in|    8|     ap_none|                                              qh_state_V_587_reload|        scalar|
|qh_state_V_588_reload   |   in|    8|     ap_none|                                              qh_state_V_588_reload|        scalar|
|qh_state_V_589_reload   |   in|    8|     ap_none|                                              qh_state_V_589_reload|        scalar|
|qh_state_V_590_reload   |   in|    8|     ap_none|                                              qh_state_V_590_reload|        scalar|
|qh_state_V_591_reload   |   in|    8|     ap_none|                                              qh_state_V_591_reload|        scalar|
|qh_state_V_592_reload   |   in|    8|     ap_none|                                              qh_state_V_592_reload|        scalar|
|qh_state_V_593_reload   |   in|    8|     ap_none|                                              qh_state_V_593_reload|        scalar|
|qh_state_V_594_reload   |   in|    8|     ap_none|                                              qh_state_V_594_reload|        scalar|
|qh_state_V_595_reload   |   in|    8|     ap_none|                                              qh_state_V_595_reload|        scalar|
|qh_state_V_596_reload   |   in|    8|     ap_none|                                              qh_state_V_596_reload|        scalar|
|qh_state_V_597_reload   |   in|    8|     ap_none|                                              qh_state_V_597_reload|        scalar|
|qh_state_V_598_reload   |   in|    8|     ap_none|                                              qh_state_V_598_reload|        scalar|
|qh_state_V_599_reload   |   in|    8|     ap_none|                                              qh_state_V_599_reload|        scalar|
|qh_state_V_600_reload   |   in|    8|     ap_none|                                              qh_state_V_600_reload|        scalar|
|qh_state_V_601_reload   |   in|    8|     ap_none|                                              qh_state_V_601_reload|        scalar|
|qh_state_V_602_reload   |   in|    8|     ap_none|                                              qh_state_V_602_reload|        scalar|
|qh_state_V_603_reload   |   in|    8|     ap_none|                                              qh_state_V_603_reload|        scalar|
|qh_state_V_604_reload   |   in|    8|     ap_none|                                              qh_state_V_604_reload|        scalar|
|qh_state_V_605_reload   |   in|    8|     ap_none|                                              qh_state_V_605_reload|        scalar|
|qh_state_V_606_reload   |   in|    8|     ap_none|                                              qh_state_V_606_reload|        scalar|
|qh_state_V_607_reload   |   in|    8|     ap_none|                                              qh_state_V_607_reload|        scalar|
|qh_state_V_608_reload   |   in|    8|     ap_none|                                              qh_state_V_608_reload|        scalar|
|qh_state_V_609_reload   |   in|    8|     ap_none|                                              qh_state_V_609_reload|        scalar|
|qh_state_V_610_reload   |   in|    8|     ap_none|                                              qh_state_V_610_reload|        scalar|
|qh_state_V_611_reload   |   in|    8|     ap_none|                                              qh_state_V_611_reload|        scalar|
|qh_state_V_612_reload   |   in|    8|     ap_none|                                              qh_state_V_612_reload|        scalar|
|qh_state_V_613_reload   |   in|    8|     ap_none|                                              qh_state_V_613_reload|        scalar|
|qh_state_V_614_reload   |   in|    8|     ap_none|                                              qh_state_V_614_reload|        scalar|
|qh_state_V_615_reload   |   in|    8|     ap_none|                                              qh_state_V_615_reload|        scalar|
|qh_state_V_616_reload   |   in|    8|     ap_none|                                              qh_state_V_616_reload|        scalar|
|qh_state_V_617_reload   |   in|    8|     ap_none|                                              qh_state_V_617_reload|        scalar|
|qh_state_V_618_reload   |   in|    8|     ap_none|                                              qh_state_V_618_reload|        scalar|
|qh_state_V_619_reload   |   in|    8|     ap_none|                                              qh_state_V_619_reload|        scalar|
|qh_state_V_620_reload   |   in|    8|     ap_none|                                              qh_state_V_620_reload|        scalar|
|qh_state_V_621_reload   |   in|    8|     ap_none|                                              qh_state_V_621_reload|        scalar|
|qh_state_V_622_reload   |   in|    8|     ap_none|                                              qh_state_V_622_reload|        scalar|
|qh_state_V_623_reload   |   in|    8|     ap_none|                                              qh_state_V_623_reload|        scalar|
|qh_state_V_624_reload   |   in|    8|     ap_none|                                              qh_state_V_624_reload|        scalar|
|qh_state_V_625_reload   |   in|    8|     ap_none|                                              qh_state_V_625_reload|        scalar|
|qh_state_V_626_reload   |   in|    8|     ap_none|                                              qh_state_V_626_reload|        scalar|
|qh_state_V_627_reload   |   in|    8|     ap_none|                                              qh_state_V_627_reload|        scalar|
|qh_state_V_628_reload   |   in|    8|     ap_none|                                              qh_state_V_628_reload|        scalar|
|qh_state_V_629_reload   |   in|    8|     ap_none|                                              qh_state_V_629_reload|        scalar|
|qh_state_V_630_reload   |   in|    8|     ap_none|                                              qh_state_V_630_reload|        scalar|
|qh_state_V_631_reload   |   in|    8|     ap_none|                                              qh_state_V_631_reload|        scalar|
|qh_state_V_632_reload   |   in|    8|     ap_none|                                              qh_state_V_632_reload|        scalar|
|qh_state_V_633_reload   |   in|    8|     ap_none|                                              qh_state_V_633_reload|        scalar|
|qh_state_V_634_reload   |   in|    8|     ap_none|                                              qh_state_V_634_reload|        scalar|
|qh_state_V_635_reload   |   in|    8|     ap_none|                                              qh_state_V_635_reload|        scalar|
|qh_state_V_636_reload   |   in|    8|     ap_none|                                              qh_state_V_636_reload|        scalar|
|qh_state_V_637_reload   |   in|    8|     ap_none|                                              qh_state_V_637_reload|        scalar|
|qh_state_V_638_reload   |   in|    8|     ap_none|                                              qh_state_V_638_reload|        scalar|
|qh_state_V_639_reload   |   in|    8|     ap_none|                                              qh_state_V_639_reload|        scalar|
|qh_state_V_640_reload   |   in|    8|     ap_none|                                              qh_state_V_640_reload|        scalar|
|qh_state_V_641_reload   |   in|    8|     ap_none|                                              qh_state_V_641_reload|        scalar|
|qh_state_V_642_reload   |   in|    8|     ap_none|                                              qh_state_V_642_reload|        scalar|
|qh_state_V_643_reload   |   in|    8|     ap_none|                                              qh_state_V_643_reload|        scalar|
|qh_state_V_644_reload   |   in|    8|     ap_none|                                              qh_state_V_644_reload|        scalar|
|qh_state_V_645_reload   |   in|    8|     ap_none|                                              qh_state_V_645_reload|        scalar|
|qh_state_V_646_reload   |   in|    8|     ap_none|                                              qh_state_V_646_reload|        scalar|
|qh_state_V_647_reload   |   in|    8|     ap_none|                                              qh_state_V_647_reload|        scalar|
|qh_state_V_648_reload   |   in|    8|     ap_none|                                              qh_state_V_648_reload|        scalar|
|qh_state_V_649_reload   |   in|    8|     ap_none|                                              qh_state_V_649_reload|        scalar|
|qh_state_V_650_reload   |   in|    8|     ap_none|                                              qh_state_V_650_reload|        scalar|
|qh_state_V_651_reload   |   in|    8|     ap_none|                                              qh_state_V_651_reload|        scalar|
|qh_state_V_652_reload   |   in|    8|     ap_none|                                              qh_state_V_652_reload|        scalar|
|qh_state_V_653_reload   |   in|    8|     ap_none|                                              qh_state_V_653_reload|        scalar|
|qh_state_V_654_reload   |   in|    8|     ap_none|                                              qh_state_V_654_reload|        scalar|
|qh_state_V_655_reload   |   in|    8|     ap_none|                                              qh_state_V_655_reload|        scalar|
|qh_state_V_656_reload   |   in|    8|     ap_none|                                              qh_state_V_656_reload|        scalar|
|qh_state_V_657_reload   |   in|    8|     ap_none|                                              qh_state_V_657_reload|        scalar|
|qh_state_V_658_reload   |   in|    8|     ap_none|                                              qh_state_V_658_reload|        scalar|
|qh_state_V_659_reload   |   in|    8|     ap_none|                                              qh_state_V_659_reload|        scalar|
|qh_state_V_660_reload   |   in|    8|     ap_none|                                              qh_state_V_660_reload|        scalar|
|qh_state_V_661_reload   |   in|    8|     ap_none|                                              qh_state_V_661_reload|        scalar|
|qh_state_V_662_reload   |   in|    8|     ap_none|                                              qh_state_V_662_reload|        scalar|
|qh_state_V_663_reload   |   in|    8|     ap_none|                                              qh_state_V_663_reload|        scalar|
|qh_state_V_664_reload   |   in|    8|     ap_none|                                              qh_state_V_664_reload|        scalar|
|qh_state_V_665_reload   |   in|    8|     ap_none|                                              qh_state_V_665_reload|        scalar|
|qh_state_V_666_reload   |   in|    8|     ap_none|                                              qh_state_V_666_reload|        scalar|
|qh_state_V_667_reload   |   in|    8|     ap_none|                                              qh_state_V_667_reload|        scalar|
|qh_state_V_668_reload   |   in|    8|     ap_none|                                              qh_state_V_668_reload|        scalar|
|qh_state_V_669_reload   |   in|    8|     ap_none|                                              qh_state_V_669_reload|        scalar|
|qh_state_V_670_reload   |   in|    8|     ap_none|                                              qh_state_V_670_reload|        scalar|
|qh_state_V_671_reload   |   in|    8|     ap_none|                                              qh_state_V_671_reload|        scalar|
|qh_state_V_672_reload   |   in|    8|     ap_none|                                              qh_state_V_672_reload|        scalar|
|qh_state_V_673_reload   |   in|    8|     ap_none|                                              qh_state_V_673_reload|        scalar|
|qh_state_V_674_reload   |   in|    8|     ap_none|                                              qh_state_V_674_reload|        scalar|
|qh_state_V_675_reload   |   in|    8|     ap_none|                                              qh_state_V_675_reload|        scalar|
|qh_state_V_676_reload   |   in|    8|     ap_none|                                              qh_state_V_676_reload|        scalar|
|qh_state_V_677_reload   |   in|    8|     ap_none|                                              qh_state_V_677_reload|        scalar|
|qh_state_V_678_reload   |   in|    8|     ap_none|                                              qh_state_V_678_reload|        scalar|
|qh_state_V_679_reload   |   in|    8|     ap_none|                                              qh_state_V_679_reload|        scalar|
|qh_state_V_680_reload   |   in|    8|     ap_none|                                              qh_state_V_680_reload|        scalar|
|qh_state_V_681_reload   |   in|    8|     ap_none|                                              qh_state_V_681_reload|        scalar|
|qh_state_V_682_reload   |   in|    8|     ap_none|                                              qh_state_V_682_reload|        scalar|
|qh_state_V_683_reload   |   in|    8|     ap_none|                                              qh_state_V_683_reload|        scalar|
|qh_state_V_684_reload   |   in|    8|     ap_none|                                              qh_state_V_684_reload|        scalar|
|qh_state_V_685_reload   |   in|    8|     ap_none|                                              qh_state_V_685_reload|        scalar|
|qh_state_V_686_reload   |   in|    8|     ap_none|                                              qh_state_V_686_reload|        scalar|
|qh_state_V_687_reload   |   in|    8|     ap_none|                                              qh_state_V_687_reload|        scalar|
|qh_state_V_688_reload   |   in|    8|     ap_none|                                              qh_state_V_688_reload|        scalar|
|qh_state_V_689_reload   |   in|    8|     ap_none|                                              qh_state_V_689_reload|        scalar|
|qh_state_V_690_reload   |   in|    8|     ap_none|                                              qh_state_V_690_reload|        scalar|
|qh_state_V_691_reload   |   in|    8|     ap_none|                                              qh_state_V_691_reload|        scalar|
|qh_state_V_692_reload   |   in|    8|     ap_none|                                              qh_state_V_692_reload|        scalar|
|qh_state_V_693_reload   |   in|    8|     ap_none|                                              qh_state_V_693_reload|        scalar|
|qh_state_V_694_reload   |   in|    8|     ap_none|                                              qh_state_V_694_reload|        scalar|
|qh_state_V_695_reload   |   in|    8|     ap_none|                                              qh_state_V_695_reload|        scalar|
|qh_state_V_696_reload   |   in|    8|     ap_none|                                              qh_state_V_696_reload|        scalar|
|qh_state_V_697_reload   |   in|    8|     ap_none|                                              qh_state_V_697_reload|        scalar|
|qh_state_V_698_reload   |   in|    8|     ap_none|                                              qh_state_V_698_reload|        scalar|
|qh_state_V_699_reload   |   in|    8|     ap_none|                                              qh_state_V_699_reload|        scalar|
|qh_state_V_700_reload   |   in|    8|     ap_none|                                              qh_state_V_700_reload|        scalar|
|qh_state_V_701_reload   |   in|    8|     ap_none|                                              qh_state_V_701_reload|        scalar|
|qh_state_V_702_reload   |   in|    8|     ap_none|                                              qh_state_V_702_reload|        scalar|
|qh_state_V_703_reload   |   in|    8|     ap_none|                                              qh_state_V_703_reload|        scalar|
|qh_state_V_704_reload   |   in|    8|     ap_none|                                              qh_state_V_704_reload|        scalar|
|qh_state_V_705_reload   |   in|    8|     ap_none|                                              qh_state_V_705_reload|        scalar|
|qh_state_V_706_reload   |   in|    8|     ap_none|                                              qh_state_V_706_reload|        scalar|
|qh_state_V_707_reload   |   in|    8|     ap_none|                                              qh_state_V_707_reload|        scalar|
|qh_state_V_708_reload   |   in|    8|     ap_none|                                              qh_state_V_708_reload|        scalar|
|qh_state_V_709_reload   |   in|    8|     ap_none|                                              qh_state_V_709_reload|        scalar|
|qh_state_V_710_reload   |   in|    8|     ap_none|                                              qh_state_V_710_reload|        scalar|
|qh_state_V_711_reload   |   in|    8|     ap_none|                                              qh_state_V_711_reload|        scalar|
|qh_state_V_712_reload   |   in|    8|     ap_none|                                              qh_state_V_712_reload|        scalar|
|qh_state_V_713_reload   |   in|    8|     ap_none|                                              qh_state_V_713_reload|        scalar|
|qh_state_V_714_reload   |   in|    8|     ap_none|                                              qh_state_V_714_reload|        scalar|
|qh_state_V_715_reload   |   in|    8|     ap_none|                                              qh_state_V_715_reload|        scalar|
|qh_state_V_716_reload   |   in|    8|     ap_none|                                              qh_state_V_716_reload|        scalar|
|qh_state_V_717_reload   |   in|    8|     ap_none|                                              qh_state_V_717_reload|        scalar|
|qh_state_V_718_reload   |   in|    8|     ap_none|                                              qh_state_V_718_reload|        scalar|
|qh_state_V_719_reload   |   in|    8|     ap_none|                                              qh_state_V_719_reload|        scalar|
|qh_state_V_720_reload   |   in|    8|     ap_none|                                              qh_state_V_720_reload|        scalar|
|qh_state_V_721_reload   |   in|    8|     ap_none|                                              qh_state_V_721_reload|        scalar|
|qh_state_V_722_reload   |   in|    8|     ap_none|                                              qh_state_V_722_reload|        scalar|
|qh_state_V_723_reload   |   in|    8|     ap_none|                                              qh_state_V_723_reload|        scalar|
|qh_state_V_724_reload   |   in|    8|     ap_none|                                              qh_state_V_724_reload|        scalar|
|qh_state_V_725_reload   |   in|    8|     ap_none|                                              qh_state_V_725_reload|        scalar|
|qh_state_V_726_reload   |   in|    8|     ap_none|                                              qh_state_V_726_reload|        scalar|
|qh_state_V_727_reload   |   in|    8|     ap_none|                                              qh_state_V_727_reload|        scalar|
|qh_state_V_728_reload   |   in|    8|     ap_none|                                              qh_state_V_728_reload|        scalar|
|qh_state_V_729_reload   |   in|    8|     ap_none|                                              qh_state_V_729_reload|        scalar|
|qh_state_V_730_reload   |   in|    8|     ap_none|                                              qh_state_V_730_reload|        scalar|
|qh_state_V_731_reload   |   in|    8|     ap_none|                                              qh_state_V_731_reload|        scalar|
|qh_state_V_732_reload   |   in|    8|     ap_none|                                              qh_state_V_732_reload|        scalar|
|qh_state_V_733_reload   |   in|    8|     ap_none|                                              qh_state_V_733_reload|        scalar|
|qh_state_V_734_reload   |   in|    8|     ap_none|                                              qh_state_V_734_reload|        scalar|
|qh_state_V_735_reload   |   in|    8|     ap_none|                                              qh_state_V_735_reload|        scalar|
|qh_state_V_736_reload   |   in|    8|     ap_none|                                              qh_state_V_736_reload|        scalar|
|qh_state_V_737_reload   |   in|    8|     ap_none|                                              qh_state_V_737_reload|        scalar|
|qh_state_V_738_reload   |   in|    8|     ap_none|                                              qh_state_V_738_reload|        scalar|
|qh_state_V_739_reload   |   in|    8|     ap_none|                                              qh_state_V_739_reload|        scalar|
|qh_state_V_740_reload   |   in|    8|     ap_none|                                              qh_state_V_740_reload|        scalar|
|qh_state_V_741_reload   |   in|    8|     ap_none|                                              qh_state_V_741_reload|        scalar|
|qh_state_V_742_reload   |   in|    8|     ap_none|                                              qh_state_V_742_reload|        scalar|
|qh_state_V_743_reload   |   in|    8|     ap_none|                                              qh_state_V_743_reload|        scalar|
|qh_state_V_744_reload   |   in|    8|     ap_none|                                              qh_state_V_744_reload|        scalar|
|qh_state_V_745_reload   |   in|    8|     ap_none|                                              qh_state_V_745_reload|        scalar|
|qh_state_V_746_reload   |   in|    8|     ap_none|                                              qh_state_V_746_reload|        scalar|
|qh_state_V_747_reload   |   in|    8|     ap_none|                                              qh_state_V_747_reload|        scalar|
|qh_state_V_748_reload   |   in|    8|     ap_none|                                              qh_state_V_748_reload|        scalar|
|qh_state_V_749_reload   |   in|    8|     ap_none|                                              qh_state_V_749_reload|        scalar|
|qh_state_V_750_reload   |   in|    8|     ap_none|                                              qh_state_V_750_reload|        scalar|
|qh_state_V_751_reload   |   in|    8|     ap_none|                                              qh_state_V_751_reload|        scalar|
|qh_state_V_752_reload   |   in|    8|     ap_none|                                              qh_state_V_752_reload|        scalar|
|qh_state_V_753_reload   |   in|    8|     ap_none|                                              qh_state_V_753_reload|        scalar|
|qh_state_V_754_reload   |   in|    8|     ap_none|                                              qh_state_V_754_reload|        scalar|
|qh_state_V_755_reload   |   in|    8|     ap_none|                                              qh_state_V_755_reload|        scalar|
|qh_state_V_756_reload   |   in|    8|     ap_none|                                              qh_state_V_756_reload|        scalar|
|qh_state_V_757_reload   |   in|    8|     ap_none|                                              qh_state_V_757_reload|        scalar|
|qh_state_V_758_reload   |   in|    8|     ap_none|                                              qh_state_V_758_reload|        scalar|
|qh_state_V_759_reload   |   in|    8|     ap_none|                                              qh_state_V_759_reload|        scalar|
|qh_state_V_760_reload   |   in|    8|     ap_none|                                              qh_state_V_760_reload|        scalar|
|qh_state_V_761_reload   |   in|    8|     ap_none|                                              qh_state_V_761_reload|        scalar|
|qh_state_V_762_reload   |   in|    8|     ap_none|                                              qh_state_V_762_reload|        scalar|
|qh_state_V_763_reload   |   in|    8|     ap_none|                                              qh_state_V_763_reload|        scalar|
|qh_state_V_764_reload   |   in|    8|     ap_none|                                              qh_state_V_764_reload|        scalar|
|qh_state_V_765_reload   |   in|    8|     ap_none|                                              qh_state_V_765_reload|        scalar|
|qh_state_V_766_reload   |   in|    8|     ap_none|                                              qh_state_V_766_reload|        scalar|
|qh_state_V_767_reload   |   in|    8|     ap_none|                                              qh_state_V_767_reload|        scalar|
|qh_state_V_768_reload   |   in|    8|     ap_none|                                              qh_state_V_768_reload|        scalar|
|qh_state_V_769_reload   |   in|    8|     ap_none|                                              qh_state_V_769_reload|        scalar|
|qh_state_V_770_reload   |   in|    8|     ap_none|                                              qh_state_V_770_reload|        scalar|
|qh_state_V_771_reload   |   in|    8|     ap_none|                                              qh_state_V_771_reload|        scalar|
|qh_state_V_772_reload   |   in|    8|     ap_none|                                              qh_state_V_772_reload|        scalar|
|qh_state_V_773_reload   |   in|    8|     ap_none|                                              qh_state_V_773_reload|        scalar|
|qh_state_V_774_reload   |   in|    8|     ap_none|                                              qh_state_V_774_reload|        scalar|
|qh_state_V_775_reload   |   in|    8|     ap_none|                                              qh_state_V_775_reload|        scalar|
|qh_state_V_776_reload   |   in|    8|     ap_none|                                              qh_state_V_776_reload|        scalar|
|qh_state_V_777_reload   |   in|    8|     ap_none|                                              qh_state_V_777_reload|        scalar|
|qh_state_V_778_reload   |   in|    8|     ap_none|                                              qh_state_V_778_reload|        scalar|
|qh_state_V_779_reload   |   in|    8|     ap_none|                                              qh_state_V_779_reload|        scalar|
|qh_state_V_780_reload   |   in|    8|     ap_none|                                              qh_state_V_780_reload|        scalar|
|qh_state_V_781_reload   |   in|    8|     ap_none|                                              qh_state_V_781_reload|        scalar|
|qh_state_V_782_reload   |   in|    8|     ap_none|                                              qh_state_V_782_reload|        scalar|
|qh_state_V_783_reload   |   in|    8|     ap_none|                                              qh_state_V_783_reload|        scalar|
|qh_state_V_784_reload   |   in|    8|     ap_none|                                              qh_state_V_784_reload|        scalar|
|qh_state_V_785_reload   |   in|    8|     ap_none|                                              qh_state_V_785_reload|        scalar|
|qh_state_V_786_reload   |   in|    8|     ap_none|                                              qh_state_V_786_reload|        scalar|
|qh_state_V_787_reload   |   in|    8|     ap_none|                                              qh_state_V_787_reload|        scalar|
|qh_state_V_788_reload   |   in|    8|     ap_none|                                              qh_state_V_788_reload|        scalar|
|qh_state_V_789_reload   |   in|    8|     ap_none|                                              qh_state_V_789_reload|        scalar|
|qh_state_V_790_reload   |   in|    8|     ap_none|                                              qh_state_V_790_reload|        scalar|
|qh_state_V_791_reload   |   in|    8|     ap_none|                                              qh_state_V_791_reload|        scalar|
|qh_state_V_792_reload   |   in|    8|     ap_none|                                              qh_state_V_792_reload|        scalar|
|qh_state_V_793_reload   |   in|    8|     ap_none|                                              qh_state_V_793_reload|        scalar|
|qh_state_V_794_reload   |   in|    8|     ap_none|                                              qh_state_V_794_reload|        scalar|
|qh_state_V_795_reload   |   in|    8|     ap_none|                                              qh_state_V_795_reload|        scalar|
|qh_state_V_796_reload   |   in|    8|     ap_none|                                              qh_state_V_796_reload|        scalar|
|qh_state_V_797_reload   |   in|    8|     ap_none|                                              qh_state_V_797_reload|        scalar|
|qh_state_V_798_reload   |   in|    8|     ap_none|                                              qh_state_V_798_reload|        scalar|
|qh_state_V_799_reload   |   in|    8|     ap_none|                                              qh_state_V_799_reload|        scalar|
|qh_state_V_800_reload   |   in|    8|     ap_none|                                              qh_state_V_800_reload|        scalar|
|qh_state_V_801_reload   |   in|    8|     ap_none|                                              qh_state_V_801_reload|        scalar|
|qh_state_V_802_reload   |   in|    8|     ap_none|                                              qh_state_V_802_reload|        scalar|
|qh_state_V_803_reload   |   in|    8|     ap_none|                                              qh_state_V_803_reload|        scalar|
|qh_state_V_804_reload   |   in|    8|     ap_none|                                              qh_state_V_804_reload|        scalar|
|qh_state_V_805_reload   |   in|    8|     ap_none|                                              qh_state_V_805_reload|        scalar|
|qh_state_V_806_reload   |   in|    8|     ap_none|                                              qh_state_V_806_reload|        scalar|
|qh_state_V_807_reload   |   in|    8|     ap_none|                                              qh_state_V_807_reload|        scalar|
|qh_state_V_808_reload   |   in|    8|     ap_none|                                              qh_state_V_808_reload|        scalar|
|qh_state_V_809_reload   |   in|    8|     ap_none|                                              qh_state_V_809_reload|        scalar|
|qh_state_V_810_reload   |   in|    8|     ap_none|                                              qh_state_V_810_reload|        scalar|
|qh_state_V_811_reload   |   in|    8|     ap_none|                                              qh_state_V_811_reload|        scalar|
|qh_state_V_812_reload   |   in|    8|     ap_none|                                              qh_state_V_812_reload|        scalar|
|qh_state_V_813_reload   |   in|    8|     ap_none|                                              qh_state_V_813_reload|        scalar|
|qh_state_V_814_reload   |   in|    8|     ap_none|                                              qh_state_V_814_reload|        scalar|
|qh_state_V_815_reload   |   in|    8|     ap_none|                                              qh_state_V_815_reload|        scalar|
|qh_state_V_816_reload   |   in|    8|     ap_none|                                              qh_state_V_816_reload|        scalar|
|qh_state_V_817_reload   |   in|    8|     ap_none|                                              qh_state_V_817_reload|        scalar|
|qh_state_V_818_reload   |   in|    8|     ap_none|                                              qh_state_V_818_reload|        scalar|
|qh_state_V_819_reload   |   in|    8|     ap_none|                                              qh_state_V_819_reload|        scalar|
|qh_state_V_820_reload   |   in|    8|     ap_none|                                              qh_state_V_820_reload|        scalar|
|qh_state_V_821_reload   |   in|    8|     ap_none|                                              qh_state_V_821_reload|        scalar|
|qh_state_V_822_reload   |   in|    8|     ap_none|                                              qh_state_V_822_reload|        scalar|
|qh_state_V_823_reload   |   in|    8|     ap_none|                                              qh_state_V_823_reload|        scalar|
|qh_state_V_824_reload   |   in|    8|     ap_none|                                              qh_state_V_824_reload|        scalar|
|qh_state_V_825_reload   |   in|    8|     ap_none|                                              qh_state_V_825_reload|        scalar|
|qh_state_V_826_reload   |   in|    8|     ap_none|                                              qh_state_V_826_reload|        scalar|
|qh_state_V_827_reload   |   in|    8|     ap_none|                                              qh_state_V_827_reload|        scalar|
|qh_state_V_828_reload   |   in|    8|     ap_none|                                              qh_state_V_828_reload|        scalar|
|qh_state_V_829_reload   |   in|    8|     ap_none|                                              qh_state_V_829_reload|        scalar|
|qh_state_V_830_reload   |   in|    8|     ap_none|                                              qh_state_V_830_reload|        scalar|
|qh_state_V_831_reload   |   in|    8|     ap_none|                                              qh_state_V_831_reload|        scalar|
|qh_state_V_832_reload   |   in|    8|     ap_none|                                              qh_state_V_832_reload|        scalar|
|qh_state_V_833_reload   |   in|    8|     ap_none|                                              qh_state_V_833_reload|        scalar|
|qh_state_V_834_reload   |   in|    8|     ap_none|                                              qh_state_V_834_reload|        scalar|
|qh_state_V_835_reload   |   in|    8|     ap_none|                                              qh_state_V_835_reload|        scalar|
|qh_state_V_836_reload   |   in|    8|     ap_none|                                              qh_state_V_836_reload|        scalar|
|qh_state_V_837_reload   |   in|    8|     ap_none|                                              qh_state_V_837_reload|        scalar|
|qh_state_V_838_reload   |   in|    8|     ap_none|                                              qh_state_V_838_reload|        scalar|
|qh_state_V_839_reload   |   in|    8|     ap_none|                                              qh_state_V_839_reload|        scalar|
|qh_state_V_840_reload   |   in|    8|     ap_none|                                              qh_state_V_840_reload|        scalar|
|qh_state_V_841_reload   |   in|    8|     ap_none|                                              qh_state_V_841_reload|        scalar|
|qh_state_V_842_reload   |   in|    8|     ap_none|                                              qh_state_V_842_reload|        scalar|
|qh_state_V_843_reload   |   in|    8|     ap_none|                                              qh_state_V_843_reload|        scalar|
|qh_state_V_844_reload   |   in|    8|     ap_none|                                              qh_state_V_844_reload|        scalar|
|qh_state_V_845_reload   |   in|    8|     ap_none|                                              qh_state_V_845_reload|        scalar|
|qh_state_V_846_reload   |   in|    8|     ap_none|                                              qh_state_V_846_reload|        scalar|
|qh_state_V_847_reload   |   in|    8|     ap_none|                                              qh_state_V_847_reload|        scalar|
|qh_state_V_848_reload   |   in|    8|     ap_none|                                              qh_state_V_848_reload|        scalar|
|qh_state_V_849_reload   |   in|    8|     ap_none|                                              qh_state_V_849_reload|        scalar|
|qh_state_V_850_reload   |   in|    8|     ap_none|                                              qh_state_V_850_reload|        scalar|
|qh_state_V_851_reload   |   in|    8|     ap_none|                                              qh_state_V_851_reload|        scalar|
|qh_state_V_852_reload   |   in|    8|     ap_none|                                              qh_state_V_852_reload|        scalar|
|qh_state_V_853_reload   |   in|    8|     ap_none|                                              qh_state_V_853_reload|        scalar|
|qh_state_V_854_reload   |   in|    8|     ap_none|                                              qh_state_V_854_reload|        scalar|
|qh_state_V_855_reload   |   in|    8|     ap_none|                                              qh_state_V_855_reload|        scalar|
|qh_state_V_856_reload   |   in|    8|     ap_none|                                              qh_state_V_856_reload|        scalar|
|qh_state_V_857_reload   |   in|    8|     ap_none|                                              qh_state_V_857_reload|        scalar|
|qh_state_V_858_reload   |   in|    8|     ap_none|                                              qh_state_V_858_reload|        scalar|
|qh_state_V_859_reload   |   in|    8|     ap_none|                                              qh_state_V_859_reload|        scalar|
|qh_state_V_860_reload   |   in|    8|     ap_none|                                              qh_state_V_860_reload|        scalar|
|qh_state_V_861_reload   |   in|    8|     ap_none|                                              qh_state_V_861_reload|        scalar|
|qh_state_V_862_reload   |   in|    8|     ap_none|                                              qh_state_V_862_reload|        scalar|
|qh_state_V_863_reload   |   in|    8|     ap_none|                                              qh_state_V_863_reload|        scalar|
|qh_state_V_864_reload   |   in|    8|     ap_none|                                              qh_state_V_864_reload|        scalar|
|qh_state_V_865_reload   |   in|    8|     ap_none|                                              qh_state_V_865_reload|        scalar|
|qh_state_V_866_reload   |   in|    8|     ap_none|                                              qh_state_V_866_reload|        scalar|
|qh_state_V_867_reload   |   in|    8|     ap_none|                                              qh_state_V_867_reload|        scalar|
|qh_state_V_868_reload   |   in|    8|     ap_none|                                              qh_state_V_868_reload|        scalar|
|qh_state_V_869_reload   |   in|    8|     ap_none|                                              qh_state_V_869_reload|        scalar|
|qh_state_V_870_reload   |   in|    8|     ap_none|                                              qh_state_V_870_reload|        scalar|
|qh_state_V_871_reload   |   in|    8|     ap_none|                                              qh_state_V_871_reload|        scalar|
|qh_state_V_872_reload   |   in|    8|     ap_none|                                              qh_state_V_872_reload|        scalar|
|qh_state_V_873_reload   |   in|    8|     ap_none|                                              qh_state_V_873_reload|        scalar|
|qh_state_V_874_reload   |   in|    8|     ap_none|                                              qh_state_V_874_reload|        scalar|
|qh_state_V_875_reload   |   in|    8|     ap_none|                                              qh_state_V_875_reload|        scalar|
|qh_state_V_876_reload   |   in|    8|     ap_none|                                              qh_state_V_876_reload|        scalar|
|qh_state_V_877_reload   |   in|    8|     ap_none|                                              qh_state_V_877_reload|        scalar|
|qh_state_V_878_reload   |   in|    8|     ap_none|                                              qh_state_V_878_reload|        scalar|
|qh_state_V_879_reload   |   in|    8|     ap_none|                                              qh_state_V_879_reload|        scalar|
|qh_state_V_880_reload   |   in|    8|     ap_none|                                              qh_state_V_880_reload|        scalar|
|qh_state_V_881_reload   |   in|    8|     ap_none|                                              qh_state_V_881_reload|        scalar|
|qh_state_V_882_reload   |   in|    8|     ap_none|                                              qh_state_V_882_reload|        scalar|
|qh_state_V_883_reload   |   in|    8|     ap_none|                                              qh_state_V_883_reload|        scalar|
|qh_state_V_884_reload   |   in|    8|     ap_none|                                              qh_state_V_884_reload|        scalar|
|qh_state_V_885_reload   |   in|    8|     ap_none|                                              qh_state_V_885_reload|        scalar|
|qh_state_V_886_reload   |   in|    8|     ap_none|                                              qh_state_V_886_reload|        scalar|
|qh_state_V_887_reload   |   in|    8|     ap_none|                                              qh_state_V_887_reload|        scalar|
|qh_state_V_888_reload   |   in|    8|     ap_none|                                              qh_state_V_888_reload|        scalar|
|qh_state_V_889_reload   |   in|    8|     ap_none|                                              qh_state_V_889_reload|        scalar|
|qh_state_V_890_reload   |   in|    8|     ap_none|                                              qh_state_V_890_reload|        scalar|
|qh_state_V_891_reload   |   in|    8|     ap_none|                                              qh_state_V_891_reload|        scalar|
|qh_state_V_892_reload   |   in|    8|     ap_none|                                              qh_state_V_892_reload|        scalar|
|qh_state_V_893_reload   |   in|    8|     ap_none|                                              qh_state_V_893_reload|        scalar|
|qh_state_V_894_reload   |   in|    8|     ap_none|                                              qh_state_V_894_reload|        scalar|
|qh_state_V_895_reload   |   in|    8|     ap_none|                                              qh_state_V_895_reload|        scalar|
|qh_state_V_896_reload   |   in|    8|     ap_none|                                              qh_state_V_896_reload|        scalar|
|qh_state_V_897_reload   |   in|    8|     ap_none|                                              qh_state_V_897_reload|        scalar|
|qh_state_V_898_reload   |   in|    8|     ap_none|                                              qh_state_V_898_reload|        scalar|
|qh_state_V_899_reload   |   in|    8|     ap_none|                                              qh_state_V_899_reload|        scalar|
|qh_state_V_900_reload   |   in|    8|     ap_none|                                              qh_state_V_900_reload|        scalar|
|qh_state_V_901_reload   |   in|    8|     ap_none|                                              qh_state_V_901_reload|        scalar|
|qh_state_V_902_reload   |   in|    8|     ap_none|                                              qh_state_V_902_reload|        scalar|
|qh_state_V_903_reload   |   in|    8|     ap_none|                                              qh_state_V_903_reload|        scalar|
|qh_state_V_904_reload   |   in|    8|     ap_none|                                              qh_state_V_904_reload|        scalar|
|qh_state_V_905_reload   |   in|    8|     ap_none|                                              qh_state_V_905_reload|        scalar|
|qh_state_V_906_reload   |   in|    8|     ap_none|                                              qh_state_V_906_reload|        scalar|
|qh_state_V_907_reload   |   in|    8|     ap_none|                                              qh_state_V_907_reload|        scalar|
|qh_state_V_908_reload   |   in|    8|     ap_none|                                              qh_state_V_908_reload|        scalar|
|qh_state_V_909_reload   |   in|    8|     ap_none|                                              qh_state_V_909_reload|        scalar|
|qh_state_V_910_reload   |   in|    8|     ap_none|                                              qh_state_V_910_reload|        scalar|
|qh_state_V_911_reload   |   in|    8|     ap_none|                                              qh_state_V_911_reload|        scalar|
|qh_state_V_912_reload   |   in|    8|     ap_none|                                              qh_state_V_912_reload|        scalar|
|qh_state_V_913_reload   |   in|    8|     ap_none|                                              qh_state_V_913_reload|        scalar|
|qh_state_V_914_reload   |   in|    8|     ap_none|                                              qh_state_V_914_reload|        scalar|
|qh_state_V_915_reload   |   in|    8|     ap_none|                                              qh_state_V_915_reload|        scalar|
|qh_state_V_916_reload   |   in|    8|     ap_none|                                              qh_state_V_916_reload|        scalar|
|qh_state_V_917_reload   |   in|    8|     ap_none|                                              qh_state_V_917_reload|        scalar|
|qh_state_V_918_reload   |   in|    8|     ap_none|                                              qh_state_V_918_reload|        scalar|
|qh_state_V_919_reload   |   in|    8|     ap_none|                                              qh_state_V_919_reload|        scalar|
|qh_state_V_920_reload   |   in|    8|     ap_none|                                              qh_state_V_920_reload|        scalar|
|qh_state_V_921_reload   |   in|    8|     ap_none|                                              qh_state_V_921_reload|        scalar|
|qh_state_V_922_reload   |   in|    8|     ap_none|                                              qh_state_V_922_reload|        scalar|
|qh_state_V_923_reload   |   in|    8|     ap_none|                                              qh_state_V_923_reload|        scalar|
|qh_state_V_924_reload   |   in|    8|     ap_none|                                              qh_state_V_924_reload|        scalar|
|qh_state_V_925_reload   |   in|    8|     ap_none|                                              qh_state_V_925_reload|        scalar|
|qh_state_V_926_reload   |   in|    8|     ap_none|                                              qh_state_V_926_reload|        scalar|
|qh_state_V_927_reload   |   in|    8|     ap_none|                                              qh_state_V_927_reload|        scalar|
|qh_state_V_928_reload   |   in|    8|     ap_none|                                              qh_state_V_928_reload|        scalar|
|qh_state_V_929_reload   |   in|    8|     ap_none|                                              qh_state_V_929_reload|        scalar|
|qh_state_V_930_reload   |   in|    8|     ap_none|                                              qh_state_V_930_reload|        scalar|
|qh_state_V_931_reload   |   in|    8|     ap_none|                                              qh_state_V_931_reload|        scalar|
|qh_state_V_932_reload   |   in|    8|     ap_none|                                              qh_state_V_932_reload|        scalar|
|qh_state_V_933_reload   |   in|    8|     ap_none|                                              qh_state_V_933_reload|        scalar|
|qh_state_V_934_reload   |   in|    8|     ap_none|                                              qh_state_V_934_reload|        scalar|
|qh_state_V_935_reload   |   in|    8|     ap_none|                                              qh_state_V_935_reload|        scalar|
|qh_state_V_936_reload   |   in|    8|     ap_none|                                              qh_state_V_936_reload|        scalar|
|qh_state_V_937_reload   |   in|    8|     ap_none|                                              qh_state_V_937_reload|        scalar|
|qh_state_V_938_reload   |   in|    8|     ap_none|                                              qh_state_V_938_reload|        scalar|
|qh_state_V_939_reload   |   in|    8|     ap_none|                                              qh_state_V_939_reload|        scalar|
|qh_state_V_940_reload   |   in|    8|     ap_none|                                              qh_state_V_940_reload|        scalar|
|qh_state_V_941_reload   |   in|    8|     ap_none|                                              qh_state_V_941_reload|        scalar|
|qh_state_V_942_reload   |   in|    8|     ap_none|                                              qh_state_V_942_reload|        scalar|
|qh_state_V_943_reload   |   in|    8|     ap_none|                                              qh_state_V_943_reload|        scalar|
|qh_state_V_944_reload   |   in|    8|     ap_none|                                              qh_state_V_944_reload|        scalar|
|qh_state_V_945_reload   |   in|    8|     ap_none|                                              qh_state_V_945_reload|        scalar|
|qh_state_V_946_reload   |   in|    8|     ap_none|                                              qh_state_V_946_reload|        scalar|
|qh_state_V_947_reload   |   in|    8|     ap_none|                                              qh_state_V_947_reload|        scalar|
|qh_state_V_948_reload   |   in|    8|     ap_none|                                              qh_state_V_948_reload|        scalar|
|qh_state_V_949_reload   |   in|    8|     ap_none|                                              qh_state_V_949_reload|        scalar|
|qh_state_V_950_reload   |   in|    8|     ap_none|                                              qh_state_V_950_reload|        scalar|
|qh_state_V_951_reload   |   in|    8|     ap_none|                                              qh_state_V_951_reload|        scalar|
|qh_state_V_952_reload   |   in|    8|     ap_none|                                              qh_state_V_952_reload|        scalar|
|qh_state_V_953_reload   |   in|    8|     ap_none|                                              qh_state_V_953_reload|        scalar|
|qh_state_V_954_reload   |   in|    8|     ap_none|                                              qh_state_V_954_reload|        scalar|
|qh_state_V_955_reload   |   in|    8|     ap_none|                                              qh_state_V_955_reload|        scalar|
|qh_state_V_956_reload   |   in|    8|     ap_none|                                              qh_state_V_956_reload|        scalar|
|qh_state_V_957_reload   |   in|    8|     ap_none|                                              qh_state_V_957_reload|        scalar|
|qh_state_V_958_reload   |   in|    8|     ap_none|                                              qh_state_V_958_reload|        scalar|
|qh_state_V_959_reload   |   in|    8|     ap_none|                                              qh_state_V_959_reload|        scalar|
|qh_state_V_960_reload   |   in|    8|     ap_none|                                              qh_state_V_960_reload|        scalar|
|qh_state_V_961_reload   |   in|    8|     ap_none|                                              qh_state_V_961_reload|        scalar|
|qh_state_V_962_reload   |   in|    8|     ap_none|                                              qh_state_V_962_reload|        scalar|
|qh_state_V_963_reload   |   in|    8|     ap_none|                                              qh_state_V_963_reload|        scalar|
|qh_state_V_964_reload   |   in|    8|     ap_none|                                              qh_state_V_964_reload|        scalar|
|qh_state_V_965_reload   |   in|    8|     ap_none|                                              qh_state_V_965_reload|        scalar|
|qh_state_V_966_reload   |   in|    8|     ap_none|                                              qh_state_V_966_reload|        scalar|
|qh_state_V_967_reload   |   in|    8|     ap_none|                                              qh_state_V_967_reload|        scalar|
|qh_state_V_968_reload   |   in|    8|     ap_none|                                              qh_state_V_968_reload|        scalar|
|qh_state_V_969_reload   |   in|    8|     ap_none|                                              qh_state_V_969_reload|        scalar|
|qh_state_V_970_reload   |   in|    8|     ap_none|                                              qh_state_V_970_reload|        scalar|
|qh_state_V_971_reload   |   in|    8|     ap_none|                                              qh_state_V_971_reload|        scalar|
|qh_state_V_972_reload   |   in|    8|     ap_none|                                              qh_state_V_972_reload|        scalar|
|qh_state_V_973_reload   |   in|    8|     ap_none|                                              qh_state_V_973_reload|        scalar|
|qh_state_V_974_reload   |   in|    8|     ap_none|                                              qh_state_V_974_reload|        scalar|
|qh_state_V_975_reload   |   in|    8|     ap_none|                                              qh_state_V_975_reload|        scalar|
|qh_state_V_976_reload   |   in|    8|     ap_none|                                              qh_state_V_976_reload|        scalar|
|qh_state_V_977_reload   |   in|    8|     ap_none|                                              qh_state_V_977_reload|        scalar|
|qh_state_V_978_reload   |   in|    8|     ap_none|                                              qh_state_V_978_reload|        scalar|
|qh_state_V_979_reload   |   in|    8|     ap_none|                                              qh_state_V_979_reload|        scalar|
|qh_state_V_980_reload   |   in|    8|     ap_none|                                              qh_state_V_980_reload|        scalar|
|qh_state_V_981_reload   |   in|    8|     ap_none|                                              qh_state_V_981_reload|        scalar|
|qh_state_V_982_reload   |   in|    8|     ap_none|                                              qh_state_V_982_reload|        scalar|
|qh_state_V_983_reload   |   in|    8|     ap_none|                                              qh_state_V_983_reload|        scalar|
|qh_state_V_984_reload   |   in|    8|     ap_none|                                              qh_state_V_984_reload|        scalar|
|qh_state_V_985_reload   |   in|    8|     ap_none|                                              qh_state_V_985_reload|        scalar|
|qh_state_V_986_reload   |   in|    8|     ap_none|                                              qh_state_V_986_reload|        scalar|
|qh_state_V_987_reload   |   in|    8|     ap_none|                                              qh_state_V_987_reload|        scalar|
|qh_state_V_988_reload   |   in|    8|     ap_none|                                              qh_state_V_988_reload|        scalar|
|qh_state_V_989_reload   |   in|    8|     ap_none|                                              qh_state_V_989_reload|        scalar|
|qh_state_V_990_reload   |   in|    8|     ap_none|                                              qh_state_V_990_reload|        scalar|
|qh_state_V_991_reload   |   in|    8|     ap_none|                                              qh_state_V_991_reload|        scalar|
|qh_state_V_992_reload   |   in|    8|     ap_none|                                              qh_state_V_992_reload|        scalar|
|qh_state_V_993_reload   |   in|    8|     ap_none|                                              qh_state_V_993_reload|        scalar|
|qh_state_V_994_reload   |   in|    8|     ap_none|                                              qh_state_V_994_reload|        scalar|
|qh_state_V_995_reload   |   in|    8|     ap_none|                                              qh_state_V_995_reload|        scalar|
|qh_state_V_996_reload   |   in|    8|     ap_none|                                              qh_state_V_996_reload|        scalar|
|qh_state_V_997_reload   |   in|    8|     ap_none|                                              qh_state_V_997_reload|        scalar|
|qh_state_V_998_reload   |   in|    8|     ap_none|                                              qh_state_V_998_reload|        scalar|
|qh_state_V_999_reload   |   in|    8|     ap_none|                                              qh_state_V_999_reload|        scalar|
|qh_state_V_1000_reload  |   in|    8|     ap_none|                                             qh_state_V_1000_reload|        scalar|
|qh_state_V_1001_reload  |   in|    8|     ap_none|                                             qh_state_V_1001_reload|        scalar|
|qh_state_V_1002_reload  |   in|    8|     ap_none|                                             qh_state_V_1002_reload|        scalar|
|qh_state_V_1003_reload  |   in|    8|     ap_none|                                             qh_state_V_1003_reload|        scalar|
|qh_state_V_1004_reload  |   in|    8|     ap_none|                                             qh_state_V_1004_reload|        scalar|
|qh_state_V_1005_reload  |   in|    8|     ap_none|                                             qh_state_V_1005_reload|        scalar|
|qh_state_V_1006_reload  |   in|    8|     ap_none|                                             qh_state_V_1006_reload|        scalar|
|qh_state_V_1007_reload  |   in|    8|     ap_none|                                             qh_state_V_1007_reload|        scalar|
|qh_state_V_1008_reload  |   in|    8|     ap_none|                                             qh_state_V_1008_reload|        scalar|
|qh_state_V_1009_reload  |   in|    8|     ap_none|                                             qh_state_V_1009_reload|        scalar|
|qh_state_V_1010_reload  |   in|    8|     ap_none|                                             qh_state_V_1010_reload|        scalar|
|qh_state_V_1011_reload  |   in|    8|     ap_none|                                             qh_state_V_1011_reload|        scalar|
|qh_state_V_1012_reload  |   in|    8|     ap_none|                                             qh_state_V_1012_reload|        scalar|
|qh_state_V_1013_reload  |   in|    8|     ap_none|                                             qh_state_V_1013_reload|        scalar|
|qh_state_V_1014_reload  |   in|    8|     ap_none|                                             qh_state_V_1014_reload|        scalar|
|qh_state_V_1015_reload  |   in|    8|     ap_none|                                             qh_state_V_1015_reload|        scalar|
|qh_state_V_1016_reload  |   in|    8|     ap_none|                                             qh_state_V_1016_reload|        scalar|
|qh_state_V_1017_reload  |   in|    8|     ap_none|                                             qh_state_V_1017_reload|        scalar|
|qh_state_V_1018_reload  |   in|    8|     ap_none|                                             qh_state_V_1018_reload|        scalar|
|qh_state_V_1019_reload  |   in|    8|     ap_none|                                             qh_state_V_1019_reload|        scalar|
|qh_state_V_1020_reload  |   in|    8|     ap_none|                                             qh_state_V_1020_reload|        scalar|
|qh_state_V_1021_reload  |   in|    8|     ap_none|                                             qh_state_V_1021_reload|        scalar|
|qh_state_V_1022_reload  |   in|    8|     ap_none|                                             qh_state_V_1022_reload|        scalar|
|qh_state_V_reload       |   in|    8|     ap_none|                                                  qh_state_V_reload|        scalar|
|h_newstate_address0     |  out|    9|   ap_memory|                                                         h_newstate|         array|
|h_newstate_ce0          |  out|    1|   ap_memory|                                                         h_newstate|         array|
|h_newstate_we0          |  out|    1|   ap_memory|                                                         h_newstate|         array|
|h_newstate_d0           |  out|    8|   ap_memory|                                                         h_newstate|         array|
|h_state_V_1_address0    |  out|    9|   ap_memory|                                                        h_state_V_1|         array|
|h_state_V_1_ce0         |  out|    1|   ap_memory|                                                        h_state_V_1|         array|
|h_state_V_1_we0         |  out|    1|   ap_memory|                                                        h_state_V_1|         array|
|h_state_V_1_d0          |  out|    8|   ap_memory|                                                        h_state_V_1|         array|
+------------------------+-----+-----+------------+-------------------------------------------------------------------+--------------+

