

================================================================
== Vitis HLS Report for 'gru_static_ap_fixed_ap_fixed_config12_Pipeline_VITIS_LOOP_513_6'
================================================================
* Date:           Tue Sep 19 13:55:11 2023

* Version:        2022.2 (Build 3670227 on Oct 13 2022)
* Project:        alveo_hls4ml
* Solution:       solution (Vitis Kernel Flow Target)
* Product family: virtexuplus
* Target device:  xcu55c-fsvh2892-2L-e


================================================================
== Performance Estimates
================================================================
+ Timing: 
    * Summary: 
    +--------+---------+----------+------------+
    |  Clock |  Target | Estimated| Uncertainty|
    +--------+---------+----------+------------+
    |ap_clk  |  4.00 ns|  2.882 ns|     1.08 ns|
    +--------+---------+----------+------------+

+ Latency: 
    * Summary: 
    +---------+---------+----------+----------+-----+-----+---------+
    |  Latency (cycles) |  Latency (absolute) |  Interval | Pipeline|
    |   min   |   max   |    min   |    max   | min | max |   Type  |
    +---------+---------+----------+----------+-----+-----+---------+
    |      517|      517|  2.068 us|  2.068 us|  517|  517|       no|
    +---------+---------+----------+----------+-----+-----+---------+

    + Detail: 
        * Instance: 
        N/A

        * Loop: 
        +--------------------+---------+---------+----------+-----------+-----------+------+----------+
        |                    |  Latency (cycles) | Iteration|  Initiation Interval  | Trip |          |
        |      Loop Name     |   min   |   max   |  Latency |  achieved |   target  | Count| Pipelined|
        +--------------------+---------+---------+----------+-----------+-----------+------+----------+
        |- VITIS_LOOP_513_6  |      515|      515|         5|          1|          1|   512|       yes|
        +--------------------+---------+---------+----------+-----------+-----------+------+----------+



================================================================
== Utilization Estimates
================================================================
* Summary: 
+---------------------+---------+------+---------+---------+-----+
|         Name        | BRAM_18K|  DSP |    FF   |   LUT   | URAM|
+---------------------+---------+------+---------+---------+-----+
|DSP                  |        -|     1|        -|        -|    -|
|Expression           |        -|     -|        0|       46|    -|
|FIFO                 |        -|     -|        -|        -|    -|
|Instance             |        -|     0|        0|     2733|    -|
|Memory               |        -|     -|        -|        -|    -|
|Multiplexer          |        -|     -|        -|       36|    -|
|Register             |        -|     -|      131|       32|    -|
+---------------------+---------+------+---------+---------+-----+
|Total                |        0|     1|      131|     2847|    0|
+---------------------+---------+------+---------+---------+-----+
|Available SLR        |     1344|  3008|   869120|   434560|  320|
+---------------------+---------+------+---------+---------+-----+
|Utilization SLR (%)  |        0|    ~0|       ~0|       ~0|    0|
+---------------------+---------+------+---------+---------+-----+
|Available            |     4032|  9024|  2607360|  1303680|  960|
+---------------------+---------+------+---------+---------+-----+
|Utilization (%)      |        0|    ~0|       ~0|       ~0|    0|
+---------------------+---------+------+---------+---------+-----+

+ Detail: 
    * Instance: 
    +--------------------------+-------------------+---------+----+---+------+-----+
    |         Instance         |       Module      | BRAM_18K| DSP| FF|  LUT | URAM|
    +--------------------------+-------------------+---------+----+---+------+-----+
    |mul_8s_8ns_15_1_1_U14375  |mul_8s_8ns_15_1_1  |        0|   0|  0|    40|    0|
    |mux_5129_8_1_1_U14374     |mux_5129_8_1_1     |        0|   0|  0|  2693|    0|
    +--------------------------+-------------------+---------+----+---+------+-----+
    |Total                     |                   |        0|   0|  0|  2733|    0|
    +--------------------------+-------------------+---------+----+---+------+-----+

    * DSP: 
    +------------------------------------+-----------------------------+--------------+
    |              Instance              |            Module           |  Expression  |
    +------------------------------------+-----------------------------+--------------+
    |mac_muladd_9s_8s_15s_15_4_1_U14376  |mac_muladd_9s_8s_15s_15_4_1  |  i0 + i1 * i2|
    +------------------------------------+-----------------------------+--------------+

    * Memory: 
    N/A

    * FIFO: 
    N/A

    * Expression: 
    +-----------------------+----------+----+---+----+------------+------------+
    |     Variable Name     | Operation| DSP| FF| LUT| Bitwidth P0| Bitwidth P1|
    +-----------------------+----------+----+---+----+------------+------------+
    |add_ln513_fu_4212_p2   |         +|   0|  0|  17|          10|           1|
    |ret_V_fu_5267_p2       |         -|   0|  0|  16|           8|           9|
    |icmp_ln513_fu_4206_p2  |      icmp|   0|  0|  11|          10|          11|
    |ap_enable_pp0          |       xor|   0|  0|   2|           1|           2|
    +-----------------------+----------+----+---+----+------------+------------+
    |Total                  |          |   0|  0|  46|          29|          23|
    +-----------------------+----------+----+---+----+------------+------------+

    * Multiplexer: 
    +-------------------------+----+-----------+-----+-----------+
    |           Name          | LUT| Input Size| Bits| Total Bits|
    +-------------------------+----+-----------+-----+-----------+
    |ap_done_int              |   9|          2|    1|          2|
    |ap_enable_reg_pp0_iter1  |   9|          2|    1|          2|
    |ap_sig_allocacmp_iacc_7  |   9|          2|   10|         20|
    |iacc_fu_1070             |   9|          2|   10|         20|
    +-------------------------+----+-----------+-----+-----------+
    |Total                    |  36|          8|   22|         44|
    +-------------------------+----+-----------+-----+-----------+

    * Register: 
    +-----------------------------------+----+----+-----+-----------+
    |                Name               | FF | LUT| Bits| Const Bits|
    +-----------------------------------+----+----+-----+-----------+
    |ap_CS_fsm                          |   1|   0|    1|          0|
    |ap_done_reg                        |   1|   0|    1|          0|
    |ap_enable_reg_pp0_iter1            |   1|   0|    1|          0|
    |ap_enable_reg_pp0_iter2            |   1|   0|    1|          0|
    |ap_enable_reg_pp0_iter3            |   1|   0|    1|          0|
    |ap_enable_reg_pp0_iter4            |   1|   0|    1|          0|
    |ap_loop_exit_ready_pp0_iter1_reg   |   1|   0|    1|          0|
    |ap_loop_exit_ready_pp0_iter2_reg   |   1|   0|    1|          0|
    |ap_loop_exit_ready_pp0_iter3_reg   |   1|   0|    1|          0|
    |iacc_fu_1070                       |  10|   0|   10|          0|
    |mul_ln1347_reg_5355                |  15|   0|   15|          0|
    |mul_ln1347_reg_5355_pp0_iter2_reg  |  15|   0|   15|          0|
    |r_V_4_reg_5340                     |   8|   0|    8|          0|
    |zext_ln513_reg_5324                |  10|   0|   64|         54|
    |zext_ln513_reg_5324                |  64|  32|   64|         54|
    +-----------------------------------+----+----+-----+-----------+
    |Total                              | 131|  32|  185|        108|
    +-----------------------------------+----+----+-----+-----------+



================================================================
== Interface
================================================================
* Summary: 
+------------------------+-----+-----+------------+------------------------------------------------------------------+--------------+
|        RTL Ports       | Dir | Bits|  Protocol  |                           Source Object                          |    C Type    |
+------------------------+-----+-----+------------+------------------------------------------------------------------+--------------+
|ap_clk                  |   in|    1|  ap_ctrl_hs|  gru_static<ap_fixed,ap_fixed,config12>_Pipeline_VITIS_LOOP_513_6|  return value|
|ap_rst                  |   in|    1|  ap_ctrl_hs|  gru_static<ap_fixed,ap_fixed,config12>_Pipeline_VITIS_LOOP_513_6|  return value|
|ap_start                |   in|    1|  ap_ctrl_hs|  gru_static<ap_fixed,ap_fixed,config12>_Pipeline_VITIS_LOOP_513_6|  return value|
|ap_done                 |  out|    1|  ap_ctrl_hs|  gru_static<ap_fixed,ap_fixed,config12>_Pipeline_VITIS_LOOP_513_6|  return value|
|ap_idle                 |  out|    1|  ap_ctrl_hs|  gru_static<ap_fixed,ap_fixed,config12>_Pipeline_VITIS_LOOP_513_6|  return value|
|ap_ready                |  out|    1|  ap_ctrl_hs|  gru_static<ap_fixed,ap_fixed,config12>_Pipeline_VITIS_LOOP_513_6|  return value|
|tmpres_zr_V_address0    |  out|   10|   ap_memory|                                                       tmpres_zr_V|         array|
|tmpres_zr_V_ce0         |  out|    1|   ap_memory|                                                       tmpres_zr_V|         array|
|tmpres_zr_V_q0          |   in|    8|   ap_memory|                                                       tmpres_zr_V|         array|
|tmpres_h_V_address0     |  out|    9|   ap_memory|                                                        tmpres_h_V|         array|
|tmpres_h_V_ce0          |  out|    1|   ap_memory|                                                        tmpres_h_V|         array|
|tmpres_h_V_q0           |   in|    8|   ap_memory|                                                        tmpres_h_V|         array|
|qh_state_V_1023_reload  |   in|    8|     ap_none|                                            qh_state_V_1023_reload|        scalar|
|qh_state_V_1024_reload  |   in|    8|     ap_none|                                            qh_state_V_1024_reload|        scalar|
|qh_state_V_1025_reload  |   in|    8|     ap_none|                                            qh_state_V_1025_reload|        scalar|
|qh_state_V_1026_reload  |   in|    8|     ap_none|                                            qh_state_V_1026_reload|        scalar|
|qh_state_V_1027_reload  |   in|    8|     ap_none|                                            qh_state_V_1027_reload|        scalar|
|qh_state_V_1028_reload  |   in|    8|     ap_none|                                            qh_state_V_1028_reload|        scalar|
|qh_state_V_1029_reload  |   in|    8|     ap_none|                                            qh_state_V_1029_reload|        scalar|
|qh_state_V_1030_reload  |   in|    8|     ap_none|                                            qh_state_V_1030_reload|        scalar|
|qh_state_V_1031_reload  |   in|    8|     ap_none|                                            qh_state_V_1031_reload|        scalar|
|qh_state_V_1032_reload  |   in|    8|     ap_none|                                            qh_state_V_1032_reload|        scalar|
|qh_state_V_1033_reload  |   in|    8|     ap_none|                                            qh_state_V_1033_reload|        scalar|
|qh_state_V_1034_reload  |   in|    8|     ap_none|                                            qh_state_V_1034_reload|        scalar|
|qh_state_V_1035_reload  |   in|    8|     ap_none|                                            qh_state_V_1035_reload|        scalar|
|qh_state_V_1036_reload  |   in|    8|     ap_none|                                            qh_state_V_1036_reload|        scalar|
|qh_state_V_1037_reload  |   in|    8|     ap_none|                                            qh_state_V_1037_reload|        scalar|
|qh_state_V_1038_reload  |   in|    8|     ap_none|                                            qh_state_V_1038_reload|        scalar|
|qh_state_V_1039_reload  |   in|    8|     ap_none|                                            qh_state_V_1039_reload|        scalar|
|qh_state_V_1040_reload  |   in|    8|     ap_none|                                            qh_state_V_1040_reload|        scalar|
|qh_state_V_1041_reload  |   in|    8|     ap_none|                                            qh_state_V_1041_reload|        scalar|
|qh_state_V_1042_reload  |   in|    8|     ap_none|                                            qh_state_V_1042_reload|        scalar|
|qh_state_V_1043_reload  |   in|    8|     ap_none|                                            qh_state_V_1043_reload|        scalar|
|qh_state_V_1044_reload  |   in|    8|     ap_none|                                            qh_state_V_1044_reload|        scalar|
|qh_state_V_1045_reload  |   in|    8|     ap_none|                                            qh_state_V_1045_reload|        scalar|
|qh_state_V_1046_reload  |   in|    8|     ap_none|                                            qh_state_V_1046_reload|        scalar|
|qh_state_V_1047_reload  |   in|    8|     ap_none|                                            qh_state_V_1047_reload|        scalar|
|qh_state_V_1048_reload  |   in|    8|     ap_none|                                            qh_state_V_1048_reload|        scalar|
|qh_state_V_1049_reload  |   in|    8|     ap_none|                                            qh_state_V_1049_reload|        scalar|
|qh_state_V_1050_reload  |   in|    8|     ap_none|                                            qh_state_V_1050_reload|        scalar|
|qh_state_V_1051_reload  |   in|    8|     ap_none|                                            qh_state_V_1051_reload|        scalar|
|qh_state_V_1052_reload  |   in|    8|     ap_none|                                            qh_state_V_1052_reload|        scalar|
|qh_state_V_1053_reload  |   in|    8|     ap_none|                                            qh_state_V_1053_reload|        scalar|
|qh_state_V_1054_reload  |   in|    8|     ap_none|                                            qh_state_V_1054_reload|        scalar|
|qh_state_V_1055_reload  |   in|    8|     ap_none|                                            qh_state_V_1055_reload|        scalar|
|qh_state_V_1056_reload  |   in|    8|     ap_none|                                            qh_state_V_1056_reload|        scalar|
|qh_state_V_1057_reload  |   in|    8|     ap_none|                                            qh_state_V_1057_reload|        scalar|
|qh_state_V_1058_reload  |   in|    8|     ap_none|                                            qh_state_V_1058_reload|        scalar|
|qh_state_V_1059_reload  |   in|    8|     ap_none|                                            qh_state_V_1059_reload|        scalar|
|qh_state_V_1060_reload  |   in|    8|     ap_none|                                            qh_state_V_1060_reload|        scalar|
|qh_state_V_1061_reload  |   in|    8|     ap_none|                                            qh_state_V_1061_reload|        scalar|
|qh_state_V_1062_reload  |   in|    8|     ap_none|                                            qh_state_V_1062_reload|        scalar|
|qh_state_V_1063_reload  |   in|    8|     ap_none|                                            qh_state_V_1063_reload|        scalar|
|qh_state_V_1064_reload  |   in|    8|     ap_none|                                            qh_state_V_1064_reload|        scalar|
|qh_state_V_1065_reload  |   in|    8|     ap_none|                                            qh_state_V_1065_reload|        scalar|
|qh_state_V_1066_reload  |   in|    8|     ap_none|                                            qh_state_V_1066_reload|        scalar|
|qh_state_V_1067_reload  |   in|    8|     ap_none|                                            qh_state_V_1067_reload|        scalar|
|qh_state_V_1068_reload  |   in|    8|     ap_none|                                            qh_state_V_1068_reload|        scalar|
|qh_state_V_1069_reload  |   in|    8|     ap_none|                                            qh_state_V_1069_reload|        scalar|
|qh_state_V_1070_reload  |   in|    8|     ap_none|                                            qh_state_V_1070_reload|        scalar|
|qh_state_V_1071_reload  |   in|    8|     ap_none|                                            qh_state_V_1071_reload|        scalar|
|qh_state_V_1072_reload  |   in|    8|     ap_none|                                            qh_state_V_1072_reload|        scalar|
|qh_state_V_1073_reload  |   in|    8|     ap_none|                                            qh_state_V_1073_reload|        scalar|
|qh_state_V_1074_reload  |   in|    8|     ap_none|                                            qh_state_V_1074_reload|        scalar|
|qh_state_V_1075_reload  |   in|    8|     ap_none|                                            qh_state_V_1075_reload|        scalar|
|qh_state_V_1076_reload  |   in|    8|     ap_none|                                            qh_state_V_1076_reload|        scalar|
|qh_state_V_1077_reload  |   in|    8|     ap_none|                                            qh_state_V_1077_reload|        scalar|
|qh_state_V_1078_reload  |   in|    8|     ap_none|                                            qh_state_V_1078_reload|        scalar|
|qh_state_V_1079_reload  |   in|    8|     ap_none|                                            qh_state_V_1079_reload|        scalar|
|qh_state_V_1080_reload  |   in|    8|     ap_none|                                            qh_state_V_1080_reload|        scalar|
|qh_state_V_1081_reload  |   in|    8|     ap_none|                                            qh_state_V_1081_reload|        scalar|
|qh_state_V_1082_reload  |   in|    8|     ap_none|                                            qh_state_V_1082_reload|        scalar|
|qh_state_V_1083_reload  |   in|    8|     ap_none|                                            qh_state_V_1083_reload|        scalar|
|qh_state_V_1084_reload  |   in|    8|     ap_none|                                            qh_state_V_1084_reload|        scalar|
|qh_state_V_1085_reload  |   in|    8|     ap_none|                                            qh_state_V_1085_reload|        scalar|
|qh_state_V_1086_reload  |   in|    8|     ap_none|                                            qh_state_V_1086_reload|        scalar|
|qh_state_V_1087_reload  |   in|    8|     ap_none|                                            qh_state_V_1087_reload|        scalar|
|qh_state_V_1088_reload  |   in|    8|     ap_none|                                            qh_state_V_1088_reload|        scalar|
|qh_state_V_1089_reload  |   in|    8|     ap_none|                                            qh_state_V_1089_reload|        scalar|
|qh_state_V_1090_reload  |   in|    8|     ap_none|                                            qh_state_V_1090_reload|        scalar|
|qh_state_V_1091_reload  |   in|    8|     ap_none|                                            qh_state_V_1091_reload|        scalar|
|qh_state_V_1092_reload  |   in|    8|     ap_none|                                            qh_state_V_1092_reload|        scalar|
|qh_state_V_1093_reload  |   in|    8|     ap_none|                                            qh_state_V_1093_reload|        scalar|
|qh_state_V_1094_reload  |   in|    8|     ap_none|                                            qh_state_V_1094_reload|        scalar|
|qh_state_V_1095_reload  |   in|    8|     ap_none|                                            qh_state_V_1095_reload|        scalar|
|qh_state_V_1096_reload  |   in|    8|     ap_none|                                            qh_state_V_1096_reload|        scalar|
|qh_state_V_1097_reload  |   in|    8|     ap_none|                                            qh_state_V_1097_reload|        scalar|
|qh_state_V_1098_reload  |   in|    8|     ap_none|                                            qh_state_V_1098_reload|        scalar|
|qh_state_V_1099_reload  |   in|    8|     ap_none|                                            qh_state_V_1099_reload|        scalar|
|qh_state_V_1100_reload  |   in|    8|     ap_none|                                            qh_state_V_1100_reload|        scalar|
|qh_state_V_1101_reload  |   in|    8|     ap_none|                                            qh_state_V_1101_reload|        scalar|
|qh_state_V_1102_reload  |   in|    8|     ap_none|                                            qh_state_V_1102_reload|        scalar|
|qh_state_V_1103_reload  |   in|    8|     ap_none|                                            qh_state_V_1103_reload|        scalar|
|qh_state_V_1104_reload  |   in|    8|     ap_none|                                            qh_state_V_1104_reload|        scalar|
|qh_state_V_1105_reload  |   in|    8|     ap_none|                                            qh_state_V_1105_reload|        scalar|
|qh_state_V_1106_reload  |   in|    8|     ap_none|                                            qh_state_V_1106_reload|        scalar|
|qh_state_V_1107_reload  |   in|    8|     ap_none|                                            qh_state_V_1107_reload|        scalar|
|qh_state_V_1108_reload  |   in|    8|     ap_none|                                            qh_state_V_1108_reload|        scalar|
|qh_state_V_1109_reload  |   in|    8|     ap_none|                                            qh_state_V_1109_reload|        scalar|
|qh_state_V_1110_reload  |   in|    8|     ap_none|                                            qh_state_V_1110_reload|        scalar|
|qh_state_V_1111_reload  |   in|    8|     ap_none|                                            qh_state_V_1111_reload|        scalar|
|qh_state_V_1112_reload  |   in|    8|     ap_none|                                            qh_state_V_1112_reload|        scalar|
|qh_state_V_1113_reload  |   in|    8|     ap_none|                                            qh_state_V_1113_reload|        scalar|
|qh_state_V_1114_reload  |   in|    8|     ap_none|                                            qh_state_V_1114_reload|        scalar|
|qh_state_V_1115_reload  |   in|    8|     ap_none|                                            qh_state_V_1115_reload|        scalar|
|qh_state_V_1116_reload  |   in|    8|     ap_none|                                            qh_state_V_1116_reload|        scalar|
|qh_state_V_1117_reload  |   in|    8|     ap_none|                                            qh_state_V_1117_reload|        scalar|
|qh_state_V_1118_reload  |   in|    8|     ap_none|                                            qh_state_V_1118_reload|        scalar|
|qh_state_V_1119_reload  |   in|    8|     ap_none|                                            qh_state_V_1119_reload|        scalar|
|qh_state_V_1120_reload  |   in|    8|     ap_none|                                            qh_state_V_1120_reload|        scalar|
|qh_state_V_1121_reload  |   in|    8|     ap_none|                                            qh_state_V_1121_reload|        scalar|
|qh_state_V_1122_reload  |   in|    8|     ap_none|                                            qh_state_V_1122_reload|        scalar|
|qh_state_V_1123_reload  |   in|    8|     ap_none|                                            qh_state_V_1123_reload|        scalar|
|qh_state_V_1124_reload  |   in|    8|     ap_none|                                            qh_state_V_1124_reload|        scalar|
|qh_state_V_1125_reload  |   in|    8|     ap_none|                                            qh_state_V_1125_reload|        scalar|
|qh_state_V_1126_reload  |   in|    8|     ap_none|                                            qh_state_V_1126_reload|        scalar|
|qh_state_V_1127_reload  |   in|    8|     ap_none|                                            qh_state_V_1127_reload|        scalar|
|qh_state_V_1128_reload  |   in|    8|     ap_none|                                            qh_state_V_1128_reload|        scalar|
|qh_state_V_1129_reload  |   in|    8|     ap_none|                                            qh_state_V_1129_reload|        scalar|
|qh_state_V_1130_reload  |   in|    8|     ap_none|                                            qh_state_V_1130_reload|        scalar|
|qh_state_V_1131_reload  |   in|    8|     ap_none|                                            qh_state_V_1131_reload|        scalar|
|qh_state_V_1132_reload  |   in|    8|     ap_none|                                            qh_state_V_1132_reload|        scalar|
|qh_state_V_1133_reload  |   in|    8|     ap_none|                                            qh_state_V_1133_reload|        scalar|
|qh_state_V_1134_reload  |   in|    8|     ap_none|                                            qh_state_V_1134_reload|        scalar|
|qh_state_V_1135_reload  |   in|    8|     ap_none|                                            qh_state_V_1135_reload|        scalar|
|qh_state_V_1136_reload  |   in|    8|     ap_none|                                            qh_state_V_1136_reload|        scalar|
|qh_state_V_1137_reload  |   in|    8|     ap_none|                                            qh_state_V_1137_reload|        scalar|
|qh_state_V_1138_reload  |   in|    8|     ap_none|                                            qh_state_V_1138_reload|        scalar|
|qh_state_V_1139_reload  |   in|    8|     ap_none|                                            qh_state_V_1139_reload|        scalar|
|qh_state_V_1140_reload  |   in|    8|     ap_none|                                            qh_state_V_1140_reload|        scalar|
|qh_state_V_1141_reload  |   in|    8|     ap_none|                                            qh_state_V_1141_reload|        scalar|
|qh_state_V_1142_reload  |   in|    8|     ap_none|                                            qh_state_V_1142_reload|        scalar|
|qh_state_V_1143_reload  |   in|    8|     ap_none|                                            qh_state_V_1143_reload|        scalar|
|qh_state_V_1144_reload  |   in|    8|     ap_none|                                            qh_state_V_1144_reload|        scalar|
|qh_state_V_1145_reload  |   in|    8|     ap_none|                                            qh_state_V_1145_reload|        scalar|
|qh_state_V_1146_reload  |   in|    8|     ap_none|                                            qh_state_V_1146_reload|        scalar|
|qh_state_V_1147_reload  |   in|    8|     ap_none|                                            qh_state_V_1147_reload|        scalar|
|qh_state_V_1148_reload  |   in|    8|     ap_none|                                            qh_state_V_1148_reload|        scalar|
|qh_state_V_1149_reload  |   in|    8|     ap_none|                                            qh_state_V_1149_reload|        scalar|
|qh_state_V_1150_reload  |   in|    8|     ap_none|                                            qh_state_V_1150_reload|        scalar|
|qh_state_V_1151_reload  |   in|    8|     ap_none|                                            qh_state_V_1151_reload|        scalar|
|qh_state_V_1152_reload  |   in|    8|     ap_none|                                            qh_state_V_1152_reload|        scalar|
|qh_state_V_1153_reload  |   in|    8|     ap_none|                                            qh_state_V_1153_reload|        scalar|
|qh_state_V_1154_reload  |   in|    8|     ap_none|                                            qh_state_V_1154_reload|        scalar|
|qh_state_V_1155_reload  |   in|    8|     ap_none|                                            qh_state_V_1155_reload|        scalar|
|qh_state_V_1156_reload  |   in|    8|     ap_none|                                            qh_state_V_1156_reload|        scalar|
|qh_state_V_1157_reload  |   in|    8|     ap_none|                                            qh_state_V_1157_reload|        scalar|
|qh_state_V_1158_reload  |   in|    8|     ap_none|                                            qh_state_V_1158_reload|        scalar|
|qh_state_V_1159_reload  |   in|    8|     ap_none|                                            qh_state_V_1159_reload|        scalar|
|qh_state_V_1160_reload  |   in|    8|     ap_none|                                            qh_state_V_1160_reload|        scalar|
|qh_state_V_1161_reload  |   in|    8|     ap_none|                                            qh_state_V_1161_reload|        scalar|
|qh_state_V_1162_reload  |   in|    8|     ap_none|                                            qh_state_V_1162_reload|        scalar|
|qh_state_V_1163_reload  |   in|    8|     ap_none|                                            qh_state_V_1163_reload|        scalar|
|qh_state_V_1164_reload  |   in|    8|     ap_none|                                            qh_state_V_1164_reload|        scalar|
|qh_state_V_1165_reload  |   in|    8|     ap_none|                                            qh_state_V_1165_reload|        scalar|
|qh_state_V_1166_reload  |   in|    8|     ap_none|                                            qh_state_V_1166_reload|        scalar|
|qh_state_V_1167_reload  |   in|    8|     ap_none|                                            qh_state_V_1167_reload|        scalar|
|qh_state_V_1168_reload  |   in|    8|     ap_none|                                            qh_state_V_1168_reload|        scalar|
|qh_state_V_1169_reload  |   in|    8|     ap_none|                                            qh_state_V_1169_reload|        scalar|
|qh_state_V_1170_reload  |   in|    8|     ap_none|                                            qh_state_V_1170_reload|        scalar|
|qh_state_V_1171_reload  |   in|    8|     ap_none|                                            qh_state_V_1171_reload|        scalar|
|qh_state_V_1172_reload  |   in|    8|     ap_none|                                            qh_state_V_1172_reload|        scalar|
|qh_state_V_1173_reload  |   in|    8|     ap_none|                                            qh_state_V_1173_reload|        scalar|
|qh_state_V_1174_reload  |   in|    8|     ap_none|                                            qh_state_V_1174_reload|        scalar|
|qh_state_V_1175_reload  |   in|    8|     ap_none|                                            qh_state_V_1175_reload|        scalar|
|qh_state_V_1176_reload  |   in|    8|     ap_none|                                            qh_state_V_1176_reload|        scalar|
|qh_state_V_1177_reload  |   in|    8|     ap_none|                                            qh_state_V_1177_reload|        scalar|
|qh_state_V_1178_reload  |   in|    8|     ap_none|                                            qh_state_V_1178_reload|        scalar|
|qh_state_V_1179_reload  |   in|    8|     ap_none|                                            qh_state_V_1179_reload|        scalar|
|qh_state_V_1180_reload  |   in|    8|     ap_none|                                            qh_state_V_1180_reload|        scalar|
|qh_state_V_1181_reload  |   in|    8|     ap_none|                                            qh_state_V_1181_reload|        scalar|
|qh_state_V_1182_reload  |   in|    8|     ap_none|                                            qh_state_V_1182_reload|        scalar|
|qh_state_V_1183_reload  |   in|    8|     ap_none|                                            qh_state_V_1183_reload|        scalar|
|qh_state_V_1184_reload  |   in|    8|     ap_none|                                            qh_state_V_1184_reload|        scalar|
|qh_state_V_1185_reload  |   in|    8|     ap_none|                                            qh_state_V_1185_reload|        scalar|
|qh_state_V_1186_reload  |   in|    8|     ap_none|                                            qh_state_V_1186_reload|        scalar|
|qh_state_V_1187_reload  |   in|    8|     ap_none|                                            qh_state_V_1187_reload|        scalar|
|qh_state_V_1188_reload  |   in|    8|     ap_none|                                            qh_state_V_1188_reload|        scalar|
|qh_state_V_1189_reload  |   in|    8|     ap_none|                                            qh_state_V_1189_reload|        scalar|
|qh_state_V_1190_reload  |   in|    8|     ap_none|                                            qh_state_V_1190_reload|        scalar|
|qh_state_V_1191_reload  |   in|    8|     ap_none|                                            qh_state_V_1191_reload|        scalar|
|qh_state_V_1192_reload  |   in|    8|     ap_none|                                            qh_state_V_1192_reload|        scalar|
|qh_state_V_1193_reload  |   in|    8|     ap_none|                                            qh_state_V_1193_reload|        scalar|
|qh_state_V_1194_reload  |   in|    8|     ap_none|                                            qh_state_V_1194_reload|        scalar|
|qh_state_V_1195_reload  |   in|    8|     ap_none|                                            qh_state_V_1195_reload|        scalar|
|qh_state_V_1196_reload  |   in|    8|     ap_none|                                            qh_state_V_1196_reload|        scalar|
|qh_state_V_1197_reload  |   in|    8|     ap_none|                                            qh_state_V_1197_reload|        scalar|
|qh_state_V_1198_reload  |   in|    8|     ap_none|                                            qh_state_V_1198_reload|        scalar|
|qh_state_V_1199_reload  |   in|    8|     ap_none|                                            qh_state_V_1199_reload|        scalar|
|qh_state_V_1200_reload  |   in|    8|     ap_none|                                            qh_state_V_1200_reload|        scalar|
|qh_state_V_1201_reload  |   in|    8|     ap_none|                                            qh_state_V_1201_reload|        scalar|
|qh_state_V_1202_reload  |   in|    8|     ap_none|                                            qh_state_V_1202_reload|        scalar|
|qh_state_V_1203_reload  |   in|    8|     ap_none|                                            qh_state_V_1203_reload|        scalar|
|qh_state_V_1204_reload  |   in|    8|     ap_none|                                            qh_state_V_1204_reload|        scalar|
|qh_state_V_1205_reload  |   in|    8|     ap_none|                                            qh_state_V_1205_reload|        scalar|
|qh_state_V_1206_reload  |   in|    8|     ap_none|                                            qh_state_V_1206_reload|        scalar|
|qh_state_V_1207_reload  |   in|    8|     ap_none|                                            qh_state_V_1207_reload|        scalar|
|qh_state_V_1208_reload  |   in|    8|     ap_none|                                            qh_state_V_1208_reload|        scalar|
|qh_state_V_1209_reload  |   in|    8|     ap_none|                                            qh_state_V_1209_reload|        scalar|
|qh_state_V_1210_reload  |   in|    8|     ap_none|                                            qh_state_V_1210_reload|        scalar|
|qh_state_V_1211_reload  |   in|    8|     ap_none|                                            qh_state_V_1211_reload|        scalar|
|qh_state_V_1212_reload  |   in|    8|     ap_none|                                            qh_state_V_1212_reload|        scalar|
|qh_state_V_1213_reload  |   in|    8|     ap_none|                                            qh_state_V_1213_reload|        scalar|
|qh_state_V_1214_reload  |   in|    8|     ap_none|                                            qh_state_V_1214_reload|        scalar|
|qh_state_V_1215_reload  |   in|    8|     ap_none|                                            qh_state_V_1215_reload|        scalar|
|qh_state_V_1216_reload  |   in|    8|     ap_none|                                            qh_state_V_1216_reload|        scalar|
|qh_state_V_1217_reload  |   in|    8|     ap_none|                                            qh_state_V_1217_reload|        scalar|
|qh_state_V_1218_reload  |   in|    8|     ap_none|                                            qh_state_V_1218_reload|        scalar|
|qh_state_V_1219_reload  |   in|    8|     ap_none|                                            qh_state_V_1219_reload|        scalar|
|qh_state_V_1220_reload  |   in|    8|     ap_none|                                            qh_state_V_1220_reload|        scalar|
|qh_state_V_1221_reload  |   in|    8|     ap_none|                                            qh_state_V_1221_reload|        scalar|
|qh_state_V_1222_reload  |   in|    8|     ap_none|                                            qh_state_V_1222_reload|        scalar|
|qh_state_V_1223_reload  |   in|    8|     ap_none|                                            qh_state_V_1223_reload|        scalar|
|qh_state_V_1224_reload  |   in|    8|     ap_none|                                            qh_state_V_1224_reload|        scalar|
|qh_state_V_1225_reload  |   in|    8|     ap_none|                                            qh_state_V_1225_reload|        scalar|
|qh_state_V_1226_reload  |   in|    8|     ap_none|                                            qh_state_V_1226_reload|        scalar|
|qh_state_V_1227_reload  |   in|    8|     ap_none|                                            qh_state_V_1227_reload|        scalar|
|qh_state_V_1228_reload  |   in|    8|     ap_none|                                            qh_state_V_1228_reload|        scalar|
|qh_state_V_1229_reload  |   in|    8|     ap_none|                                            qh_state_V_1229_reload|        scalar|
|qh_state_V_1230_reload  |   in|    8|     ap_none|                                            qh_state_V_1230_reload|        scalar|
|qh_state_V_1231_reload  |   in|    8|     ap_none|                                            qh_state_V_1231_reload|        scalar|
|qh_state_V_1232_reload  |   in|    8|     ap_none|                                            qh_state_V_1232_reload|        scalar|
|qh_state_V_1233_reload  |   in|    8|     ap_none|                                            qh_state_V_1233_reload|        scalar|
|qh_state_V_1234_reload  |   in|    8|     ap_none|                                            qh_state_V_1234_reload|        scalar|
|qh_state_V_1235_reload  |   in|    8|     ap_none|                                            qh_state_V_1235_reload|        scalar|
|qh_state_V_1236_reload  |   in|    8|     ap_none|                                            qh_state_V_1236_reload|        scalar|
|qh_state_V_1237_reload  |   in|    8|     ap_none|                                            qh_state_V_1237_reload|        scalar|
|qh_state_V_1238_reload  |   in|    8|     ap_none|                                            qh_state_V_1238_reload|        scalar|
|qh_state_V_1239_reload  |   in|    8|     ap_none|                                            qh_state_V_1239_reload|        scalar|
|qh_state_V_1240_reload  |   in|    8|     ap_none|                                            qh_state_V_1240_reload|        scalar|
|qh_state_V_1241_reload  |   in|    8|     ap_none|                                            qh_state_V_1241_reload|        scalar|
|qh_state_V_1242_reload  |   in|    8|     ap_none|                                            qh_state_V_1242_reload|        scalar|
|qh_state_V_1243_reload  |   in|    8|     ap_none|                                            qh_state_V_1243_reload|        scalar|
|qh_state_V_1244_reload  |   in|    8|     ap_none|                                            qh_state_V_1244_reload|        scalar|
|qh_state_V_1245_reload  |   in|    8|     ap_none|                                            qh_state_V_1245_reload|        scalar|
|qh_state_V_1246_reload  |   in|    8|     ap_none|                                            qh_state_V_1246_reload|        scalar|
|qh_state_V_1247_reload  |   in|    8|     ap_none|                                            qh_state_V_1247_reload|        scalar|
|qh_state_V_1248_reload  |   in|    8|     ap_none|                                            qh_state_V_1248_reload|        scalar|
|qh_state_V_1249_reload  |   in|    8|     ap_none|                                            qh_state_V_1249_reload|        scalar|
|qh_state_V_1250_reload  |   in|    8|     ap_none|                                            qh_state_V_1250_reload|        scalar|
|qh_state_V_1251_reload  |   in|    8|     ap_none|                                            qh_state_V_1251_reload|        scalar|
|qh_state_V_1252_reload  |   in|    8|     ap_none|                                            qh_state_V_1252_reload|        scalar|
|qh_state_V_1253_reload  |   in|    8|     ap_none|                                            qh_state_V_1253_reload|        scalar|
|qh_state_V_1254_reload  |   in|    8|     ap_none|                                            qh_state_V_1254_reload|        scalar|
|qh_state_V_1255_reload  |   in|    8|     ap_none|                                            qh_state_V_1255_reload|        scalar|
|qh_state_V_1256_reload  |   in|    8|     ap_none|                                            qh_state_V_1256_reload|        scalar|
|qh_state_V_1257_reload  |   in|    8|     ap_none|                                            qh_state_V_1257_reload|        scalar|
|qh_state_V_1258_reload  |   in|    8|     ap_none|                                            qh_state_V_1258_reload|        scalar|
|qh_state_V_1259_reload  |   in|    8|     ap_none|                                            qh_state_V_1259_reload|        scalar|
|qh_state_V_1260_reload  |   in|    8|     ap_none|                                            qh_state_V_1260_reload|        scalar|
|qh_state_V_1261_reload  |   in|    8|     ap_none|                                            qh_state_V_1261_reload|        scalar|
|qh_state_V_1262_reload  |   in|    8|     ap_none|                                            qh_state_V_1262_reload|        scalar|
|qh_state_V_1263_reload  |   in|    8|     ap_none|                                            qh_state_V_1263_reload|        scalar|
|qh_state_V_1264_reload  |   in|    8|     ap_none|                                            qh_state_V_1264_reload|        scalar|
|qh_state_V_1265_reload  |   in|    8|     ap_none|                                            qh_state_V_1265_reload|        scalar|
|qh_state_V_1266_reload  |   in|    8|     ap_none|                                            qh_state_V_1266_reload|        scalar|
|qh_state_V_1267_reload  |   in|    8|     ap_none|                                            qh_state_V_1267_reload|        scalar|
|qh_state_V_1268_reload  |   in|    8|     ap_none|                                            qh_state_V_1268_reload|        scalar|
|qh_state_V_1269_reload  |   in|    8|     ap_none|                                            qh_state_V_1269_reload|        scalar|
|qh_state_V_1270_reload  |   in|    8|     ap_none|                                            qh_state_V_1270_reload|        scalar|
|qh_state_V_1271_reload  |   in|    8|     ap_none|                                            qh_state_V_1271_reload|        scalar|
|qh_state_V_1272_reload  |   in|    8|     ap_none|                                            qh_state_V_1272_reload|        scalar|
|qh_state_V_1273_reload  |   in|    8|     ap_none|                                            qh_state_V_1273_reload|        scalar|
|qh_state_V_1274_reload  |   in|    8|     ap_none|                                            qh_state_V_1274_reload|        scalar|
|qh_state_V_1275_reload  |   in|    8|     ap_none|                                            qh_state_V_1275_reload|        scalar|
|qh_state_V_1276_reload  |   in|    8|     ap_none|                                            qh_state_V_1276_reload|        scalar|
|qh_state_V_1277_reload  |   in|    8|     ap_none|                                            qh_state_V_1277_reload|        scalar|
|qh_state_V_1278_reload  |   in|    8|     ap_none|                                            qh_state_V_1278_reload|        scalar|
|qh_state_V_1279_reload  |   in|    8|     ap_none|                                            qh_state_V_1279_reload|        scalar|
|qh_state_V_1280_reload  |   in|    8|     ap_none|                                            qh_state_V_1280_reload|        scalar|
|qh_state_V_1281_reload  |   in|    8|     ap_none|                                            qh_state_V_1281_reload|        scalar|
|qh_state_V_1282_reload  |   in|    8|     ap_none|                                            qh_state_V_1282_reload|        scalar|
|qh_state_V_1283_reload  |   in|    8|     ap_none|                                            qh_state_V_1283_reload|        scalar|
|qh_state_V_1284_reload  |   in|    8|     ap_none|                                            qh_state_V_1284_reload|        scalar|
|qh_state_V_1285_reload  |   in|    8|     ap_none|                                            qh_state_V_1285_reload|        scalar|
|qh_state_V_1286_reload  |   in|    8|     ap_none|                                            qh_state_V_1286_reload|        scalar|
|qh_state_V_1287_reload  |   in|    8|     ap_none|                                            qh_state_V_1287_reload|        scalar|
|qh_state_V_1288_reload  |   in|    8|     ap_none|                                            qh_state_V_1288_reload|        scalar|
|qh_state_V_1289_reload  |   in|    8|     ap_none|                                            qh_state_V_1289_reload|        scalar|
|qh_state_V_1290_reload  |   in|    8|     ap_none|                                            qh_state_V_1290_reload|        scalar|
|qh_state_V_1291_reload  |   in|    8|     ap_none|                                            qh_state_V_1291_reload|        scalar|
|qh_state_V_1292_reload  |   in|    8|     ap_none|                                            qh_state_V_1292_reload|        scalar|
|qh_state_V_1293_reload  |   in|    8|     ap_none|                                            qh_state_V_1293_reload|        scalar|
|qh_state_V_1294_reload  |   in|    8|     ap_none|                                            qh_state_V_1294_reload|        scalar|
|qh_state_V_1295_reload  |   in|    8|     ap_none|                                            qh_state_V_1295_reload|        scalar|
|qh_state_V_1296_reload  |   in|    8|     ap_none|                                            qh_state_V_1296_reload|        scalar|
|qh_state_V_1297_reload  |   in|    8|     ap_none|                                            qh_state_V_1297_reload|        scalar|
|qh_state_V_1298_reload  |   in|    8|     ap_none|                                            qh_state_V_1298_reload|        scalar|
|qh_state_V_1299_reload  |   in|    8|     ap_none|                                            qh_state_V_1299_reload|        scalar|
|qh_state_V_1300_reload  |   in|    8|     ap_none|                                            qh_state_V_1300_reload|        scalar|
|qh_state_V_1301_reload  |   in|    8|     ap_none|                                            qh_state_V_1301_reload|        scalar|
|qh_state_V_1302_reload  |   in|    8|     ap_none|                                            qh_state_V_1302_reload|        scalar|
|qh_state_V_1303_reload  |   in|    8|     ap_none|                                            qh_state_V_1303_reload|        scalar|
|qh_state_V_1304_reload  |   in|    8|     ap_none|                                            qh_state_V_1304_reload|        scalar|
|qh_state_V_1305_reload  |   in|    8|     ap_none|                                            qh_state_V_1305_reload|        scalar|
|qh_state_V_1306_reload  |   in|    8|     ap_none|                                            qh_state_V_1306_reload|        scalar|
|qh_state_V_1307_reload  |   in|    8|     ap_none|                                            qh_state_V_1307_reload|        scalar|
|qh_state_V_1308_reload  |   in|    8|     ap_none|                                            qh_state_V_1308_reload|        scalar|
|qh_state_V_1309_reload  |   in|    8|     ap_none|                                            qh_state_V_1309_reload|        scalar|
|qh_state_V_1310_reload  |   in|    8|     ap_none|                                            qh_state_V_1310_reload|        scalar|
|qh_state_V_1311_reload  |   in|    8|     ap_none|                                            qh_state_V_1311_reload|        scalar|
|qh_state_V_1312_reload  |   in|    8|     ap_none|                                            qh_state_V_1312_reload|        scalar|
|qh_state_V_1313_reload  |   in|    8|     ap_none|                                            qh_state_V_1313_reload|        scalar|
|qh_state_V_1314_reload  |   in|    8|     ap_none|                                            qh_state_V_1314_reload|        scalar|
|qh_state_V_1315_reload  |   in|    8|     ap_none|                                            qh_state_V_1315_reload|        scalar|
|qh_state_V_1316_reload  |   in|    8|     ap_none|                                            qh_state_V_1316_reload|        scalar|
|qh_state_V_1317_reload  |   in|    8|     ap_none|                                            qh_state_V_1317_reload|        scalar|
|qh_state_V_1318_reload  |   in|    8|     ap_none|                                            qh_state_V_1318_reload|        scalar|
|qh_state_V_1319_reload  |   in|    8|     ap_none|                                            qh_state_V_1319_reload|        scalar|
|qh_state_V_1320_reload  |   in|    8|     ap_none|                                            qh_state_V_1320_reload|        scalar|
|qh_state_V_1321_reload  |   in|    8|     ap_none|                                            qh_state_V_1321_reload|        scalar|
|qh_state_V_1322_reload  |   in|    8|     ap_none|                                            qh_state_V_1322_reload|        scalar|
|qh_state_V_1323_reload  |   in|    8|     ap_none|                                            qh_state_V_1323_reload|        scalar|
|qh_state_V_1324_reload  |   in|    8|     ap_none|                                            qh_state_V_1324_reload|        scalar|
|qh_state_V_1325_reload  |   in|    8|     ap_none|                                            qh_state_V_1325_reload|        scalar|
|qh_state_V_1326_reload  |   in|    8|     ap_none|                                            qh_state_V_1326_reload|        scalar|
|qh_state_V_1327_reload  |   in|    8|     ap_none|                                            qh_state_V_1327_reload|        scalar|
|qh_state_V_1328_reload  |   in|    8|     ap_none|                                            qh_state_V_1328_reload|        scalar|
|qh_state_V_1329_reload  |   in|    8|     ap_none|                                            qh_state_V_1329_reload|        scalar|
|qh_state_V_1330_reload  |   in|    8|     ap_none|                                            qh_state_V_1330_reload|        scalar|
|qh_state_V_1331_reload  |   in|    8|     ap_none|                                            qh_state_V_1331_reload|        scalar|
|qh_state_V_1332_reload  |   in|    8|     ap_none|                                            qh_state_V_1332_reload|        scalar|
|qh_state_V_1333_reload  |   in|    8|     ap_none|                                            qh_state_V_1333_reload|        scalar|
|qh_state_V_1334_reload  |   in|    8|     ap_none|                                            qh_state_V_1334_reload|        scalar|
|qh_state_V_1335_reload  |   in|    8|     ap_none|                                            qh_state_V_1335_reload|        scalar|
|qh_state_V_1336_reload  |   in|    8|     ap_none|                                            qh_state_V_1336_reload|        scalar|
|qh_state_V_1337_reload  |   in|    8|     ap_none|                                            qh_state_V_1337_reload|        scalar|
|qh_state_V_1338_reload  |   in|    8|     ap_none|                                            qh_state_V_1338_reload|        scalar|
|qh_state_V_1339_reload  |   in|    8|     ap_none|                                            qh_state_V_1339_reload|        scalar|
|qh_state_V_1340_reload  |   in|    8|     ap_none|                                            qh_state_V_1340_reload|        scalar|
|qh_state_V_1341_reload  |   in|    8|     ap_none|                                            qh_state_V_1341_reload|        scalar|
|qh_state_V_1342_reload  |   in|    8|     ap_none|                                            qh_state_V_1342_reload|        scalar|
|qh_state_V_1343_reload  |   in|    8|     ap_none|                                            qh_state_V_1343_reload|        scalar|
|qh_state_V_1344_reload  |   in|    8|     ap_none|                                            qh_state_V_1344_reload|        scalar|
|qh_state_V_1345_reload  |   in|    8|     ap_none|                                            qh_state_V_1345_reload|        scalar|
|qh_state_V_1346_reload  |   in|    8|     ap_none|                                            qh_state_V_1346_reload|        scalar|
|qh_state_V_1347_reload  |   in|    8|     ap_none|                                            qh_state_V_1347_reload|        scalar|
|qh_state_V_1348_reload  |   in|    8|     ap_none|                                            qh_state_V_1348_reload|        scalar|
|qh_state_V_1349_reload  |   in|    8|     ap_none|                                            qh_state_V_1349_reload|        scalar|
|qh_state_V_1350_reload  |   in|    8|     ap_none|                                            qh_state_V_1350_reload|        scalar|
|qh_state_V_1351_reload  |   in|    8|     ap_none|                                            qh_state_V_1351_reload|        scalar|
|qh_state_V_1352_reload  |   in|    8|     ap_none|                                            qh_state_V_1352_reload|        scalar|
|qh_state_V_1353_reload  |   in|    8|     ap_none|                                            qh_state_V_1353_reload|        scalar|
|qh_state_V_1354_reload  |   in|    8|     ap_none|                                            qh_state_V_1354_reload|        scalar|
|qh_state_V_1355_reload  |   in|    8|     ap_none|                                            qh_state_V_1355_reload|        scalar|
|qh_state_V_1356_reload  |   in|    8|     ap_none|                                            qh_state_V_1356_reload|        scalar|
|qh_state_V_1357_reload  |   in|    8|     ap_none|                                            qh_state_V_1357_reload|        scalar|
|qh_state_V_1358_reload  |   in|    8|     ap_none|                                            qh_state_V_1358_reload|        scalar|
|qh_state_V_1359_reload  |   in|    8|     ap_none|                                            qh_state_V_1359_reload|        scalar|
|qh_state_V_1360_reload  |   in|    8|     ap_none|                                            qh_state_V_1360_reload|        scalar|
|qh_state_V_1361_reload  |   in|    8|     ap_none|                                            qh_state_V_1361_reload|        scalar|
|qh_state_V_1362_reload  |   in|    8|     ap_none|                                            qh_state_V_1362_reload|        scalar|
|qh_state_V_1363_reload  |   in|    8|     ap_none|                                            qh_state_V_1363_reload|        scalar|
|qh_state_V_1364_reload  |   in|    8|     ap_none|                                            qh_state_V_1364_reload|        scalar|
|qh_state_V_1365_reload  |   in|    8|     ap_none|                                            qh_state_V_1365_reload|        scalar|
|qh_state_V_1366_reload  |   in|    8|     ap_none|                                            qh_state_V_1366_reload|        scalar|
|qh_state_V_1367_reload  |   in|    8|     ap_none|                                            qh_state_V_1367_reload|        scalar|
|qh_state_V_1368_reload  |   in|    8|     ap_none|                                            qh_state_V_1368_reload|        scalar|
|qh_state_V_1369_reload  |   in|    8|     ap_none|                                            qh_state_V_1369_reload|        scalar|
|qh_state_V_1370_reload  |   in|    8|     ap_none|                                            qh_state_V_1370_reload|        scalar|
|qh_state_V_1371_reload  |   in|    8|     ap_none|                                            qh_state_V_1371_reload|        scalar|
|qh_state_V_1372_reload  |   in|    8|     ap_none|                                            qh_state_V_1372_reload|        scalar|
|qh_state_V_1373_reload  |   in|    8|     ap_none|                                            qh_state_V_1373_reload|        scalar|
|qh_state_V_1374_reload  |   in|    8|     ap_none|                                            qh_state_V_1374_reload|        scalar|
|qh_state_V_1375_reload  |   in|    8|     ap_none|                                            qh_state_V_1375_reload|        scalar|
|qh_state_V_1376_reload  |   in|    8|     ap_none|                                            qh_state_V_1376_reload|        scalar|
|qh_state_V_1377_reload  |   in|    8|     ap_none|                                            qh_state_V_1377_reload|        scalar|
|qh_state_V_1378_reload  |   in|    8|     ap_none|                                            qh_state_V_1378_reload|        scalar|
|qh_state_V_1379_reload  |   in|    8|     ap_none|                                            qh_state_V_1379_reload|        scalar|
|qh_state_V_1380_reload  |   in|    8|     ap_none|                                            qh_state_V_1380_reload|        scalar|
|qh_state_V_1381_reload  |   in|    8|     ap_none|                                            qh_state_V_1381_reload|        scalar|
|qh_state_V_1382_reload  |   in|    8|     ap_none|                                            qh_state_V_1382_reload|        scalar|
|qh_state_V_1383_reload  |   in|    8|     ap_none|                                            qh_state_V_1383_reload|        scalar|
|qh_state_V_1384_reload  |   in|    8|     ap_none|                                            qh_state_V_1384_reload|        scalar|
|qh_state_V_1385_reload  |   in|    8|     ap_none|                                            qh_state_V_1385_reload|        scalar|
|qh_state_V_1386_reload  |   in|    8|     ap_none|                                            qh_state_V_1386_reload|        scalar|
|qh_state_V_1387_reload  |   in|    8|     ap_none|                                            qh_state_V_1387_reload|        scalar|
|qh_state_V_1388_reload  |   in|    8|     ap_none|                                            qh_state_V_1388_reload|        scalar|
|qh_state_V_1389_reload  |   in|    8|     ap_none|                                            qh_state_V_1389_reload|        scalar|
|qh_state_V_1390_reload  |   in|    8|     ap_none|                                            qh_state_V_1390_reload|        scalar|
|qh_state_V_1391_reload  |   in|    8|     ap_none|                                            qh_state_V_1391_reload|        scalar|
|qh_state_V_1392_reload  |   in|    8|     ap_none|                                            qh_state_V_1392_reload|        scalar|
|qh_state_V_1393_reload  |   in|    8|     ap_none|                                            qh_state_V_1393_reload|        scalar|
|qh_state_V_1394_reload  |   in|    8|     ap_none|                                            qh_state_V_1394_reload|        scalar|
|qh_state_V_1395_reload  |   in|    8|     ap_none|                                            qh_state_V_1395_reload|        scalar|
|qh_state_V_1396_reload  |   in|    8|     ap_none|                                            qh_state_V_1396_reload|        scalar|
|qh_state_V_1397_reload  |   in|    8|     ap_none|                                            qh_state_V_1397_reload|        scalar|
|qh_state_V_1398_reload  |   in|    8|     ap_none|                                            qh_state_V_1398_reload|        scalar|
|qh_state_V_1399_reload  |   in|    8|     ap_none|                                            qh_state_V_1399_reload|        scalar|
|qh_state_V_1400_reload  |   in|    8|     ap_none|                                            qh_state_V_1400_reload|        scalar|
|qh_state_V_1401_reload  |   in|    8|     ap_none|                                            qh_state_V_1401_reload|        scalar|
|qh_state_V_1402_reload  |   in|    8|     ap_none|                                            qh_state_V_1402_reload|        scalar|
|qh_state_V_1403_reload  |   in|    8|     ap_none|                                            qh_state_V_1403_reload|        scalar|
|qh_state_V_1404_reload  |   in|    8|     ap_none|                                            qh_state_V_1404_reload|        scalar|
|qh_state_V_1405_reload  |   in|    8|     ap_none|                                            qh_state_V_1405_reload|        scalar|
|qh_state_V_1406_reload  |   in|    8|     ap_none|                                            qh_state_V_1406_reload|        scalar|
|qh_state_V_1407_reload  |   in|    8|     ap_none|                                            qh_state_V_1407_reload|        scalar|
|qh_state_V_1408_reload  |   in|    8|     ap_none|                                            qh_state_V_1408_reload|        scalar|
|qh_state_V_1409_reload  |   in|    8|     ap_none|                                            qh_state_V_1409_reload|        scalar|
|qh_state_V_1410_reload  |   in|    8|     ap_none|                                            qh_state_V_1410_reload|        scalar|
|qh_state_V_1411_reload  |   in|    8|     ap_none|                                            qh_state_V_1411_reload|        scalar|
|qh_state_V_1412_reload  |   in|    8|     ap_none|                                            qh_state_V_1412_reload|        scalar|
|qh_state_V_1413_reload  |   in|    8|     ap_none|                                            qh_state_V_1413_reload|        scalar|
|qh_state_V_1414_reload  |   in|    8|     ap_none|                                            qh_state_V_1414_reload|        scalar|
|qh_state_V_1415_reload  |   in|    8|     ap_none|                                            qh_state_V_1415_reload|        scalar|
|qh_state_V_1416_reload  |   in|    8|     ap_none|                                            qh_state_V_1416_reload|        scalar|
|qh_state_V_1417_reload  |   in|    8|     ap_none|                                            qh_state_V_1417_reload|        scalar|
|qh_state_V_1418_reload  |   in|    8|     ap_none|                                            qh_state_V_1418_reload|        scalar|
|qh_state_V_1419_reload  |   in|    8|     ap_none|                                            qh_state_V_1419_reload|        scalar|
|qh_state_V_1420_reload  |   in|    8|     ap_none|                                            qh_state_V_1420_reload|        scalar|
|qh_state_V_1421_reload  |   in|    8|     ap_none|                                            qh_state_V_1421_reload|        scalar|
|qh_state_V_1422_reload  |   in|    8|     ap_none|                                            qh_state_V_1422_reload|        scalar|
|qh_state_V_1423_reload  |   in|    8|     ap_none|                                            qh_state_V_1423_reload|        scalar|
|qh_state_V_1424_reload  |   in|    8|     ap_none|                                            qh_state_V_1424_reload|        scalar|
|qh_state_V_1425_reload  |   in|    8|     ap_none|                                            qh_state_V_1425_reload|        scalar|
|qh_state_V_1426_reload  |   in|    8|     ap_none|                                            qh_state_V_1426_reload|        scalar|
|qh_state_V_1427_reload  |   in|    8|     ap_none|                                            qh_state_V_1427_reload|        scalar|
|qh_state_V_1428_reload  |   in|    8|     ap_none|                                            qh_state_V_1428_reload|        scalar|
|qh_state_V_1429_reload  |   in|    8|     ap_none|                                            qh_state_V_1429_reload|        scalar|
|qh_state_V_1430_reload  |   in|    8|     ap_none|                                            qh_state_V_1430_reload|        scalar|
|qh_state_V_1431_reload  |   in|    8|     ap_none|                                            qh_state_V_1431_reload|        scalar|
|qh_state_V_1432_reload  |   in|    8|     ap_none|                                            qh_state_V_1432_reload|        scalar|
|qh_state_V_1433_reload  |   in|    8|     ap_none|                                            qh_state_V_1433_reload|        scalar|
|qh_state_V_1434_reload  |   in|    8|     ap_none|                                            qh_state_V_1434_reload|        scalar|
|qh_state_V_1435_reload  |   in|    8|     ap_none|                                            qh_state_V_1435_reload|        scalar|
|qh_state_V_1436_reload  |   in|    8|     ap_none|                                            qh_state_V_1436_reload|        scalar|
|qh_state_V_1437_reload  |   in|    8|     ap_none|                                            qh_state_V_1437_reload|        scalar|
|qh_state_V_1438_reload  |   in|    8|     ap_none|                                            qh_state_V_1438_reload|        scalar|
|qh_state_V_1439_reload  |   in|    8|     ap_none|                                            qh_state_V_1439_reload|        scalar|
|qh_state_V_1440_reload  |   in|    8|     ap_none|                                            qh_state_V_1440_reload|        scalar|
|qh_state_V_1441_reload  |   in|    8|     ap_none|                                            qh_state_V_1441_reload|        scalar|
|qh_state_V_1442_reload  |   in|    8|     ap_none|                                            qh_state_V_1442_reload|        scalar|
|qh_state_V_1443_reload  |   in|    8|     ap_none|                                            qh_state_V_1443_reload|        scalar|
|qh_state_V_1444_reload  |   in|    8|     ap_none|                                            qh_state_V_1444_reload|        scalar|
|qh_state_V_1445_reload  |   in|    8|     ap_none|                                            qh_state_V_1445_reload|        scalar|
|qh_state_V_1446_reload  |   in|    8|     ap_none|                                            qh_state_V_1446_reload|        scalar|
|qh_state_V_1447_reload  |   in|    8|     ap_none|                                            qh_state_V_1447_reload|        scalar|
|qh_state_V_1448_reload  |   in|    8|     ap_none|                                            qh_state_V_1448_reload|        scalar|
|qh_state_V_1449_reload  |   in|    8|     ap_none|                                            qh_state_V_1449_reload|        scalar|
|qh_state_V_1450_reload  |   in|    8|     ap_none|                                            qh_state_V_1450_reload|        scalar|
|qh_state_V_1451_reload  |   in|    8|     ap_none|                                            qh_state_V_1451_reload|        scalar|
|qh_state_V_1452_reload  |   in|    8|     ap_none|                                            qh_state_V_1452_reload|        scalar|
|qh_state_V_1453_reload  |   in|    8|     ap_none|                                            qh_state_V_1453_reload|        scalar|
|qh_state_V_1454_reload  |   in|    8|     ap_none|                                            qh_state_V_1454_reload|        scalar|
|qh_state_V_1455_reload  |   in|    8|     ap_none|                                            qh_state_V_1455_reload|        scalar|
|qh_state_V_1456_reload  |   in|    8|     ap_none|                                            qh_state_V_1456_reload|        scalar|
|qh_state_V_1457_reload  |   in|    8|     ap_none|                                            qh_state_V_1457_reload|        scalar|
|qh_state_V_1458_reload  |   in|    8|     ap_none|                                            qh_state_V_1458_reload|        scalar|
|qh_state_V_1459_reload  |   in|    8|     ap_none|                                            qh_state_V_1459_reload|        scalar|
|qh_state_V_1460_reload  |   in|    8|     ap_none|                                            qh_state_V_1460_reload|        scalar|
|qh_state_V_1461_reload  |   in|    8|     ap_none|                                            qh_state_V_1461_reload|        scalar|
|qh_state_V_1462_reload  |   in|    8|     ap_none|                                            qh_state_V_1462_reload|        scalar|
|qh_state_V_1463_reload  |   in|    8|     ap_none|                                            qh_state_V_1463_reload|        scalar|
|qh_state_V_1464_reload  |   in|    8|     ap_none|                                            qh_state_V_1464_reload|        scalar|
|qh_state_V_1465_reload  |   in|    8|     ap_none|                                            qh_state_V_1465_reload|        scalar|
|qh_state_V_1466_reload  |   in|    8|     ap_none|                                            qh_state_V_1466_reload|        scalar|
|qh_state_V_1467_reload  |   in|    8|     ap_none|                                            qh_state_V_1467_reload|        scalar|
|qh_state_V_1468_reload  |   in|    8|     ap_none|                                            qh_state_V_1468_reload|        scalar|
|qh_state_V_1469_reload  |   in|    8|     ap_none|                                            qh_state_V_1469_reload|        scalar|
|qh_state_V_1470_reload  |   in|    8|     ap_none|                                            qh_state_V_1470_reload|        scalar|
|qh_state_V_1471_reload  |   in|    8|     ap_none|                                            qh_state_V_1471_reload|        scalar|
|qh_state_V_1472_reload  |   in|    8|     ap_none|                                            qh_state_V_1472_reload|        scalar|
|qh_state_V_1473_reload  |   in|    8|     ap_none|                                            qh_state_V_1473_reload|        scalar|
|qh_state_V_1474_reload  |   in|    8|     ap_none|                                            qh_state_V_1474_reload|        scalar|
|qh_state_V_1475_reload  |   in|    8|     ap_none|                                            qh_state_V_1475_reload|        scalar|
|qh_state_V_1476_reload  |   in|    8|     ap_none|                                            qh_state_V_1476_reload|        scalar|
|qh_state_V_1477_reload  |   in|    8|     ap_none|                                            qh_state_V_1477_reload|        scalar|
|qh_state_V_1478_reload  |   in|    8|     ap_none|                                            qh_state_V_1478_reload|        scalar|
|qh_state_V_1479_reload  |   in|    8|     ap_none|                                            qh_state_V_1479_reload|        scalar|
|qh_state_V_1480_reload  |   in|    8|     ap_none|                                            qh_state_V_1480_reload|        scalar|
|qh_state_V_1481_reload  |   in|    8|     ap_none|                                            qh_state_V_1481_reload|        scalar|
|qh_state_V_1482_reload  |   in|    8|     ap_none|                                            qh_state_V_1482_reload|        scalar|
|qh_state_V_1483_reload  |   in|    8|     ap_none|                                            qh_state_V_1483_reload|        scalar|
|qh_state_V_1484_reload  |   in|    8|     ap_none|                                            qh_state_V_1484_reload|        scalar|
|qh_state_V_1485_reload  |   in|    8|     ap_none|                                            qh_state_V_1485_reload|        scalar|
|qh_state_V_1486_reload  |   in|    8|     ap_none|                                            qh_state_V_1486_reload|        scalar|
|qh_state_V_1487_reload  |   in|    8|     ap_none|                                            qh_state_V_1487_reload|        scalar|
|qh_state_V_1488_reload  |   in|    8|     ap_none|                                            qh_state_V_1488_reload|        scalar|
|qh_state_V_1489_reload  |   in|    8|     ap_none|                                            qh_state_V_1489_reload|        scalar|
|qh_state_V_1490_reload  |   in|    8|     ap_none|                                            qh_state_V_1490_reload|        scalar|
|qh_state_V_1491_reload  |   in|    8|     ap_none|                                            qh_state_V_1491_reload|        scalar|
|qh_state_V_1492_reload  |   in|    8|     ap_none|                                            qh_state_V_1492_reload|        scalar|
|qh_state_V_1493_reload  |   in|    8|     ap_none|                                            qh_state_V_1493_reload|        scalar|
|qh_state_V_1494_reload  |   in|    8|     ap_none|                                            qh_state_V_1494_reload|        scalar|
|qh_state_V_1495_reload  |   in|    8|     ap_none|                                            qh_state_V_1495_reload|        scalar|
|qh_state_V_1496_reload  |   in|    8|     ap_none|                                            qh_state_V_1496_reload|        scalar|
|qh_state_V_1497_reload  |   in|    8|     ap_none|                                            qh_state_V_1497_reload|        scalar|
|qh_state_V_1498_reload  |   in|    8|     ap_none|                                            qh_state_V_1498_reload|        scalar|
|qh_state_V_1499_reload  |   in|    8|     ap_none|                                            qh_state_V_1499_reload|        scalar|
|qh_state_V_1500_reload  |   in|    8|     ap_none|                                            qh_state_V_1500_reload|        scalar|
|qh_state_V_1501_reload  |   in|    8|     ap_none|                                            qh_state_V_1501_reload|        scalar|
|qh_state_V_1502_reload  |   in|    8|     ap_none|                                            qh_state_V_1502_reload|        scalar|
|qh_state_V_1503_reload  |   in|    8|     ap_none|                                            qh_state_V_1503_reload|        scalar|
|qh_state_V_1504_reload  |   in|    8|     ap_none|                                            qh_state_V_1504_reload|        scalar|
|qh_state_V_1505_reload  |   in|    8|     ap_none|                                            qh_state_V_1505_reload|        scalar|
|qh_state_V_1506_reload  |   in|    8|     ap_none|                                            qh_state_V_1506_reload|        scalar|
|qh_state_V_1507_reload  |   in|    8|     ap_none|                                            qh_state_V_1507_reload|        scalar|
|qh_state_V_1508_reload  |   in|    8|     ap_none|                                            qh_state_V_1508_reload|        scalar|
|qh_state_V_1509_reload  |   in|    8|     ap_none|                                            qh_state_V_1509_reload|        scalar|
|qh_state_V_1510_reload  |   in|    8|     ap_none|                                            qh_state_V_1510_reload|        scalar|
|qh_state_V_1511_reload  |   in|    8|     ap_none|                                            qh_state_V_1511_reload|        scalar|
|qh_state_V_1512_reload  |   in|    8|     ap_none|                                            qh_state_V_1512_reload|        scalar|
|qh_state_V_1513_reload  |   in|    8|     ap_none|                                            qh_state_V_1513_reload|        scalar|
|qh_state_V_1514_reload  |   in|    8|     ap_none|                                            qh_state_V_1514_reload|        scalar|
|qh_state_V_1515_reload  |   in|    8|     ap_none|                                            qh_state_V_1515_reload|        scalar|
|qh_state_V_1516_reload  |   in|    8|     ap_none|                                            qh_state_V_1516_reload|        scalar|
|qh_state_V_1517_reload  |   in|    8|     ap_none|                                            qh_state_V_1517_reload|        scalar|
|qh_state_V_1518_reload  |   in|    8|     ap_none|                                            qh_state_V_1518_reload|        scalar|
|qh_state_V_1519_reload  |   in|    8|     ap_none|                                            qh_state_V_1519_reload|        scalar|
|qh_state_V_1520_reload  |   in|    8|     ap_none|                                            qh_state_V_1520_reload|        scalar|
|qh_state_V_1521_reload  |   in|    8|     ap_none|                                            qh_state_V_1521_reload|        scalar|
|qh_state_V_1522_reload  |   in|    8|     ap_none|                                            qh_state_V_1522_reload|        scalar|
|qh_state_V_1523_reload  |   in|    8|     ap_none|                                            qh_state_V_1523_reload|        scalar|
|qh_state_V_1524_reload  |   in|    8|     ap_none|                                            qh_state_V_1524_reload|        scalar|
|qh_state_V_1525_reload  |   in|    8|     ap_none|                                            qh_state_V_1525_reload|        scalar|
|qh_state_V_1526_reload  |   in|    8|     ap_none|                                            qh_state_V_1526_reload|        scalar|
|qh_state_V_1527_reload  |   in|    8|     ap_none|                                            qh_state_V_1527_reload|        scalar|
|qh_state_V_1528_reload  |   in|    8|     ap_none|                                            qh_state_V_1528_reload|        scalar|
|qh_state_V_1529_reload  |   in|    8|     ap_none|                                            qh_state_V_1529_reload|        scalar|
|qh_state_V_1530_reload  |   in|    8|     ap_none|                                            qh_state_V_1530_reload|        scalar|
|qh_state_V_1531_reload  |   in|    8|     ap_none|                                            qh_state_V_1531_reload|        scalar|
|qh_state_V_1532_reload  |   in|    8|     ap_none|                                            qh_state_V_1532_reload|        scalar|
|qh_state_V_1533_reload  |   in|    8|     ap_none|                                            qh_state_V_1533_reload|        scalar|
|qh_state_V_reload       |   in|    8|     ap_none|                                                 qh_state_V_reload|        scalar|
|h_newstate_address0     |  out|    9|   ap_memory|                                                        h_newstate|         array|
|h_newstate_ce0          |  out|    1|   ap_memory|                                                        h_newstate|         array|
|h_newstate_we0          |  out|    1|   ap_memory|                                                        h_newstate|         array|
|h_newstate_d0           |  out|    8|   ap_memory|                                                        h_newstate|         array|
|h_state_V_2_address0    |  out|    9|   ap_memory|                                                       h_state_V_2|         array|
|h_state_V_2_ce0         |  out|    1|   ap_memory|                                                       h_state_V_2|         array|
|h_state_V_2_we0         |  out|    1|   ap_memory|                                                       h_state_V_2|         array|
|h_state_V_2_d0          |  out|    8|   ap_memory|                                                       h_state_V_2|         array|
+------------------------+-----+-----+------------+------------------------------------------------------------------+--------------+

