

================================================================
== Vitis HLS Report for 'gru_static_ap_fixed_8_1_5_3_0_ap_fixed_8_1_5_3_0_config2_b_s'
================================================================
* Date:           Tue Sep 19 13:52:47 2023

* Version:        2022.2 (Build 3670227 on Oct 13 2022)
* Project:        alveo_hls4ml
* Solution:       solution (Vitis Kernel Flow Target)
* Product family: virtexuplus
* Target device:  xcu55c-fsvh2892-2L-e


================================================================
== Performance Estimates
================================================================
+ Timing: 
    * Summary: 
    +--------+---------+----------+------------+
    |  Clock |  Target | Estimated| Uncertainty|
    +--------+---------+----------+------------+
    |ap_clk  |  4.00 ns|  2.882 ns|     1.08 ns|
    +--------+---------+----------+------------+

+ Latency: 
    * Summary: 
    +---------+---------+-----------+----------+-------+--------+---------+
    |  Latency (cycles) |  Latency (absolute)  |    Interval    | Pipeline|
    |   min   |   max   |    min    |    max   |  min  |   max  |   Type  |
    +---------+---------+-----------+----------+-------+--------+---------+
    |    17262|   883114|  69.048 us|  3.532 ms|  17262|  883114|       no|
    +---------+---------+-----------+----------+-------+--------+---------+

    + Detail: 
        * Instance: 
        +----------------------------------------------------------------------------------+----------------------------------------------------------------------+---------+---------+-----------+----------+------+--------+---------+
        |                                                                                  |                                                                      |  Latency (cycles) |  Latency (absolute)  |    Interval   | Pipeline|
        |                                     Instance                                     |                                Module                                |   min   |   max   |    min    |    max   |  min |   max  |   Type  |
        +----------------------------------------------------------------------------------+----------------------------------------------------------------------+---------+---------+-----------+----------+------+--------+---------+
        |grp_gru_static_ap_fixed_ap_fixed_config2_b_Pipeline_VITIS_LOOP_466_1_fu_2552      |gru_static_ap_fixed_ap_fixed_config2_b_Pipeline_VITIS_LOOP_466_1      |      514|      514|   2.056 us|  2.056 us|   514|     514|       no|
        |grp_gru_static_ap_fixed_ap_fixed_config2_b_Pipeline_VITIS_LOOP_472_2_fu_2558      |gru_static_ap_fixed_ap_fixed_config2_b_Pipeline_VITIS_LOOP_472_2      |      514|      514|   2.056 us|  2.056 us|   514|     514|       no|
        |grp_dense_resource_rf_leq_nin_d3_ap_fixed_ap_fixed_8_1_5_3_0_config2_1_s_fu_3076  |dense_resource_rf_leq_nin_d3_ap_fixed_ap_fixed_8_1_5_3_0_config2_1_s  |     1128|    25897|   4.512 us|  0.104 ms|  1128|   25897|       no|
        |grp_dense_resource_rf_leq_nin_d3_ap_fixed_ap_fixed_8_1_5_3_0_config2_2_s_fu_3137  |dense_resource_rf_leq_nin_d3_ap_fixed_ap_fixed_8_1_5_3_0_config2_2_s  |     3073|   266750|  12.292 us|  1.067 ms|  3073|  266750|       no|
        |grp_gru_static_ap_fixed_ap_fixed_config2_b_Pipeline_VITIS_LOOP_483_3_fu_3661      |gru_static_ap_fixed_ap_fixed_config2_b_Pipeline_VITIS_LOOP_483_3      |     1027|     1027|   4.108 us|  4.108 us|  1027|    1027|       no|
        |grp_gru_static_ap_fixed_ap_fixed_config2_b_Pipeline_VITIS_LOOP_468_1_fu_3668      |gru_static_ap_fixed_ap_fixed_config2_b_Pipeline_VITIS_LOOP_468_1      |     1027|     1027|   4.108 us|  4.108 us|  1027|    1027|       no|
        |grp_gru_static_ap_fixed_ap_fixed_config2_b_Pipeline_VITIS_LOOP_496_4_fu_3674      |gru_static_ap_fixed_ap_fixed_config2_b_Pipeline_VITIS_LOOP_496_4      |      515|      515|   2.060 us|  2.060 us|   515|     515|       no|
        |grp_gru_static_ap_fixed_ap_fixed_config2_b_Pipeline_VITIS_LOOP_502_5_fu_3681      |gru_static_ap_fixed_ap_fixed_config2_b_Pipeline_VITIS_LOOP_502_5      |      515|      515|   2.060 us|  2.060 us|   515|     515|       no|
        |grp_gru_static_ap_fixed_ap_fixed_config2_b_Pipeline_VITIS_LOOP_483_1_fu_3688      |gru_static_ap_fixed_ap_fixed_config2_b_Pipeline_VITIS_LOOP_483_1      |      515|      515|   2.060 us|  2.060 us|   515|     515|       no|
        |grp_gru_static_ap_fixed_ap_fixed_config2_b_Pipeline_VITIS_LOOP_513_6_fu_3694      |gru_static_ap_fixed_ap_fixed_config2_b_Pipeline_VITIS_LOOP_513_6      |      517|      517|   2.068 us|  2.068 us|   517|     517|       no|
        +----------------------------------------------------------------------------------+----------------------------------------------------------------------+---------+---------+-----------+----------+------+--------+---------+

        * Loop: 
        +--------------------+---------+---------+---------------+-----------+-----------+------+----------+
        |                    |  Latency (cycles) |   Iteration   |  Initiation Interval  | Trip |          |
        |      Loop Name     |   min   |   max   |    Latency    |  achieved |   target  | Count| Pipelined|
        +--------------------+---------+---------+---------------+-----------+-----------+------+----------+
        |- VITIS_LOOP_426_1  |     3390|    77697|   1130 ~ 25899|          -|          -|     3|        no|
        |- VITIS_LOOP_426_1  |     9225|   800256|  3075 ~ 266752|          -|          -|     3|        no|
        +--------------------+---------+---------+---------------+-----------+-----------+------+----------+



================================================================
== Utilization Estimates
================================================================
* Summary: 
+---------------------+---------+------+---------+---------+-----+
|         Name        | BRAM_18K|  DSP |    FF   |   LUT   | URAM|
+---------------------+---------+------+---------+---------+-----+
|DSP                  |        -|     -|        -|        -|    -|
|Expression           |        -|     -|        0|       36|    -|
|FIFO                 |        -|     -|        -|        -|    -|
|Instance             |       16|     2|    70453|   189518|    0|
|Memory               |        8|     -|        0|        0|    0|
|Multiplexer          |        -|     -|        -|      483|    -|
|Register             |        -|     -|       38|        -|    -|
+---------------------+---------+------+---------+---------+-----+
|Total                |       24|     2|    70491|   190037|    0|
+---------------------+---------+------+---------+---------+-----+
|Available SLR        |     1344|  3008|   869120|   434560|  320|
+---------------------+---------+------+---------+---------+-----+
|Utilization SLR (%)  |        1|    ~0|        8|       43|    0|
+---------------------+---------+------+---------+---------+-----+
|Available            |     4032|  9024|  2607360|  1303680|  960|
+---------------------+---------+------+---------+---------+-----+
|Utilization (%)      |       ~0|    ~0|        2|       14|    0|
+---------------------+---------+------+---------+---------+-----+

+ Detail: 
    * Instance: 
    +----------------------------------------------------------------------------------+----------------------------------------------------------------------+---------+----+-------+-------+-----+
    |                                     Instance                                     |                                Module                                | BRAM_18K| DSP|   FF  |  LUT  | URAM|
    +----------------------------------------------------------------------------------+----------------------------------------------------------------------+---------+----+-------+-------+-----+
    |grp_dense_resource_rf_leq_nin_d3_ap_fixed_ap_fixed_8_1_5_3_0_config2_1_s_fu_3076  |dense_resource_rf_leq_nin_d3_ap_fixed_ap_fixed_8_1_5_3_0_config2_1_s  |        8|   1|  29581|  87808|    0|
    |grp_dense_resource_rf_leq_nin_d3_ap_fixed_ap_fixed_8_1_5_3_0_config2_2_s_fu_3137  |dense_resource_rf_leq_nin_d3_ap_fixed_ap_fixed_8_1_5_3_0_config2_2_s  |        8|   0|  36390|  98242|    0|
    |grp_gru_static_ap_fixed_ap_fixed_config2_b_Pipeline_VITIS_LOOP_466_1_fu_2552      |gru_static_ap_fixed_ap_fixed_config2_b_Pipeline_VITIS_LOOP_466_1      |        0|   0|     12|     55|    0|
    |grp_gru_static_ap_fixed_ap_fixed_config2_b_Pipeline_VITIS_LOOP_468_1_fu_3668      |gru_static_ap_fixed_ap_fixed_config2_b_Pipeline_VITIS_LOOP_468_1      |        0|   0|     46|     93|    0|
    |grp_gru_static_ap_fixed_ap_fixed_config2_b_Pipeline_VITIS_LOOP_472_2_fu_2558      |gru_static_ap_fixed_ap_fixed_config2_b_Pipeline_VITIS_LOOP_472_2      |        0|   0|   4118|     66|    0|
    |grp_gru_static_ap_fixed_ap_fixed_config2_b_Pipeline_VITIS_LOOP_483_1_fu_3688      |gru_static_ap_fixed_ap_fixed_config2_b_Pipeline_VITIS_LOOP_483_1      |        0|   0|     43|    126|    0|
    |grp_gru_static_ap_fixed_ap_fixed_config2_b_Pipeline_VITIS_LOOP_483_3_fu_3661      |gru_static_ap_fixed_ap_fixed_config2_b_Pipeline_VITIS_LOOP_483_3      |        0|   0|     46|     83|    0|
    |grp_gru_static_ap_fixed_ap_fixed_config2_b_Pipeline_VITIS_LOOP_496_4_fu_3674      |gru_static_ap_fixed_ap_fixed_config2_b_Pipeline_VITIS_LOOP_496_4      |        0|   0|     43|    117|    0|
    |grp_gru_static_ap_fixed_ap_fixed_config2_b_Pipeline_VITIS_LOOP_502_5_fu_3681      |gru_static_ap_fixed_ap_fixed_config2_b_Pipeline_VITIS_LOOP_502_5      |        0|   0|     43|     81|    0|
    |grp_gru_static_ap_fixed_ap_fixed_config2_b_Pipeline_VITIS_LOOP_513_6_fu_3694      |gru_static_ap_fixed_ap_fixed_config2_b_Pipeline_VITIS_LOOP_513_6      |        0|   1|    131|   2847|    0|
    +----------------------------------------------------------------------------------+----------------------------------------------------------------------+---------+----+-------+-------+-----+
    |Total                                                                             |                                                                      |       16|   2|  70453| 189518|    0|
    +----------------------------------------------------------------------------------+----------------------------------------------------------------------+---------+----+-------+-------+-----+

    * DSP: 
    N/A

    * Memory: 
    +--------------------+----------------------------------------------------------------------------------+---------+---+----+-----+------+-----+------+-------------+
    |       Memory       |                                      Module                                      | BRAM_18K| FF| LUT| URAM| Words| Bits| Banks| W*Bits*Banks|
    +--------------------+----------------------------------------------------------------------------------+---------+---+----+-----+------+-----+------+-------------+
    |h_state_V_1_U       |gru_static_ap_fixed_8_1_5_3_0_ap_fixed_8_1_5_3_0_config2_b_s_h_state_V_1_RAM_mb6  |        1|  0|   0|    0|   512|    8|     1|         4096|
    |tmpres_U            |gru_static_ap_fixed_8_1_5_3_0_ap_fixed_8_1_5_3_0_config2_b_s_tmpres_RAM_AUTO_ncg  |        1|  0|   0|    0|  1536|    8|     1|        12288|
    |tmpres_state_zr_U   |gru_static_ap_fixed_8_1_5_3_0_ap_fixed_8_1_5_3_0_config2_b_s_tmpres_RAM_AUTO_ncg  |        1|  0|   0|    0|  1536|    8|     1|        12288|
    |tmpres_state_h_V_U  |gru_static_ap_fixed_8_1_5_3_0_ap_fixed_8_1_5_3_0_config2_b_s_tmpres_state_h_VpcA  |        1|  0|   0|    0|   512|    8|     1|         4096|
    |tmpres_h_V_U        |gru_static_ap_fixed_8_1_5_3_0_ap_fixed_8_1_5_3_0_config2_b_s_tmpres_state_h_VpcA  |        1|  0|   0|    0|   512|    8|     1|         4096|
    |inputacc_h_V_U      |gru_static_ap_fixed_8_1_5_3_0_ap_fixed_8_1_5_3_0_config2_b_s_tmpres_state_h_VpcA  |        1|  0|   0|    0|   512|    8|     1|         4096|
    |tmpres_zr_V_U       |gru_static_ap_fixed_8_1_5_3_0_ap_fixed_8_1_5_3_0_config2_b_s_tmpres_zr_V_RAM_qcK  |        1|  0|   0|    0|  1024|    8|     1|         8192|
    |inputacc_zr_V_U     |gru_static_ap_fixed_8_1_5_3_0_ap_fixed_8_1_5_3_0_config2_b_s_tmpres_zr_V_RAM_qcK  |        1|  0|   0|    0|  1024|    8|     1|         8192|
    +--------------------+----------------------------------------------------------------------------------+---------+---+----+-----+------+-----+------+-------------+
    |Total               |                                                                                  |        8|  0|   0|    0|  7168|   64|     8|        57344|
    +--------------------+----------------------------------------------------------------------------------+---------+---+----+-----+------+-----+------+-------------+

    * FIFO: 
    N/A

    * Expression: 
    +---------------------------------+----------+----+---+----+------------+------------+
    |          Variable Name          | Operation| DSP| FF| LUT| Bitwidth P0| Bitwidth P1|
    +---------------------------------+----------+----+---+----+------------+------------+
    |count_10_fu_5793_p2              |         +|   0|  0|   9|           2|           1|
    |count_8_fu_5767_p2               |         +|   0|  0|   9|           2|           1|
    |ap_block_state2_on_subcall_done  |       and|   0|  0|   2|           1|           1|
    |icmp_ln426_2_fu_5787_p2          |      icmp|   0|  0|   8|           2|           2|
    |icmp_ln426_fu_5761_p2            |      icmp|   0|  0|   8|           2|           2|
    +---------------------------------+----------+----+---+----+------------+------------+
    |Total                            |          |   0|  0|  36|           9|           7|
    +---------------------------------+----------+----+---+----+------------+------------+

    * Multiplexer: 
    +---------------------------+-----+-----------+-----+-----------+
    |            Name           | LUT | Input Size| Bits| Total Bits|
    +---------------------------+-----+-----------+-----+-----------+
    |ap_NS_fsm                  |  102|         21|    1|         21|
    |count_5_fu_2248            |    9|          2|    2|          4|
    |count_fu_2244              |    9|          2|    2|          4|
    |h_state_V_1_address0       |   20|          4|    9|         36|
    |h_state_V_1_ce0            |   20|          4|    1|          4|
    |h_state_V_1_d0             |   14|          3|    8|         24|
    |h_state_V_1_we0            |   14|          3|    1|          3|
    |inputacc_h_V_address0      |   14|          3|    9|         27|
    |inputacc_h_V_ce0           |   14|          3|    1|          3|
    |inputacc_h_V_we0           |    9|          2|    1|          2|
    |inputacc_zr_V_address0     |   14|          3|   10|         30|
    |inputacc_zr_V_ce0          |   14|          3|    1|          3|
    |inputacc_zr_V_we0          |    9|          2|    1|          2|
    |tmpres_address0            |   20|          4|   11|         44|
    |tmpres_ce0                 |   20|          4|    1|          4|
    |tmpres_h_V_address0        |   14|          3|    9|         27|
    |tmpres_h_V_ce0             |   14|          3|    1|          3|
    |tmpres_h_V_we0             |    9|          2|    1|          2|
    |tmpres_state_h_V_address0  |   14|          3|    9|         27|
    |tmpres_state_h_V_ce0       |   14|          3|    1|          3|
    |tmpres_state_h_V_we0       |    9|          2|    1|          2|
    |tmpres_state_zr_address0   |   20|          4|   11|         44|
    |tmpres_state_zr_ce0        |   20|          4|    1|          4|
    |tmpres_state_zr_we0        |    9|          2|    1|          2|
    |tmpres_we0                 |    9|          2|    1|          2|
    |tmpres_zr_V_address0       |   20|          4|   10|         40|
    |tmpres_zr_V_ce0            |   20|          4|    1|          4|
    |tmpres_zr_V_we0            |    9|          2|    1|          2|
    +---------------------------+-----+-----------+-----+-----------+
    |Total                      |  483|        101|  107|        373|
    +---------------------------+-----+-----------+-----+-----------+

    * Register: 
    +-----------------------------------------------------------------------------------------------+----+----+-----+-----------+
    |                                              Name                                             | FF | LUT| Bits| Const Bits|
    +-----------------------------------------------------------------------------------------------+----+----+-----+-----------+
    |ap_CS_fsm                                                                                      |  20|   0|   20|          0|
    |count_5_fu_2248                                                                                |   2|   0|    2|          0|
    |count_7_reg_10668                                                                              |   2|   0|    2|          0|
    |count_9_reg_10683                                                                              |   2|   0|    2|          0|
    |count_fu_2244                                                                                  |   2|   0|    2|          0|
    |grp_dense_resource_rf_leq_nin_d3_ap_fixed_ap_fixed_8_1_5_3_0_config2_1_s_fu_3076_ap_start_reg  |   1|   0|    1|          0|
    |grp_dense_resource_rf_leq_nin_d3_ap_fixed_ap_fixed_8_1_5_3_0_config2_2_s_fu_3137_ap_start_reg  |   1|   0|    1|          0|
    |grp_gru_static_ap_fixed_ap_fixed_config2_b_Pipeline_VITIS_LOOP_466_1_fu_2552_ap_start_reg      |   1|   0|    1|          0|
    |grp_gru_static_ap_fixed_ap_fixed_config2_b_Pipeline_VITIS_LOOP_468_1_fu_3668_ap_start_reg      |   1|   0|    1|          0|
    |grp_gru_static_ap_fixed_ap_fixed_config2_b_Pipeline_VITIS_LOOP_472_2_fu_2558_ap_start_reg      |   1|   0|    1|          0|
    |grp_gru_static_ap_fixed_ap_fixed_config2_b_Pipeline_VITIS_LOOP_483_1_fu_3688_ap_start_reg      |   1|   0|    1|          0|
    |grp_gru_static_ap_fixed_ap_fixed_config2_b_Pipeline_VITIS_LOOP_483_3_fu_3661_ap_start_reg      |   1|   0|    1|          0|
    |grp_gru_static_ap_fixed_ap_fixed_config2_b_Pipeline_VITIS_LOOP_496_4_fu_3674_ap_start_reg      |   1|   0|    1|          0|
    |grp_gru_static_ap_fixed_ap_fixed_config2_b_Pipeline_VITIS_LOOP_502_5_fu_3681_ap_start_reg      |   1|   0|    1|          0|
    |grp_gru_static_ap_fixed_ap_fixed_config2_b_Pipeline_VITIS_LOOP_513_6_fu_3694_ap_start_reg      |   1|   0|    1|          0|
    +-----------------------------------------------------------------------------------------------+----+----+-----+-----------+
    |Total                                                                                          |  38|   0|   38|          0|
    +-----------------------------------------------------------------------------------------------+----+----+-----+-----------+



================================================================
== Interface
================================================================
* Summary: 
+---------------------+-----+------+------------+-------------------------------------------------------------------------+--------------+
|      RTL Ports      | Dir | Bits |  Protocol  |                              Source Object                              |    C Type    |
+---------------------+-----+------+------------+-------------------------------------------------------------------------+--------------+
|ap_clk               |   in|     1|  ap_ctrl_hs|  gru_static<ap_fixed<8, 1, 5, 3, 0>, ap_fixed<8, 1, 5, 3, 0>, config2_b>|  return value|
|ap_rst               |   in|     1|  ap_ctrl_hs|  gru_static<ap_fixed<8, 1, 5, 3, 0>, ap_fixed<8, 1, 5, 3, 0>, config2_b>|  return value|
|ap_start             |   in|     1|  ap_ctrl_hs|  gru_static<ap_fixed<8, 1, 5, 3, 0>, ap_fixed<8, 1, 5, 3, 0>, config2_b>|  return value|
|ap_done              |  out|     1|  ap_ctrl_hs|  gru_static<ap_fixed<8, 1, 5, 3, 0>, ap_fixed<8, 1, 5, 3, 0>, config2_b>|  return value|
|ap_idle              |  out|     1|  ap_ctrl_hs|  gru_static<ap_fixed<8, 1, 5, 3, 0>, ap_fixed<8, 1, 5, 3, 0>, config2_b>|  return value|
|ap_ready             |  out|     1|  ap_ctrl_hs|  gru_static<ap_fixed<8, 1, 5, 3, 0>, ap_fixed<8, 1, 5, 3, 0>, config2_b>|  return value|
|reset_state          |   in|     1|     ap_none|                                                              reset_state|        scalar|
|p_read               |   in|     8|     ap_none|                                                                   p_read|        scalar|
|p_read1              |   in|     8|     ap_none|                                                                  p_read1|        scalar|
|p_read2              |   in|     8|     ap_none|                                                                  p_read2|        scalar|
|p_read3              |   in|     8|     ap_none|                                                                  p_read3|        scalar|
|p_read4              |   in|     8|     ap_none|                                                                  p_read4|        scalar|
|p_read5              |   in|     8|     ap_none|                                                                  p_read5|        scalar|
|p_read6              |   in|     8|     ap_none|                                                                  p_read6|        scalar|
|p_read7              |   in|     8|     ap_none|                                                                  p_read7|        scalar|
|p_read8              |   in|     8|     ap_none|                                                                  p_read8|        scalar|
|p_read9              |   in|     8|     ap_none|                                                                  p_read9|        scalar|
|p_read10             |   in|     8|     ap_none|                                                                 p_read10|        scalar|
|p_read11             |   in|     8|     ap_none|                                                                 p_read11|        scalar|
|p_read12             |   in|     8|     ap_none|                                                                 p_read12|        scalar|
|p_read13             |   in|     8|     ap_none|                                                                 p_read13|        scalar|
|p_read14             |   in|     8|     ap_none|                                                                 p_read14|        scalar|
|p_read15             |   in|     8|     ap_none|                                                                 p_read15|        scalar|
|p_read16             |   in|     8|     ap_none|                                                                 p_read16|        scalar|
|p_read17             |   in|     8|     ap_none|                                                                 p_read17|        scalar|
|p_read18             |   in|     8|     ap_none|                                                                 p_read18|        scalar|
|p_read19             |   in|     8|     ap_none|                                                                 p_read19|        scalar|
|p_read20             |   in|     8|     ap_none|                                                                 p_read20|        scalar|
|p_read21             |   in|     8|     ap_none|                                                                 p_read21|        scalar|
|p_read22             |   in|     8|     ap_none|                                                                 p_read22|        scalar|
|p_read23             |   in|     8|     ap_none|                                                                 p_read23|        scalar|
|p_read24             |   in|     8|     ap_none|                                                                 p_read24|        scalar|
|p_read25             |   in|     8|     ap_none|                                                                 p_read25|        scalar|
|p_read26             |   in|     8|     ap_none|                                                                 p_read26|        scalar|
|p_read27             |   in|     8|     ap_none|                                                                 p_read27|        scalar|
|p_read28             |   in|     8|     ap_none|                                                                 p_read28|        scalar|
|p_read29             |   in|     8|     ap_none|                                                                 p_read29|        scalar|
|p_read30             |   in|     8|     ap_none|                                                                 p_read30|        scalar|
|p_read31             |   in|     8|     ap_none|                                                                 p_read31|        scalar|
|p_read32             |   in|     8|     ap_none|                                                                 p_read32|        scalar|
|p_read33             |   in|     8|     ap_none|                                                                 p_read33|        scalar|
|p_read34             |   in|     8|     ap_none|                                                                 p_read34|        scalar|
|p_read35             |   in|     8|     ap_none|                                                                 p_read35|        scalar|
|p_read36             |   in|     8|     ap_none|                                                                 p_read36|        scalar|
|p_read37             |   in|     8|     ap_none|                                                                 p_read37|        scalar|
|p_read38             |   in|     8|     ap_none|                                                                 p_read38|        scalar|
|p_read39             |   in|     8|     ap_none|                                                                 p_read39|        scalar|
|p_read40             |   in|     8|     ap_none|                                                                 p_read40|        scalar|
|p_read41             |   in|     8|     ap_none|                                                                 p_read41|        scalar|
|p_read42             |   in|     8|     ap_none|                                                                 p_read42|        scalar|
|p_read43             |   in|     8|     ap_none|                                                                 p_read43|        scalar|
|p_read44             |   in|     8|     ap_none|                                                                 p_read44|        scalar|
|p_read45             |   in|     8|     ap_none|                                                                 p_read45|        scalar|
|p_read46             |   in|     8|     ap_none|                                                                 p_read46|        scalar|
|p_read47             |   in|     8|     ap_none|                                                                 p_read47|        scalar|
|p_read48             |   in|     8|     ap_none|                                                                 p_read48|        scalar|
|h_newstate_address0  |  out|     9|   ap_memory|                                                               h_newstate|         array|
|h_newstate_ce0       |  out|     1|   ap_memory|                                                               h_newstate|         array|
|h_newstate_we0       |  out|     1|   ap_memory|                                                               h_newstate|         array|
|h_newstate_d0        |  out|     8|   ap_memory|                                                               h_newstate|         array|
|bw2_v1_address0      |  out|     6|   ap_memory|                                                                   bw2_v1|         array|
|bw2_v1_ce0           |  out|     1|   ap_memory|                                                                   bw2_v1|         array|
|bw2_v1_q0            |   in|  4096|   ap_memory|                                                                   bw2_v1|         array|
|bw2_v2_address0      |  out|     6|   ap_memory|                                                                   bw2_v2|         array|
|bw2_v2_ce0           |  out|     1|   ap_memory|                                                                   bw2_v2|         array|
|bw2_v2_q0            |   in|  4096|   ap_memory|                                                                   bw2_v2|         array|
|bw2_v3_address0      |  out|     6|   ap_memory|                                                                   bw2_v3|         array|
|bw2_v3_ce0           |  out|     1|   ap_memory|                                                                   bw2_v3|         array|
|bw2_v3_q0            |   in|  4096|   ap_memory|                                                                   bw2_v3|         array|
|bwr2_v1_address0     |  out|     9|   ap_memory|                                                                  bwr2_v1|         array|
|bwr2_v1_ce0          |  out|     1|   ap_memory|                                                                  bwr2_v1|         array|
|bwr2_v1_q0           |   in|  4096|   ap_memory|                                                                  bwr2_v1|         array|
|bwr2_v2_address0     |  out|     9|   ap_memory|                                                                  bwr2_v2|         array|
|bwr2_v2_ce0          |  out|     1|   ap_memory|                                                                  bwr2_v2|         array|
|bwr2_v2_q0           |   in|  4096|   ap_memory|                                                                  bwr2_v2|         array|
|bwr2_v3_address0     |  out|     9|   ap_memory|                                                                  bwr2_v3|         array|
|bwr2_v3_ce0          |  out|     1|   ap_memory|                                                                  bwr2_v3|         array|
|bwr2_v3_q0           |   in|  4096|   ap_memory|                                                                  bwr2_v3|         array|
+---------------------+-----+------+------------+-------------------------------------------------------------------------+--------------+

